Component: ARM Compiler 5.06 update 6 (build 750) Tool: armlink [4d35ed]

==============================================================================

Section Cross References

    startup_stm32f103xe.o(STACK) refers (Special) to heapauxi.o(.text) for __use_two_region_memory
    startup_stm32f103xe.o(HEAP) refers (Special) to heapauxi.o(.text) for __use_two_region_memory
    startup_stm32f103xe.o(RESET) refers (Special) to heapauxi.o(.text) for __use_two_region_memory
    startup_stm32f103xe.o(RESET) refers to startup_stm32f103xe.o(STACK) for __initial_sp
    startup_stm32f103xe.o(RESET) refers to startup_stm32f103xe.o(.text) for Reset_Handler
    startup_stm32f103xe.o(RESET) refers to stm32f1xx_it.o(i.NMI_Handler) for NMI_Handler
    startup_stm32f103xe.o(RESET) refers to stm32f1xx_it.o(i.HardFault_Handler) for HardFault_Handler
    startup_stm32f103xe.o(RESET) refers to stm32f1xx_it.o(i.MemManage_Handler) for MemManage_Handler
    startup_stm32f103xe.o(RESET) refers to stm32f1xx_it.o(i.BusFault_Handler) for BusFault_Handler
    startup_stm32f103xe.o(RESET) refers to stm32f1xx_it.o(i.UsageFault_Handler) for UsageFault_Handler
    startup_stm32f103xe.o(RESET) refers to stm32f1xx_it.o(i.SVC_Handler) for SVC_Handler
    startup_stm32f103xe.o(RESET) refers to stm32f1xx_it.o(i.DebugMon_Handler) for DebugMon_Handler
    startup_stm32f103xe.o(RESET) refers to stm32f1xx_it.o(i.PendSV_Handler) for PendSV_Handler
    startup_stm32f103xe.o(RESET) refers to stm32f1xx_it.o(i.SysTick_Handler) for SysTick_Handler
    startup_stm32f103xe.o(RESET) refers to stm32f1xx_it.o(i.DMA1_Channel3_IRQHandler) for DMA1_Channel3_IRQHandler
    startup_stm32f103xe.o(RESET) refers to stm32f1xx_it.o(i.DMA1_Channel6_IRQHandler) for DMA1_Channel6_IRQHandler
    startup_stm32f103xe.o(RESET) refers to stm32f1xx_it.o(i.USART2_IRQHandler) for USART2_IRQHandler
    startup_stm32f103xe.o(.text) refers (Special) to heapauxi.o(.text) for __use_two_region_memory
    startup_stm32f103xe.o(.text) refers to system_stm32f1xx.o(i.SystemInit) for SystemInit
    startup_stm32f103xe.o(.text) refers to __main.o(!!!main) for __main
    startup_stm32f103xe.o(.text) refers to startup_stm32f103xe.o(HEAP) for Heap_Mem
    startup_stm32f103xe.o(.text) refers to startup_stm32f103xe.o(STACK) for Stack_Mem
    main.o(i.SystemClock_Config) refers to rt_memclr_w.o(.text) for __aeabi_memclr4
    main.o(i.SystemClock_Config) refers to stm32f1xx_hal_rcc.o(i.HAL_RCC_OscConfig) for HAL_RCC_OscConfig
    main.o(i.SystemClock_Config) refers to main.o(i.Error_Handler) for Error_Handler
    main.o(i.SystemClock_Config) refers to stm32f1xx_hal_rcc.o(i.HAL_RCC_ClockConfig) for HAL_RCC_ClockConfig
    main.o(i.main) refers to stm32f1xx_hal.o(i.HAL_Init) for HAL_Init
    main.o(i.main) refers to main.o(i.SystemClock_Config) for SystemClock_Config
    main.o(i.main) refers to gpio.o(i.MX_GPIO_Init) for MX_GPIO_Init
    main.o(i.main) refers to dma.o(i.MX_DMA_Init) for MX_DMA_Init
    main.o(i.main) refers to usart.o(i.MX_USART2_UART_Init) for MX_USART2_UART_Init
    main.o(i.main) refers to usart.o(i.MX_USART3_UART_Init) for MX_USART3_UART_Init
    main.o(i.main) refers to driver_a7680c.o(i.U2_Init) for U2_Init
    main.o(i.main) refers to stm32f1xx_hal.o(i.HAL_GetTick) for HAL_GetTick
    main.o(i.main) refers to middle_ringbuff.o(i.RingBuff_Process) for RingBuff_Process
    main.o(i.main) refers to main.o(.data) for last_1ms
    main.o(i.main) refers to driver_a7680c.o(i.U2_RxText_CallBack) for U2_RxText_CallBack
    main.o(i.main) refers to driver_a7680c.o(.bss) for u2_databuf
    gpio.o(i.MX_GPIO_Init) refers to stm32f1xx_hal_gpio.o(i.HAL_GPIO_WritePin) for HAL_GPIO_WritePin
    gpio.o(i.MX_GPIO_Init) refers to stm32f1xx_hal_gpio.o(i.HAL_GPIO_Init) for HAL_GPIO_Init
    dma.o(i.MX_DMA_Init) refers to stm32f1xx_hal_cortex.o(i.HAL_NVIC_SetPriority) for HAL_NVIC_SetPriority
    dma.o(i.MX_DMA_Init) refers to stm32f1xx_hal_cortex.o(i.HAL_NVIC_EnableIRQ) for HAL_NVIC_EnableIRQ
    usart.o(i.HAL_UART_MspDeInit) refers to stm32f1xx_hal_gpio.o(i.HAL_GPIO_DeInit) for HAL_GPIO_DeInit
    usart.o(i.HAL_UART_MspDeInit) refers to stm32f1xx_hal_dma.o(i.HAL_DMA_DeInit) for HAL_DMA_DeInit
    usart.o(i.HAL_UART_MspDeInit) refers to stm32f1xx_hal_cortex.o(i.HAL_NVIC_DisableIRQ) for HAL_NVIC_DisableIRQ
    usart.o(i.HAL_UART_MspInit) refers to stm32f1xx_hal_gpio.o(i.HAL_GPIO_Init) for HAL_GPIO_Init
    usart.o(i.HAL_UART_MspInit) refers to stm32f1xx_hal_dma.o(i.HAL_DMA_Init) for HAL_DMA_Init
    usart.o(i.HAL_UART_MspInit) refers to main.o(i.Error_Handler) for Error_Handler
    usart.o(i.HAL_UART_MspInit) refers to stm32f1xx_hal_cortex.o(i.HAL_NVIC_SetPriority) for HAL_NVIC_SetPriority
    usart.o(i.HAL_UART_MspInit) refers to stm32f1xx_hal_cortex.o(i.HAL_NVIC_EnableIRQ) for HAL_NVIC_EnableIRQ
    usart.o(i.HAL_UART_MspInit) refers to usart.o(.bss) for hdma_usart2_rx
    usart.o(i.MX_USART2_UART_Init) refers to stm32f1xx_hal_uart.o(i.HAL_UART_Init) for HAL_UART_Init
[...]
    .ARM.Collect$$rtexit$$00000004           0x08000270   Section        6  rtexit2.o(.ARM.Collect$$rtexit$$00000004)
    .text                                    0x08000278   Section       64  startup_stm32f103xe.o(.text)
    .text                                    0x080002b8   Section        0  vsprintf.o(.text)
    .text                                    0x080002dc   Section        0  _printf_str.o(.text)
    .text                                    0x08000330   Section        0  _printf_dec.o(.text)
    .text                                    0x080003a8   Section        0  __printf_flags_ss_wp.o(.text)
    .text                                    0x08000530   Section        0  strlen.o(.text)
    .text                                    0x0800056e   Section      138  rt_memcpy_v6.o(.text)
    .text                                    0x080005f8   Section       78  rt_memclr_w.o(.text)
    .text                                    0x08000646   Section        0  heapauxi.o(.text)
    .text                                    0x0800064c   Section        0  _printf_pad.o(.text)
    .text                                    0x0800069a   Section        0  _printf_truncate.o(.text)
    .text                                    0x080006be   Section        0  _printf_intcommon.o(.text)
    .text                                    0x08000770   Section        0  _printf_charcount.o(.text)
    .text                                    0x08000798   Section        0  _printf_char_common.o(.text)
    _printf_input_char                       0x08000799   Thumb Code    10  _printf_char_common.o(.text)
    .text                                    0x080007c8   Section        0  _sputc.o(.text)
    .text                                    0x080007d2   Section        0  _printf_char.o(.text)
    .text                                    0x08000800   Section        0  _printf_wctomb.o(.text)
    .text                                    0x080008bc   Section        0  _printf_longlong_dec.o(.text)
    .text                                    0x08000938   Section        0  _printf_oct_int_ll.o(.text)
    _printf_longlong_oct_internal            0x08000939   Thumb Code     0  _printf_oct_int_ll.o(.text)
    .text                                    0x080009a8   Section        0  _printf_hex_int_ll_ptr.o(.text)
    _printf_hex_common                       0x080009a9   Thumb Code     0  _printf_hex_int_ll_ptr.o(.text)
    .text                                    0x08000a3c   Section      100  rt_memcpy_w.o(.text)
    .text                                    0x08000aa0   Section      138  lludiv10.o(.text)
    .text                                    0x08000b2a   Section        0  _printf_fp_dec.o(.text)
    _fp_digits                               0x08000b2d   Thumb Code   432  _printf_fp_dec.o(.text)
    .text                                    0x08000f48   Section        0  _printf_fp_hex.o(.text)
    .text                                    0x08001244   Section        0  _printf_wchar.o(.text)
    .text                                    0x08001270   Section        0  _wcrtomb.o(.text)
    .text                                    0x080012b0   Section       74  sys_stackheap_outer.o(.text)
    .text                                    0x080012fc   Section       16  rt_ctype_table.o(.text)
    .text                                    0x0800130c   Section        8  rt_locale_intlibspace.o(.text)
    .text                                    0x08001314   Section        0  _printf_fp_infnan.o(.text)
    .text                                    0x08001394   Section        0  bigflt0.o(.text)
    .text                                    0x08001478   Section        0  exit.o(.text)
    .text                                    0x0800148c   Section        8  libspace.o(.text)
    .text                                    0x08001494   Section      128  strcmpv7m.o(.text)
    .text                                    0x08001514   Section        0  sys_exit.o(.text)
    .text                                    0x08001520   Section        2  use_no_semi.o(.text)
    .text                                    0x08001522   Section        0  indicate_semi.o(.text)
    CL$$btod_d2e                             0x08001522   Section       62  btod.o(CL$$btod_d2e)
    CL$$btod_d2e_denorm_low                  0x08001560   Section       70  btod.o(CL$$btod_d2e_denorm_low)
    CL$$btod_d2e_norm_op1                    0x080015a6   Section       96  btod.o(CL$$btod_d2e_norm_op1)
    CL$$btod_div_common                      0x08001606   Section      824  btod.o(CL$$btod_div_common)
    CL$$btod_e2e                             0x0800193e   Section      220  btod.o(CL$$btod_e2e)
    CL$$btod_ediv                            0x08001a1a   Section       42  btod.o(CL$$btod_ediv)
    CL$$btod_emul                            0x08001a44   Section       42  btod.o(CL$$btod_emul)
    CL$$btod_mult_common                     0x08001a6e   Section      580  btod.o(CL$$btod_mult_common)
    i.BusFault_Handler                       0x08001cb2   Section        0  stm32f1xx_it.o(i.BusFault_Handler)
    i.DMA1_Channel3_IRQHandler               0x08001cb8   Section        0  stm32f1xx_it.o(i.DMA1_Channel3_IRQHandler)
    i.DMA1_Channel6_IRQHandler               0x08001cc8   Section        0  stm32f1xx_it.o(i.DMA1_Channel6_IRQHandler)
    i.DMA_SetConfig                          0x08001cd8   Section        0  stm32f1xx_hal_dma.o(i.DMA_SetConfig)
    DMA_SetConfig                            0x08001cd9   Thumb Code    44  stm32f1xx_hal_dma.o(i.DMA_SetConfig)
    i.DebugMon_Handler                       0x08001d04   Section        0  stm32f1xx_it.o(i.DebugMon_Handler)
    i.Error_Handler                          0x08001d06   Section        0  main.o(i.Error_Handler)
    i.HAL_DMA_Abort                          0x08001d0c   Section        0  stm32f1xx_hal_dma.o(i.HAL_DMA_Abort)
    i.HAL_DMA_Abort_IT                       0x08001d64   Section        0  stm32f1xx_hal_dma.o(i.HAL_DMA_Abort_IT)
    i.HAL_DMA_GetError                       0x08001f0c   Section        0  stm32f1xx_hal_dma.o(i.HAL_DMA_GetError)
    i.HAL_DMA_IRQHandler                     0x08001f14   Section        0  stm32f1xx_hal_dma.o(i.HAL_DMA_IRQHandler)
    i.HAL_DMA_Init                           0x080022ac   Section        0  stm32f1xx_hal_dma.o(i.HAL_DMA_Init)
    i.HAL_DMA_Start_IT                       0x08002338   Section        0  stm32f1xx_hal_dma.o(i.HAL_DMA_Start_IT)
    i.HAL_GPIO_Init                          0x080023d4   Section        0  stm32f1xx_hal_gpio.o(i.HAL_GPIO_Init)
    i.HAL_GPIO_WritePin                      0x08002714   Section        0  stm32f1xx_hal_gpio.o(i.HAL_GPIO_WritePin)
    i.HAL_GetTick                            0x08002720   Section        0  stm32f1xx_hal.o(i.HAL_GetTick)
    i.HAL_IncTick                            0x0800272c   Section        0  stm32f1xx_hal.o(i.HAL_IncTick)
    i.HAL_Init                               0x08002744   Section        0  stm32f1xx_hal.o(i.HAL_Init)
    i.HAL_InitTick                           0x0800276c   Section        0  stm32f1xx_hal.o(i.HAL_InitTick)
    i.HAL_MspInit                            0x080027b8   Section        0  stm32f1xx_hal_msp.o(i.HAL_MspInit)
    i.HAL_NVIC_EnableIRQ                     0x0800280c   Section        0  stm32f1xx_hal_cortex.o(i.HAL_NVIC_EnableIRQ)
    i.HAL_NVIC_SetPriority                   0x0800282c   Section        0  stm32f1xx_hal_cortex.o(i.HAL_NVIC_SetPriority)
    i.HAL_NVIC_SetPriorityGrouping           0x080028a8   Section        0  stm32f1xx_hal_cortex.o(i.HAL_NVIC_SetPriorityGrouping)
    i.HAL_RCC_ClockConfig                    0x080028d0   Section        0  stm32f1xx_hal_rcc.o(i.HAL_RCC_ClockConfig)
    i.HAL_RCC_GetHCLKFreq                    0x08002a5c   Section        0  stm32f1xx_hal_rcc.o(i.HAL_RCC_GetHCLKFreq)
    i.HAL_RCC_GetPCLK1Freq                   0x08002a68   Section        0  stm32f1xx_hal_rcc.o(i.HAL_RCC_GetPCLK1Freq)
    i.HAL_RCC_GetPCLK2Freq                   0x08002a88   Section        0  stm32f1xx_hal_rcc.o(i.HAL_RCC_GetPCLK2Freq)
    i.HAL_RCC_GetSysClockFreq                0x08002aa8   Section        0  stm32f1xx_hal_rcc.o(i.HAL_RCC_GetSysClockFreq)
    i.HAL_RCC_OscConfig                      0x08002b18   Section        0  stm32f1xx_hal_rcc.o(i.HAL_RCC_OscConfig)
    i.HAL_SYSTICK_Config                     0x08002f7c   Section        0  stm32f1xx_hal_cortex.o(i.HAL_SYSTICK_Config)
    i.HAL_UARTEx_ReceiveToIdle_DMA           0x08002fb0   Section        0  stm32f1xx_hal_uart.o(i.HAL_UARTEx_ReceiveToIdle_DMA)
    i.HAL_UARTEx_RxEventCallback             0x08003020   Section        0  driver_a7680c.o(i.HAL_UARTEx_RxEventCallback)
    i.HAL_UART_AbortReceive                  0x08003064   Section        0  stm32f1xx_hal_uart.o(i.HAL_UART_AbortReceive)
    i.HAL_UART_ErrorCallback                 0x08003128   Section        0  driver_a7680c.o(i.HAL_UART_ErrorCallback)
    i.HAL_UART_IRQHandler                    0x08003160   Section        0  stm32f1xx_hal_uart.o(i.HAL_UART_IRQHandler)
    i.HAL_UART_Init                          0x08003444   Section        0  stm32f1xx_hal_uart.o(i.HAL_UART_Init)
    i.HAL_UART_MspInit                       0x080034bc   Section        0  usart.o(i.HAL_UART_MspInit)
    i.HAL_UART_RxCpltCallback                0x08003660   Section        0  stm32f1xx_hal_uart.o(i.HAL_UART_RxCpltCallback)
    i.HAL_UART_RxHalfCpltCallback            0x08003662   Section        0  stm32f1xx_hal_uart.o(i.HAL_UART_RxHalfCpltCallback)
    i.HAL_UART_Transmit                      0x08003664   Section        0  stm32f1xx_hal_uart.o(i.HAL_UART_Transmit)
    i.HAL_UART_TxCpltCallback                0x08003722   Section        0  stm32f1xx_hal_uart.o(i.HAL_UART_TxCpltCallback)
    i.HardFault_Handler                      0x08003724   Section        0  stm32f1xx_it.o(i.HardFault_Handler)
    i.MX_DMA_Init                            0x08003728   Section        0  dma.o(i.MX_DMA_Init)
    i.MX_GPIO_Init                           0x0800376c   Section        0  gpio.o(i.MX_GPIO_Init)
    i.MX_USART2_UART_Init                    0x080037fc   Section        0  usart.o(i.MX_USART2_UART_Init)
    i.MX_USART3_UART_Init                    0x08003834   Section        0  usart.o(i.MX_USART3_UART_Init)
    i.MemManage_Handler                      0x0800386c   Section        0  stm32f1xx_it.o(i.MemManage_Handler)
    i.NMI_Handler                            0x08003870   Section        0  stm32f1xx_it.o(i.NMI_Handler)
    i.PendSV_Handler                         0x08003874   Section        0  stm32f1xx_it.o(i.PendSV_Handler)
    i.RCC_Delay                              0x08003878   Section        0  stm32f1xx_hal_rcc.o(i.RCC_Delay)
    RCC_Delay                                0x08003879   Thumb Code    36  stm32f1xx_hal_rcc.o(i.RCC_Delay)
    i.RingBuff_GetLength                     0x080038a0   Section        0  middle_ringbuff.o(i.RingBuff_GetLength)
    i.RingBuff_GetRemain                     0x080038cc   Section        0  middle_ringbuff.o(i.RingBuff_GetRemain)
    i.RingBuff_Init                          0x080038de   Section        0  middle_ringbuff.o(i.RingBuff_Init)
    i.RingBuff_Process                       0x0800392c   Section        0  middle_ringbuff.o(i.RingBuff_Process)
    i.RingBuff_Read                          0x08003952   Section        0  middle_ringbuff.o(i.RingBuff_Read)
    i.RingBuff_Write                         0x080039dc   Section        0  middle_ringbuff.o(i.RingBuff_Write)
    i.SVC_Handler                            0x08003a9e   Section        0  stm32f1xx_it.o(i.SVC_Handler)
    i.SysTick_Handler                        0x08003aa0   Section        0  stm32f1xx_it.o(i.SysTick_Handler)
    i.SystemClock_Config                     0x08003aa8   Section        0  main.o(i.SystemClock_Config)
    i.SystemInit                             0x08003b0e   Section        0  system_stm32f1xx.o(i.SystemInit)
    i.U2Rx_Buff_Init                         0x08003b10   Section        0  driver_a7680c.o(i.U2Rx_Buff_Init)
    i.U2Tx_Buff_Init                         0x08003b34   Section        0  driver_a7680c.o(i.U2Tx_Buff_Init)
    i.U2_Init                                0x08003b58   Section        0  driver_a7680c.o(i.U2_Init)
    i.U2_Printf                              0x08003b8c   Section        0  driver_a7680c.o(i.U2_Printf)
    i.U2_RxText_CallBack                     0x08003bc8   Section        0  driver_a7680c.o(i.U2_RxText_CallBack)
    i.U2_TxData                              0x08003c00   Section        0  driver_a7680c.o(i.U2_TxData)
    i.UART_DMAAbortOnError                   0x08003c1c   Section        0  stm32f1xx_hal_uart.o(i.UART_DMAAbortOnError)
    UART_DMAAbortOnError                     0x08003c1d   Thumb Code    20  stm32f1xx_hal_uart.o(i.UART_DMAAbortOnError)
    i.UART_DMAError                          0x08003c30   Section        0  stm32f1xx_hal_uart.o(i.UART_DMAError)
    UART_DMAError                            0x08003c31   Thumb Code    80  stm32f1xx_hal_uart.o(i.UART_DMAError)
    i.UART_DMAReceiveCplt                    0x08003c80   Section        0  stm32f1xx_hal_uart.o(i.UART_DMAReceiveCplt)
    UART_DMAReceiveCplt                      0x08003c81   Thumb Code   180  stm32f1xx_hal_uart.o(i.UART_DMAReceiveCplt)
    i.UART_DMARxHalfCplt                     0x08003d34   Section        0  stm32f1xx_hal_uart.o(i.UART_DMARxHalfCplt)
    UART_DMARxHalfCplt                       0x08003d35   Thumb Code    36  stm32f1xx_hal_uart.o(i.UART_DMARxHalfCplt)
    i.UART_EndRxTransfer                     0x08003d58   Section        0  stm32f1xx_hal_uart.o(i.UART_EndRxTransfer)
    UART_EndRxTransfer                       0x08003d59   Thumb Code   108  stm32f1xx_hal_uart.o(i.UART_EndRxTransfer)
    i.UART_EndTransmit_IT                    0x08003dc4   Section        0  stm32f1xx_hal_uart.o(i.UART_EndTransmit_IT)
    UART_EndTransmit_IT                      0x08003dc5   Thumb Code    32  stm32f1xx_hal_uart.o(i.UART_EndTransmit_IT)
    i.UART_EndTxTransfer                     0x08003de4   Section        0  stm32f1xx_hal_uart.o(i.UART_EndTxTransfer)
    UART_EndTxTransfer                       0x08003de5   Thumb Code    38  stm32f1xx_hal_uart.o(i.UART_EndTxTransfer)
    i.UART_Receive_IT                        0x08003e0a   Section        0  stm32f1xx_hal_uart.o(i.UART_Receive_IT)
    UART_Receive_IT                          0x08003e0b   Thumb Code   252  stm32f1xx_hal_uart.o(i.UART_Receive_IT)
    i.UART_SetConfig                         0x08003f08   Section        0  stm32f1xx_hal_uart.o(i.UART_SetConfig)
    UART_SetConfig                           0x08003f09   Thumb Code   248  stm32f1xx_hal_uart.o(i.UART_SetConfig)
    i.UART_Start_Receive_DMA                 0x08004004   Section        0  stm32f1xx_hal_uart.o(i.UART_Start_Receive_DMA)
    i.UART_Transmit_IT                       0x080040cc   Section        0  stm32f1xx_hal_uart.o(i.UART_Transmit_IT)
    UART_Transmit_IT                         0x080040cd   Thumb Code    96  stm32f1xx_hal_uart.o(i.UART_Transmit_IT)
    i.UART_WaitOnFlagUntilTimeout            0x0800412c   Section        0  stm32f1xx_hal_uart.o(i.UART_WaitOnFlagUntilTimeout)
    UART_WaitOnFlagUntilTimeout              0x0800412d   Thumb Code   140  stm32f1xx_hal_uart.o(i.UART_WaitOnFlagUntilTimeout)
    i.USART2_IRQHandler                      0x080041b8   Section        0  stm32f1xx_it.o(i.USART2_IRQHandler)
    i.UsageFault_Handler                     0x080041c8   Section        0  stm32f1xx_it.o(i.UsageFault_Handler)
    i.__ARM_fpclassify                       0x080041cc   Section        0  fpclassify.o(i.__ARM_fpclassify)
    i.__NVIC_GetPriorityGrouping             0x080041f4   Section        0  stm32f1xx_hal_cortex.o(i.__NVIC_GetPriorityGrouping)
    __NVIC_GetPriorityGrouping               0x080041f5   Thumb Code    10  stm32f1xx_hal_cortex.o(i.__NVIC_GetPriorityGrouping)
    i.__NVIC_SetPriority                     0x08004204   Section        0  stm32f1xx_hal_cortex.o(i.__NVIC_SetPriority)
    __NVIC_SetPriority                       0x08004205   Thumb Code    32  stm32f1xx_hal_cortex.o(i.__NVIC_SetPriority)
    i._is_digit                              0x0800422c   Section        0  __printf_wp.o(i._is_digit)
    i.main                                   0x0800423c   Section        0  main.o(i.main)
    locale$$code                             0x080042c0   Section       44  lc_numeric_c.o(locale$$code)
    locale$$code                             0x080042ec   Section       44  lc_ctype_c.o(locale$$code)
    x$fpl$printf1                            0x08004318   Section        4  printf1.o(x$fpl$printf1)
    x$fpl$printf2                            0x0800431c   Section        4  printf2.o(x$fpl$printf2)
    .constdata                               0x08004320   Section       18  stm32f1xx_hal_rcc.o(.constdata)
    x$fpl$usenofp                            0x08004320   Section        0  usenofp.o(x$fpl$usenofp)
    aPLLMULFactorTable                       0x08004320   Data          16  stm32f1xx_hal_rcc.o(.constdata)
    aPredivFactorTable                       0x08004330   Data           2  stm32f1xx_hal_rcc.o(.constdata)
    .constdata                               0x08004332   Section       24  system_stm32f1xx.o(.constdata)
    .constdata                               0x0800434a   Section       17  __printf_flags_ss_wp.o(.constdata)
    maptable                                 0x0800434a   Data          17  __printf_flags_ss_wp.o(.constdata)
    .constdata                               0x0800435c   Section        8  _printf_wctomb.o(.constdata)
    initial_mbstate                          0x0800435c   Data           8  _printf_wctomb.o(.constdata)
    .constdata                               0x08004364   Section       40  _printf_hex_int_ll_ptr.o(.constdata)
    uc_hextab                                0x08004364   Data          20  _printf_hex_int_ll_ptr.o(.constdata)
    lc_hextab                                0x08004378   Data          20  _printf_hex_int_ll_ptr.o(.constdata)
    .constdata                               0x0800438c   Section       38  _printf_fp_hex.o(.constdata)
    lc_hextab                                0x0800438c   Data          19  _printf_fp_hex.o(.constdata)
    uc_hextab                                0x0800439f   Data          19  _printf_fp_hex.o(.constdata)
    .constdata                               0x080043b4   Section      148  bigflt0.o(.constdata)
    tenpwrs_x                                0x080043b4   Data          60  bigflt0.o(.constdata)
    tenpwrs_i                                0x080043f0   Data          64  bigflt0.o(.constdata)
    locale$$data                             0x08004468   Section       28  lc_numeric_c.o(locale$$data)
    __lcnum_c_name                           0x0800446c   Data           2  lc_numeric_c.o(locale$$data)
    __lcnum_c_start                          0x08004474   Data           0  lc_numeric_c.o(locale$$data)
    __lcnum_c_point                          0x08004480   Data           0  lc_numeric_c.o(locale$$data)
    __lcnum_c_thousands                      0x08004482   Data           0  lc_numeric_c.o(locale$$data)
    __lcnum_c_grouping                       0x08004483   Data           0  lc_numeric_c.o(locale$$data)
    locale$$data                             0x08004484   Section      272  lc_ctype_c.o(locale$$data)
    __lcnum_c_end                            0x08004484   Data           0  lc_numeric_c.o(locale$$data)
    __lcctype_c_name                         0x08004488   Data           2  lc_ctype_c.o(locale$$data)
    __lcctype_c_start                        0x08004490   Data           0  lc_ctype_c.o(locale$$data)
    __lcctype_c_end                          0x08004594   Data           0  lc_ctype_c.o(locale$$data)
    .data                                    0x20000000   Section       12  main.o(.data)
    .data                                    0x2000000c   Section        9  stm32f1xx_hal.o(.data)
    .data                                    0x20000018   Section        4  system_stm32f1xx.o(.data)
    .bss                                     0x2000001c   Section      280  usart.o(.bss)
    .bss                                     0x20000134   Section     8028  driver_a7680c.o(.bss)
    .bss                                     0x20002090   Section       96  libspace.o(.bss)
    HEAP                                     0x200020f0   Section      512  startup_stm32f103xe.o(HEAP)
    Heap_Mem                                 0x200020f0   Data         512  startup_stm32f103xe.o(HEAP)
    STACK                                    0x200022f0   Section     1024  startup_stm32f103xe.o(STACK)
    Stack_Mem                                0x200022f0   Data        1024  startup_stm32f103xe.o(STACK)
    __initial_sp                             0x200026f0   Data           0  startup_stm32f103xe.o(STACK)

    Global Symbols

    Symbol Name                              Value     Ov Type        Size  Object(Section)

    BuildAttributes$$THM_ISAv4$P$D$K$B$S$PE$A:L22UL41UL21$X:L11$S22US41US21$IEEE1$IW$USESV6$~STKCKD$USESV7$~SHL$OTIME$ROPI$IEEEJ$EBA8$UX$STANDARDLIB$REQ8$PRES8$EABIv2 0x00000000   Number         0  anon$$obj.o ABSOLUTE
    __ARM_use_no_argv                        0x00000000   Number         0  main.o ABSOLUTE
    _printf_flags                            0x00000000   Number         0  printf_stubs.o ABSOLUTE
    _printf_return_value                     0x00000000   Number         0  printf_stubs.o ABSOLUTE
    _printf_sizespec                         0x00000000   Number         0  printf_stubs.o ABSOLUTE
    _printf_widthprec                        0x00000000   Number         0  printf_stubs.o ABSOLUTE
    __ARM_exceptions_init                     - Undefined Weak Reference
    __alloca_initialize                       - Undefined Weak Reference
    __arm_preinit_                            - Undefined Weak Reference
    __cpp_initialize__aeabi_                  - Undefined Weak Reference
    __cxa_finalize                            - Undefined Weak Reference
    __sigvec_lookup                           - Undefined Weak Reference
    _atexit_init                              - Undefined Weak Reference
    _call_atexit_fns                          - Undefined Weak Reference
    _clock_init                               - Undefined Weak Reference
    _fp_trap_init                             - Undefined Weak Reference
    _fp_trap_shutdown                         - Undefined Weak Reference
    _get_lc_collate                           - Undefined Weak Reference
    _get_lc_monetary                          - Undefined Weak Reference
    _get_lc_time                              - Undefined Weak Reference
    _getenv_init                              - Undefined Weak Reference
    _handle_redirection                       - Undefined Weak Reference
    _init_alloc                               - Undefined Weak Reference
    _init_user_alloc                          - Undefined Weak Reference
    _initio                                   - Undefined Weak Reference
    _printf_mbtowc                            - Undefined Weak Reference
    _printf_wc                                - Undefined Weak Reference
    _rand_init                                - Undefined Weak Reference
    _signal_finish                            - Undefined Weak Reference
    _signal_init                              - Undefined Weak Reference
    _terminate_alloc                          - Undefined Weak Reference
    _terminate_user_alloc                     - Undefined Weak Reference
    _terminateio                              - Undefined Weak Reference
    __Vectors_Size                           0x00000130   Number         0  startup_stm32f103xe.o ABSOLUTE
    __Vectors                                0x08000000   Data           4  startup_stm32f103xe.o(RESET)
    __Vectors_End                            0x08000130   Data           0  startup_stm32f103xe.o(RESET)
    __main                                   0x08000131   Thumb Code     8  __main.o(!!!main)
    __scatterload                            0x08000139   Thumb Code     0  __scatter.o(!!!scatter)
    __scatterload_rt2                        0x08000139   Thumb Code    44  __scatter.o(!!!scatter)
    __scatterload_rt2_thumb_only             0x08000139   Thumb Code     0  __scatter.o(!!!scatter)
    __scatterload_null                       0x08000147   Thumb Code     0  __scatter.o(!!!scatter)
    __scatterload_copy                       0x0800016d   Thumb Code    26  __scatter_copy.o(!!handler_copy)
    __scatterload_zeroinit                   0x08000189   Thumb Code    28  __scatter_zi.o(!!handler_zi)
    _printf_n                                0x080001a5   Thumb Code     0  _printf_n.o(.ARM.Collect$$_printf_percent$$00000001)
    _printf_percent                          0x080001a5   Thumb Code     0  _printf_percent.o(.ARM.Collect$$_printf_percent$$00000000)
    _printf_p                                0x080001ab   Thumb Code     0  _printf_p.o(.ARM.Collect$$_printf_percent$$00000002)
    _printf_f                                0x080001b1   Thumb Code     0  _printf_f.o(.ARM.Collect$$_printf_percent$$00000003)
    _printf_e                                0x080001b7   Thumb Code     0  _printf_e.o(.ARM.Collect$$_printf_percent$$00000004)
    _printf_g                                0x080001bd   Thumb Code     0  _printf_g.o(.ARM.Collect$$_printf_percent$$00000005)
    _printf_a                                0x080001c3   Thumb Code     0  _printf_a.o(.ARM.Collect$$_printf_percent$$00000006)
    _printf_ll                               0x080001c9   Thumb Code     0  _printf_ll.o(.ARM.Collect$$_printf_percent$$00000007)
    _printf_i                                0x080001d3   Thumb Code     0  _printf_i.o(.ARM.Collect$$_printf_percent$$00000008)
    _printf_d                                0x080001d9   Thumb Code     0  _printf_d.o(.ARM.Collect$$_printf_percent$$00000009)
    _printf_u                                0x080001df   Thumb Code     0  _printf_u.o(.ARM.Collect$$_printf_percent$$0000000A)
    _printf_o                                0x080001e5   Thumb Code     0  _printf_o.o(.ARM.Collect$$_printf_percent$$0000000B)
    _printf_x                                0x080001eb   Thumb Code     0  _printf_x.o(.ARM.Collect$$_printf_percent$$0000000C)
    _printf_lli                              0x080001f1   Thumb Code     0  _printf_lli.o(.ARM.Collect$$_printf_percent$$0000000D)
    _printf_lld                              0x080001f7   Thumb Code     0  _printf_lld.o(.ARM.Collect$$_printf_percent$$0000000E)
    _printf_llu                              0x080001fd   Thumb Code     0  _printf_llu.o(.ARM.Collect$$_printf_percent$$0000000F)
    _printf_llo                              0x08000203   Thumb Code     0  _printf_llo.o(.ARM.Collect$$_printf_percent$$00000010)
    _printf_llx                              0x08000209   Thumb Code     0  _printf_llx.o(.ARM.Collect$$_printf_percent$$00000011)
    _printf_l                                0x0800020f   Thumb Code     0  _printf_l.o(.ARM.Collect$$_printf_percent$$00000012)
    _printf_c                                0x08000219   Thumb Code     0  _printf_c.o(.ARM.Collect$$_printf_percent$$00000013)
    _printf_s                                0x0800021f   Thumb Code     0  _printf_s.o(.ARM.Collect$$_printf_percent$$00000014)
    _printf_lc                               0x08000225   Thumb Code     0  _printf_lc.o(.ARM.Collect$$_printf_percent$$00000015)
    _printf_ls                               0x0800022b   Thumb Code     0  _printf_ls.o(.ARM.Collect$$_printf_percent$$00000016)
    _printf_percent_end                      0x08000231   Thumb Code     0  _printf_percent_end.o(.ARM.Collect$$_printf_percent$$00000017)
    __rt_lib_init                            0x08000235   Thumb Code     0  libinit.o(.ARM.Collect$$libinit$$00000000)
    __rt_lib_init_fp_1                       0x08000237   Thumb Code     0  libinit2.o(.ARM.Collect$$libinit$$00000002)
    __rt_lib_init_heap_1                     0x08000237   Thumb Code     0  libinit2.o(.ARM.Collect$$libinit$$0000000A)
    __rt_lib_init_lc_common                  0x08000237   Thumb Code     0  libinit2.o(.ARM.Collect$$libinit$$0000000F)
    __rt_lib_init_preinit_1                  0x08000237   Thumb Code     0  libinit2.o(.ARM.Collect$$libinit$$00000004)
    __rt_lib_init_rand_1                     0x08000237   Thumb Code     0  libinit2.o(.ARM.Collect$$libinit$$0000000E)
    __rt_lib_init_user_alloc_1               0x08000237   Thumb Code     0  libinit2.o(.ARM.Collect$$libinit$$0000000C)
    __rt_lib_init_lc_collate_1               0x0800023d   Thumb Code     0  libinit2.o(.ARM.Collect$$libinit$$00000011)
    __rt_lib_init_lc_ctype_2                 0x0800023d   Thumb Code     0  libinit2.o(.ARM.Collect$$libinit$$00000012)
    __rt_lib_init_lc_ctype_1                 0x08000249   Thumb Code     0  libinit2.o(.ARM.Collect$$libinit$$00000013)
    __rt_lib_init_lc_monetary_1              0x08000249   Thumb Code     0  libinit2.o(.ARM.Collect$$libinit$$00000015)
    __rt_lib_init_lc_numeric_2               0x08000249   Thumb Code     0  libinit2.o(.ARM.Collect$$libinit$$00000016)
    __rt_lib_init_alloca_1                   0x08000253   Thumb Code     0  libinit2.o(.ARM.Collect$$libinit$$0000002E)
    __rt_lib_init_argv_1                     0x08000253   Thumb Code     0  libinit2.o(.ARM.Collect$$libinit$$0000002C)
    __rt_lib_init_atexit_1                   0x08000253   Thumb Code     0  libinit2.o(.ARM.Collect$$libinit$$0000001B)
    __rt_lib_init_clock_1                    0x08000253   Thumb Code     0  libinit2.o(.ARM.Collect$$libinit$$00000021)
    __rt_lib_init_cpp_1                      0x08000253   Thumb Code     0  libinit2.o(.ARM.Collect$$libinit$$00000032)
    __rt_lib_init_exceptions_1               0x08000253   Thumb Code     0  libinit2.o(.ARM.Collect$$libinit$$00000030)
    __rt_lib_init_fp_trap_1                  0x08000253   Thumb Code     0  libinit2.o(.ARM.Collect$$libinit$$0000001F)
    __rt_lib_init_getenv_1                   0x08000253   Thumb Code     0  libinit2.o(.ARM.Collect$$libinit$$00000023)
    __rt_lib_init_lc_numeric_1               0x08000253   Thumb Code     0  libinit2.o(.ARM.Collect$$libinit$$00000017)
    __rt_lib_init_lc_time_1                  0x08000253   Thumb Code     0  libinit2.o(.ARM.Collect$$libinit$$00000019)
    __rt_lib_init_return                     0x08000253   Thumb Code     0  libinit2.o(.ARM.Collect$$libinit$$00000033)
    __rt_lib_init_signal_1                   0x08000253   Thumb Code     0  libinit2.o(.ARM.Collect$$libinit$$0000001D)
    __rt_lib_init_stdio_1                    0x08000253   Thumb Code     0  libinit2.o(.ARM.Collect$$libinit$$00000025)
    __rt_lib_shutdown                        0x08000255   Thumb Code     0  libshutdown.o(.ARM.Collect$$libshutdown$$00000000)
    __rt_lib_shutdown_cpp_1                  0x08000257   Thumb Code     0  libshutdown2.o(.ARM.Collect$$libshutdown$$00000002)
    __rt_lib_shutdown_fp_trap_1              0x08000257   Thumb Code     0  libshutdown2.o(.ARM.Collect$$libshutdown$$00000007)
    __rt_lib_shutdown_heap_1                 0x08000257   Thumb Code     0  libshutdown2.o(.ARM.Collect$$libshutdown$$0000000F)
    __rt_lib_shutdown_return                 0x08000257   Thumb Code     0  libshutdown2.o(.ARM.Collect$$libshutdown$$00000010)
    __rt_lib_shutdown_signal_1               0x08000257   Thumb Code     0  libshutdown2.o(.ARM.Collect$$libshutdown$$0000000A)
    __rt_lib_shutdown_stdio_1                0x08000257   Thumb Code     0  libshutdown2.o(.ARM.Collect$$libshutdown$$00000004)
    __rt_lib_shutdown_user_alloc_1           0x08000257   Thumb Code     0  libshutdown2.o(.ARM.Collect$$libshutdown$$0000000C)
    __rt_entry                               0x08000259   Thumb Code     0  __rtentry.o(.ARM.Collect$$rtentry$$00000000)
    __rt_entry_presh_1                       0x08000259   Thumb Code     0  __rtentry2.o(.ARM.Collect$$rtentry$$00000002)
    __rt_entry_sh                            0x08000259   Thumb Code     0  __rtentry4.o(.ARM.Collect$$rtentry$$00000004)
    __rt_entry_li                            0x0800025f   Thumb Code     0  __rtentry2.o(.ARM.Collect$$rtentry$$0000000A)
    __rt_entry_postsh_1                      0x0800025f   Thumb Code     0  __rtentry2.o(.ARM.Collect$$rtentry$$00000009)
    __rt_entry_main                          0x08000263   Thumb Code     0  __rtentry2.o(.ARM.Collect$$rtentry$$0000000D)
    __rt_entry_postli_1                      0x08000263   Thumb Code     0  __rtentry2.o(.ARM.Collect$$rtentry$$0000000C)
    __rt_exit                                0x0800026b   Thumb Code     0  rtexit.o(.ARM.Collect$$rtexit$$00000000)
    __rt_exit_ls                             0x0800026d   Thumb Code     0  rtexit2.o(.ARM.Collect$$rtexit$$00000003)
    __rt_exit_prels_1                        0x0800026d   Thumb Code     0  rtexit2.o(.ARM.Collect$$rtexit$$00000002)
    __rt_exit_exit                           0x08000271   Thumb Code     0  rtexit2.o(.ARM.Collect$$rtexit$$00000004)
    Reset_Handler                            0x08000279   Thumb Code     8  startup_stm32f103xe.o(.text)
    ADC1_2_IRQHandler                        0x08000293   Thumb Code     0  startup_stm32f103xe.o(.text)
    ADC3_IRQHandler                          0x08000293   Thumb Code     0  startup_stm32f103xe.o(.text)
    CAN1_RX1_IRQHandler                      0x08000293   Thumb Code     0  startup_stm32f103xe.o(.text)
    CAN1_SCE_IRQHandler                      0x08000293   Thumb Code     0  startup_stm32f103xe.o(.text)
    DMA1_Channel1_IRQHandler                 0x08000293   Thumb Code     0  startup_stm32f103xe.o(.text)
    DMA1_Channel2_IRQHandler                 0x08000293   Thumb Code     0  startup_stm32f103xe.o(.text)
    DMA1_Channel4_IRQHandler                 0x08000293   Thumb Code     0  startup_stm32f103xe.o(.text)
    DMA1_Channel5_IRQHandler                 0x08000293   Thumb Code     0  startup_stm32f103xe.o(.text)
    DMA1_Channel7_IRQHandler                 0x08000293   Thumb Code     0  startup_stm32f103xe.o(.text)
    DMA2_Channel1_IRQHandler                 0x08000293   Thumb Code     0  startup_stm32f103xe.o(.text)
    DMA2_Channel2_IRQHandler                 0x08000293   Thumb Code     0  startup_stm32f103xe.o(.text)
    DMA2_Channel3_IRQHandler                 0x08000293   Thumb Code     0  startup_stm32f103xe.o(.text)
    DMA2_Channel4_5_IRQHandler               0x08000293   Thumb Code     0  startup_stm32f103xe.o(.text)
    EXTI0_IRQHandler                         0x08000293   Thumb Code     0  startup_stm32f103xe.o(.text)
    EXTI15_10_IRQHandler                     0x08000293   Thumb Code     0  startup_stm32f103xe.o(.text)
    EXTI1_IRQHandler                         0x08000293   Thumb Code     0  startup_stm32f103xe.o(.text)
    EXTI2_IRQHandler                         0x08000293   Thumb Code     0  startup_stm32f103xe.o(.text)
    EXTI3_IRQHandler                         0x08000293   Thumb Code     0  startup_stm32f103xe.o(.text)
    EXTI4_IRQHandler                         0x08000293   Thumb Code     0  startup_stm32f103xe.o(.text)
    EXTI9_5_IRQHandler                       0x08000293   Thumb Code     0  startup_stm32f103xe.o(.text)
    FLASH_IRQHandler                         0x08000293   Thumb Code     0  startup_stm32f103xe.o(.text)
    FSMC_IRQHandler                          0x08000293   Thumb Code     0  startup_stm32f103xe.o(.text)
    I2C1_ER_IRQHandler                       0x08000293   Thumb Code     0  startup_stm32f103xe.o(.text)
    I2C1_EV_IRQHandler                       0x08000293   Thumb Code     0  startup_stm32f103xe.o(.text)
    I2C2_ER_IRQHandler                       0x08000293   Thumb Code     0  startup_stm32f103xe.o(.text)
    I2C2_EV_IRQHandler                       0x08000293   Thumb Code     0  startup_stm32f103xe.o(.text)
    PVD_IRQHandler                           0x08000293   Thumb Code     0  startup_stm32f103xe.o(.text)
    RCC_IRQHandler                           0x08000293   Thumb Code     0  startup_stm32f103xe.o(.text)
    RTC_Alarm_IRQHandler                     0x08000293   Thumb Code     0  startup_stm32f103xe.o(.text)
    RTC_IRQHandler                           0x08000293   Thumb Code     0  startup_stm32f103xe.o(.text)
    SDIO_IRQHandler                          0x08000293   Thumb Code     0  startup_stm32f103xe.o(.text)
    SPI1_IRQHandler                          0x08000293   Thumb Code     0  startup_stm32f103xe.o(.text)
    SPI2_IRQHandler                          0x08000293   Thumb Code     0  startup_stm32f103xe.o(.text)
    SPI3_IRQHandler                          0x08000293   Thumb Code     0  startup_stm32f103xe.o(.text)
    TAMPER_IRQHandler                        0x08000293   Thumb Code     0  startup_stm32f103xe.o(.text)
    TIM1_BRK_IRQHandler                      0x08000293   Thumb Code     0  startup_stm32f103xe.o(.text)
    TIM1_CC_IRQHandler                       0x08000293   Thumb Code     0  startup_stm32f103xe.o(.text)
    TIM1_TRG_COM_IRQHandler                  0x08000293   Thumb Code     0  startup_stm32f103xe.o(.text)
    TIM1_UP_IRQHandler                       0x08000293   Thumb Code     0  startup_stm32f103xe.o(.text)
    TIM2_IRQHandler                          0x08000293   Thumb Code     0  startup_stm32f103xe.o(.text)
    TIM3_IRQHandler                          0x08000293   Thumb Code     0  startup_stm32f103xe.o(.text)
    TIM4_IRQHandler                          0x08000293   Thumb Code     0  startup_stm32f103xe.o(.text)
    TIM5_IRQHandler                          0x08000293   Thumb Code     0  startup_stm32f103xe.o(.text)
    TIM6_IRQHandler                          0x08000293   Thumb Code     0  startup_stm32f103xe.o(.text)
    TIM7_IRQHandler                          0x08000293   Thumb Code     0  startup_stm32f103xe.o(.text)
    TIM8_BRK_IRQHandler                      0x08000293   Thumb Code     0  startup_stm32f103xe.o(.text)
    TIM8_CC_IRQHandler                       0x08000293   Thumb Code     0  startup_stm32f103xe.o(.text)
    TIM8_TRG_COM_IRQHandler                  0x08000293   Thumb Code     0  startup_stm32f103xe.o(.text)
    TIM8_UP_IRQHandler                       0x08000293   Thumb Code     0  startup_stm32f103xe.o(.text)
    UART4_IRQHandler                         0x08000293   Thumb Code     0  startup_stm32f103xe.o(.text)
    UART5_IRQHandler                         0x08000293   Thumb Code     0  startup_stm32f103xe.o(.text)
    USART1_IRQHandler                        0x08000293   Thumb Code     0  startup_stm32f103xe.o(.text)
    USART3_IRQHandler                        0x08000293   Thumb Code     0  startup_stm32f103xe.o(.text)
    USBWakeUp_IRQHandler                     0x08000293   Thumb Code     0  startup_stm32f103xe.o(.text)
    USB_HP_CAN1_TX_IRQHandler                0x08000293   Thumb Code     0  startup_stm32f103xe.o(.text)
    USB_LP_CAN1_RX0_IRQHandler               0x08000293   Thumb Code     0  startup_stm32f103xe.o(.text)
    WWDG_IRQHandler                          0x08000293   Thumb Code     0  startup_stm32f103xe.o(.text)
    __user_initial_stackheap                 0x08000295   Thumb Code     0  startup_stm32f103xe.o(.text)
    vsprintf                                 0x080002b9   Thumb Code    32  vsprintf.o(.text)
    _printf_str                              0x080002dd   Thumb Code    82  _printf_str.o(.text)
    _printf_int_dec                          0x08000331   Thumb Code   104  _printf_dec.o(.text)
    __printf                                 0x080003a9   Thumb Code   388  __printf_flags_ss_wp.o(.text)
    strlen                                   0x08000531   Thumb Code    62  strlen.o(.text)
    __aeabi_memcpy                           0x0800056f   Thumb Code     0  rt_memcpy_v6.o(.text)
    __rt_memcpy                              0x0800056f   Thumb Code   138  rt_memcpy_v6.o(.text)
    _memcpy_lastbytes                        0x080005d5   Thumb Code     0  rt_memcpy_v6.o(.text)
    __aeabi_memclr4                          0x080005f9   Thumb Code     0  rt_memclr_w.o(.text)
    __aeabi_memclr8                          0x080005f9   Thumb Code     0  rt_memclr_w.o(.text)
    __rt_memclr_w                            0x080005f9   Thumb Code    78  rt_memclr_w.o(.text)
    _memset_w                                0x080005fd   Thumb Code     0  rt_memclr_w.o(.text)
    __use_two_region_memory                  0x08000647   Thumb Code     2  heapauxi.o(.text)
    __rt_heap_escrow$2region                 0x08000649   Thumb Code     2  heapauxi.o(.text)
    __rt_heap_expand$2region                 0x0800064b   Thumb Code     2  heapauxi.o(.text)
    _printf_pre_padding                      0x0800064d   Thumb Code    44  _printf_pad.o(.text)
    _printf_post_padding                     0x08000679   Thumb Code    34  _printf_pad.o(.text)
    _printf_truncate_signed                  0x0800069b   Thumb Code    18  _printf_truncate.o(.text)
    _printf_truncate_unsigned                0x080006ad   Thumb Code    18  _printf_truncate.o(.text)
    _printf_int_common                       0x080006bf   Thumb Code   178  _printf_intcommon.o(.text)
    _printf_charcount                        0x08000771   Thumb Code    40  _printf_charcount.o(.text)
    _printf_char_common                      0x080007a3   Thumb Code    32  _printf_char_common.o(.text)
    _sputc                                   0x080007c9   Thumb Code    10  _sputc.o(.text)
    _printf_cs_common                        0x080007d3   Thumb Code    20  _printf_char.o(.text)
    _printf_char                             0x080007e7   Thumb Code    16  _printf_char.o(.text)
    _printf_string                           0x080007f7   Thumb Code     8  _printf_char.o(.text)
    _printf_wctomb                           0x08000801   Thumb Code   182  _printf_wctomb.o(.text)
    _printf_longlong_dec                     0x080008bd   Thumb Code   108  _printf_longlong_dec.o(.text)
    _printf_longlong_oct                     0x08000939   Thumb Code    66  _printf_oct_int_ll.o(.text)
    _printf_int_oct                          0x0800097b   Thumb Code    24  _printf_oct_int_ll.o(.text)
    _printf_ll_oct                           0x08000993   Thumb Code    12  _printf_oct_int_ll.o(.text)
    _printf_longlong_hex                     0x080009a9   Thumb Code    86  _printf_hex_int_ll_ptr.o(.text)
    _printf_int_hex                          0x080009ff   Thumb Code    28  _printf_hex_int_ll_ptr.o(.text)
    _printf_ll_hex                           0x08000a1b   Thumb Code    12  _printf_hex_int_ll_ptr.o(.text)
    _printf_hex_ptr                          0x08000a27   Thumb Code    18  _printf_hex_int_ll_ptr.o(.text)
    __aeabi_memcpy4                          0x08000a3d   Thumb Code     0  rt_memcpy_w.o(.text)
    __aeabi_memcpy8                          0x08000a3d   Thumb Code     0  rt_memcpy_w.o(.text)
    __rt_memcpy_w                            0x08000a3d   Thumb Code   100  rt_memcpy_w.o(.text)
    _memcpy_lastbytes_aligned                0x08000a85   Thumb Code     0  rt_memcpy_w.o(.text)
    _ll_udiv10                               0x08000aa1   Thumb Code   138  lludiv10.o(.text)
    __lib_sel_fp_printf                      0x08000b2b   Thumb Code     2  _printf_fp_dec.o(.text)
    _printf_fp_dec_real                      0x08000cdd   Thumb Code   620  _printf_fp_dec.o(.text)
    _printf_fp_hex_real                      0x08000f49   Thumb Code   756  _printf_fp_hex.o(.text)
    _printf_lcs_common                       0x08001245   Thumb Code    20  _printf_wchar.o(.text)
    _printf_wchar                            0x08001259   Thumb Code    16  _printf_wchar.o(.text)
    _printf_wstring                          0x08001269   Thumb Code     8  _printf_wchar.o(.text)
    _wcrtomb                                 0x08001271   Thumb Code    64  _wcrtomb.o(.text)
    __user_setup_stackheap                   0x080012b1   Thumb Code    74  sys_stackheap_outer.o(.text)
    __rt_ctype_table                         0x080012fd   Thumb Code    16  rt_ctype_table.o(.text)
    __rt_locale                              0x0800130d   Thumb Code     8  rt_locale_intlibspace.o(.text)
    _printf_fp_infnan                        0x08001315   Thumb Code   112  _printf_fp_infnan.o(.text)
    _btod_etento                             0x08001395   Thumb Code   224  bigflt0.o(.text)
    exit                                     0x08001479   Thumb Code    18  exit.o(.text)
    __user_libspace                          0x0800148d   Thumb Code     8  libspace.o(.text)
    __user_perproc_libspace                  0x0800148d   Thumb Code     0  libspace.o(.text)
    __user_perthread_libspace                0x0800148d   Thumb Code     0  libspace.o(.text)
    strcmp                                   0x08001495   Thumb Code   128  strcmpv7m.o(.text)
    _sys_exit                                0x08001515   Thumb Code     8  sys_exit.o(.text)
    __I$use$semihosting                      0x08001521   Thumb Code     0  use_no_semi.o(.text)
    __use_no_semihosting_swi                 0x08001521   Thumb Code     2  use_no_semi.o(.text)
    __semihosting_library_function           0x08001523   Thumb Code     0  indicate_semi.o(.text)
    _btod_d2e                                0x08001523   Thumb Code    62  btod.o(CL$$btod_d2e)
    _d2e_denorm_low                          0x08001561   Thumb Code    70  btod.o(CL$$btod_d2e_denorm_low)
    _d2e_norm_op1                            0x080015a7   Thumb Code    96  btod.o(CL$$btod_d2e_norm_op1)
    __btod_div_common                        0x08001607   Thumb Code   696  btod.o(CL$$btod_div_common)
    _e2e                                     0x0800193f   Thumb Code   220  btod.o(CL$$btod_e2e)
    _btod_ediv                               0x08001a1b   Thumb Code    42  btod.o(CL$$btod_ediv)
    _btod_emul                               0x08001a45   Thumb Code    42  btod.o(CL$$btod_emul)
    __btod_mult_common                       0x08001a6f   Thumb Code   580  btod.o(CL$$btod_mult_common)
    BusFault_Handler                         0x08001cb3   Thumb Code     4  stm32f1xx_it.o(i.BusFault_Handler)
    DMA1_Channel3_IRQHandler                 0x08001cb9   Thumb Code    10  stm32f1xx_it.o(i.DMA1_Channel3_IRQHandler)
    DMA1_Channel6_IRQHandler                 0x08001cc9   Thumb Code    10  stm32f1xx_it.o(i.DMA1_Channel6_IRQHandler)
    DebugMon_Handler                         0x08001d05   Thumb Code     2  stm32f1xx_it.o(i.DebugMon_Handler)
    Error_Handler                            0x08001d07   Thumb Code     6  main.o(i.Error_Handler)
    HAL_DMA_Abort                            0x08001d0d   Thumb Code    86  stm32f1xx_hal_dma.o(i.HAL_DMA_Abort)
    HAL_DMA_Abort_IT                         0x08001d65   Thumb Code   414  stm32f1xx_hal_dma.o(i.HAL_DMA_Abort_IT)
    HAL_DMA_GetError                         0x08001f0d   Thumb Code     6  stm32f1xx_hal_dma.o(i.HAL_DMA_GetError)
    HAL_DMA_IRQHandler                       0x08001f15   Thumb Code   910  stm32f1xx_hal_dma.o(i.HAL_DMA_IRQHandler)
    HAL_DMA_Init                             0x080022ad   Thumb Code   132  stm32f1xx_hal_dma.o(i.HAL_DMA_Init)
    HAL_DMA_Start_IT                         0x08002339   Thumb Code   156  stm32f1xx_hal_dma.o(i.HAL_DMA_Start_IT)
    HAL_GPIO_Init                            0x080023d5   Thumb Code   792  stm32f1xx_hal_gpio.o(i.HAL_GPIO_Init)
    HAL_GPIO_WritePin                        0x08002715   Thumb Code    12  stm32f1xx_hal_gpio.o(i.HAL_GPIO_WritePin)
    HAL_GetTick                              0x08002721   Thumb Code     6  stm32f1xx_hal.o(i.HAL_GetTick)
    HAL_IncTick                              0x0800272d   Thumb Code    16  stm32f1xx_hal.o(i.HAL_IncTick)
    HAL_Init                                 0x08002745   Thumb Code    34  stm32f1xx_hal.o(i.HAL_Init)
    HAL_InitTick                             0x0800276d   Thumb Code    64  stm32f1xx_hal.o(i.HAL_InitTick)
    HAL_MspInit                              0x080027b9   Thumb Code    76  stm32f1xx_hal_msp.o(i.HAL_MspInit)
    HAL_NVIC_EnableIRQ                       0x0800280d   Thumb Code    32  stm32f1xx_hal_cortex.o(i.HAL_NVIC_EnableIRQ)
    HAL_NVIC_SetPriority                     0x0800282d   Thumb Code   124  stm32f1xx_hal_cortex.o(i.HAL_NVIC_SetPriority)
    HAL_NVIC_SetPriorityGrouping             0x080028a9   Thumb Code    32  stm32f1xx_hal_cortex.o(i.HAL_NVIC_SetPriorityGrouping)
    HAL_RCC_ClockConfig                      0x080028d1   Thumb Code   376  stm32f1xx_hal_rcc.o(i.HAL_RCC_ClockConfig)
    HAL_RCC_GetHCLKFreq                      0x08002a5d   Thumb Code     6  stm32f1xx_hal_rcc.o(i.HAL_RCC_GetHCLKFreq)
    HAL_RCC_GetPCLK1Freq                     0x08002a69   Thumb Code    22  stm32f1xx_hal_rcc.o(i.HAL_RCC_GetPCLK1Freq)
    HAL_RCC_GetPCLK2Freq                     0x08002a89   Thumb Code    22  stm32f1xx_hal_rcc.o(i.HAL_RCC_GetPCLK2Freq)
    HAL_RCC_GetSysClockFreq                  0x08002aa9   Thumb Code    92  stm32f1xx_hal_rcc.o(i.HAL_RCC_GetSysClockFreq)
    HAL_RCC_OscConfig                        0x08002b19   Thumb Code  1114  stm32f1xx_hal_rcc.o(i.HAL_RCC_OscConfig)
    HAL_SYSTICK_Config                       0x08002f7d   Thumb Code    52  stm32f1xx_hal_cortex.o(i.HAL_SYSTICK_Config)
    HAL_UARTEx_ReceiveToIdle_DMA             0x08002fb1   Thumb Code   112  stm32f1xx_hal_uart.o(i.HAL_UARTEx_ReceiveToIdle_DMA)
    HAL_UARTEx_RxEventCallback               0x08003021   Thumb Code    52  driver_a7680c.o(i.HAL_UARTEx_RxEventCallback)
    HAL_UART_AbortReceive                    0x08003065   Thumb Code   194  stm32f1xx_hal_uart.o(i.HAL_UART_AbortReceive)
    HAL_UART_ErrorCallback                   0x08003129   Thumb Code    44  driver_a7680c.o(i.HAL_UART_ErrorCallback)
    HAL_UART_IRQHandler                      0x08003161   Thumb Code   736  stm32f1xx_hal_uart.o(i.HAL_UART_IRQHandler)
    HAL_UART_Init                            0x08003445   Thumb Code   118  stm32f1xx_hal_uart.o(i.HAL_UART_Init)
    HAL_UART_MspInit                         0x080034bd   Thumb Code   386  usart.o(i.HAL_UART_MspInit)
    HAL_UART_RxCpltCallback                  0x08003661   Thumb Code     2  stm32f1xx_hal_uart.o(i.HAL_UART_RxCpltCallback)
    HAL_UART_RxHalfCpltCallback              0x08003663   Thumb Code     2  stm32f1xx_hal_uart.o(i.HAL_UART_RxHalfCpltCallback)
    HAL_UART_Transmit                        0x08003665   Thumb Code   190  stm32f1xx_hal_uart.o(i.HAL_UART_Transmit)
    HAL_UART_TxCpltCallback                  0x08003723   Thumb Code     2  stm32f1xx_hal_uart.o(i.HAL_UART_TxCpltCallback)
    HardFault_Handler                        0x08003725   Thumb Code     4  stm32f1xx_it.o(i.HardFault_Handler)
    MX_DMA_Init                              0x08003729   Thumb Code    64  dma.o(i.MX_DMA_Init)
    MX_GPIO_Init                             0x0800376d   Thumb Code   134  gpio.o(i.MX_GPIO_Init)
    MX_USART2_UART_Init                      0x080037fd   Thumb Code    46  usart.o(i.MX_USART2_UART_Init)
    MX_USART3_UART_Init                      0x08003835   Thumb Code    46  usart.o(i.MX_USART3_UART_Init)
    MemManage_Handler                        0x0800386d   Thumb Code     4  stm32f1xx_it.o(i.MemManage_Handler)
    NMI_Handler                              0x08003871   Thumb Code     4  stm32f1xx_it.o(i.NMI_Handler)
    PendSV_Handler                           0x08003875   Thumb Code     2  stm32f1xx_it.o(i.PendSV_Handler)
    RingBuff_GetLength                       0x080038a1   Thumb Code    44  middle_ringbuff.o(i.RingBuff_GetLength)
    RingBuff_GetRemain                       0x080038cd   Thumb Code    18  middle_ringbuff.o(i.RingBuff_GetRemain)
    RingBuff_Init                            0x080038df   Thumb Code    78  middle_ringbuff.o(i.RingBuff_Init)
    RingBuff_Process                         0x0800392d   Thumb Code    38  middle_ringbuff.o(i.RingBuff_Process)
    RingBuff_Read                            0x08003953   Thumb Code   138  middle_ringbuff.o(i.RingBuff_Read)
    RingBuff_Write                           0x080039dd   Thumb Code   194  middle_ringbuff.o(i.RingBuff_Write)
    SVC_Handler                              0x08003a9f   Thumb Code     2  stm32f1xx_it.o(i.SVC_Handler)
    SysTick_Handler                          0x08003aa1   Thumb Code     8  stm32f1xx_it.o(i.SysTick_Handler)
    SystemClock_Config                       0x08003aa9   Thumb Code   102  main.o(i.SystemClock_Config)
    SystemInit                               0x08003b0f   Thumb Code     2  system_stm32f1xx.o(i.SystemInit)
    U2Rx_Buff_Init                           0x08003b11   Thumb Code    22  driver_a7680c.o(i.U2Rx_Buff_Init)
    U2Tx_Buff_Init                           0x08003b35   Thumb Code    22  driver_a7680c.o(i.U2Tx_Buff_Init)
    U2_Init                                  0x08003b59   Thumb Code    40  driver_a7680c.o(i.U2_Init)
    U2_Printf                                0x08003b8d   Thumb Code    50  driver_a7680c.o(i.U2_Printf)
    U2_RxText_CallBack                       0x08003bc9   Thumb Code    24  driver_a7680c.o(i.U2_RxText_CallBack)
    U2_TxData                                0x08003c01   Thumb Code    22  driver_a7680c.o(i.U2_TxData)
    UART_Start_Receive_DMA                   0x08004005   Thumb Code   186  stm32f1xx_hal_uart.o(i.UART_Start_Receive_DMA)
    USART2_IRQHandler                        0x080041b9   Thumb Code    10  stm32f1xx_it.o(i.USART2_IRQHandler)
    UsageFault_Handler                       0x080041c9   Thumb Code     4  stm32f1xx_it.o(i.UsageFault_Handler)
    __ARM_fpclassify                         0x080041cd   Thumb Code    40  fpclassify.o(i.__ARM_fpclassify)
    _is_digit                                0x0800422d   Thumb Code    14  __printf_wp.o(i._is_digit)
    main                                     0x0800423d   Thumb Code   106  main.o(i.main)
    _get_lc_numeric                          0x080042c1   Thumb Code    44  lc_numeric_c.o(locale$$code)
    _get_lc_ctype                            0x080042ed   Thumb Code    44  lc_ctype_c.o(locale$$code)
    _printf_fp_dec                           0x08004319   Thumb Code     4  printf1.o(x$fpl$printf1)
    _printf_fp_hex                           0x0800431d   Thumb Code     4  printf2.o(x$fpl$printf2)
    __I$use$fp                               0x08004320   Number         0  usenofp.o(x$fpl$usenofp)
    AHBPrescTable                            0x08004332   Data          16  system_stm32f1xx.o(.constdata)
    APBPrescTable                            0x08004342   Data           8  system_stm32f1xx.o(.constdata)
    Region$$Table$$Base                      0x08004448   Number         0  anon$$obj.o(Region$$Table)
    Region$$Table$$Limit                     0x08004468   Number         0  anon$$obj.o(Region$$Table)
    __ctype                                  0x08004491   Data           0  lc_ctype_c.o(locale$$data)
    last_1ms                                 0x20000000   Data           4  main.o(.data)
    last_10ms                                0x20000004   Data           4  main.o(.data)
    last_100ms                               0x20000008   Data           4  main.o(.data)
    uwTick                                   0x2000000c   Data           4  stm32f1xx_hal.o(.data)
    uwTickPrio                               0x20000010   Data           4  stm32f1xx_hal.o(.data)
    uwTickFreq                               0x20000014   Data           1  stm32f1xx_hal.o(.data)
    SystemCoreClock                          0x20000018   Data           4  system_stm32f1xx.o(.data)
    huart2                                   0x2000001c   Data          72  usart.o(.bss)
    huart3                                   0x20000064   Data          72  usart.o(.bss)
    hdma_usart2_rx                           0x200000ac   Data          68  usart.o(.bss)
    hdma_usart3_rx                           0x200000f0   Data          68  usart.o(.bss)
    rxSlots                                  0x20000134   Data         180  driver_a7680c.o(.bss)
    txSlots                                  0x200001e8   Data         120  driver_a7680c.o(.bss)
    U2_RX_CB                                 0x20000260   Data          24  driver_a7680c.o(.bss)
    U2_TX_CB                                 0x20000278   Data          24  driver_a7680c.o(.bss)
    u2_databuf                               0x20000290   Data         768  driver_a7680c.o(.bss)
    u2_TxBuffer                              0x20000590   Data        2048  driver_a7680c.o(.bss)
    u2_RxBuffer                              0x20000d90   Data        3072  driver_a7680c.o(.bss)
    u2_DMA_RxBuffer                          0x20001990   Data         768  driver_a7680c.o(.bss)
    u2_ptfbuf                                0x20001c90   Data         512  driver_a7680c.o(.bss)
    mqtt_data                                0x20001e90   Data         256  driver_a7680c.o(.bss)
    mqtt_data_req                            0x20001f90   Data         256  driver_a7680c.o(.bss)
    __libspace_start                         0x20002090   Data          96  libspace.o(.bss)
    __temporary_stack_top$libspace           0x200020f0   Data           0  libspace.o(.bss)



==============================================================================

Memory Map of the image

  Image Entry point : 0x08000131

  Load Region LR_IROM1 (Base: 0x08000000, Size: 0x000045b0, Max: 0x00080000, ABSOLUTE)

    Execution Region ER_IROM1 (Exec base: 0x08000000, Load base: 0x08000000, Size: 0x00004594, Max: 0x00080000, ABSOLUTE)

    Exec Addr    Load Addr    Size         Type   Attr      Idx    E Section Name        Object

    0x08000000   0x08000000   0x00000130   Data   RO            3    RESET               startup_stm32f103xe.o
    0x08000130   0x08000130   0x00000008   Code   RO         2302  * !!!main             c_w.l(__main.o)
    0x08000138   0x08000138   0x00000034   Code   RO         2596    !!!scatter          c_w.l(__scatter.o)
    0x0800016c   0x0800016c   0x0000001a   Code   RO         2598    !!handler_copy      c_w.l(__scatter_copy.o)
    0x08000186   0x08000186   0x00000002   PAD
    0x08000188   0x08000188   0x0000001c   Code   RO         2600    !!handler_zi        c_w.l(__scatter_zi.o)
    0x080001a4   0x080001a4   0x00000000   Code   RO         2287    .ARM.Collect$$_printf_percent$$00000000  c_w.l(_printf_percent.o)
    0x080001a4   0x080001a4   0x00000006   Code   RO         2352    .ARM.Collect$$_printf_percent$$00000001  c_w.l(_printf_n.o)
    0x080001aa   0x080001aa   0x00000006   Code   RO         2354    .ARM.Collect$$_printf_percent$$00000002  c_w.l(_printf_p.o)
    0x080001b0   0x080001b0   0x00000006   Code   RO         2358    .ARM.Collect$$_printf_percent$$00000003  c_w.l(_printf_f.o)
    0x080001b6   0x080001b6   0x00000006   Code   RO         2359    .ARM.Collect$$_printf_percent$$00000004  c_w.l(_printf_e.o)
    0x080001bc   0x080001bc   0x00000006   Code   RO         2360    .ARM.Collect$$_printf_percent$$00000005  c_w.l(_printf_g.o)
    0x080001c2   0x080001c2   0x00000006   Code   RO         2361    .ARM.Collect$$_printf_percent$$00000006  c_w.l(_printf_a.o)
    0x080001c8   0x080001c8   0x0000000a   Code   RO         2366    .ARM.Collect$$_printf_percent$$00000007  c_w.l(_printf_ll.o)
    0x080001d2   0x080001d2   0x00000006   Code   RO         2356    .ARM.Collect$$_printf_percent$$00000008  c_w.l(_printf_i.o)
    0x080001d8   0x080001d8   0x00000006   Code   RO         2286    .ARM.Collect$$_printf_percent$$00000009  c_w.l(_printf_d.o)
    0x080001de   0x080001de   0x00000006   Code   RO         2357    .ARM.Collect$$_printf_percent$$0000000A  c_w.l(_printf_u.o)
    0x080001e4   0x080001e4   0x00000006   Code   RO         2355    .ARM.Collect$$_printf_percent$$0000000B  c_w.l(_printf_o.o)
    0x080001ea   0x080001ea   0x00000006   Code   RO         2353    .ARM.Collect$$_printf_percent$$0000000C  c_w.l(_printf_x.o)
    0x080001f0   0x080001f0   0x00000006   Code   RO         2363    .ARM.Collect$$_printf_percent$$0000000D  c_w.l(_printf_lli.o)
    0x080001f6   0x080001f6   0x00000006   Code   RO         2364    .ARM.Collect$$_printf_percent$$0000000E  c_w.l(_printf_lld.o)
    0x080001fc   0x080001fc   0x00000006   Code   RO         2365    .ARM.Collect$$_printf_percent$$0000000F  c_w.l(_printf_llu.o)
    0x08000202   0x08000202   0x00000006   Code   RO         2370    .ARM.Collect$$_printf_percent$$00000010  c_w.l(_printf_llo.o)
    0x08000208   0x08000208   0x00000006   Code   RO         2371    .ARM.Collect$$_printf_percent$$00000011  c_w.l(_printf_llx.o)
    0x0800020e   0x0800020e   0x0000000a   Code   RO         2367    .ARM.Collect$$_printf_percent$$00000012  c_w.l(_printf_l.o)
    0x08000218   0x08000218   0x00000006   Code   RO         2351    .ARM.Collect$$_printf_percent$$00000013  c_w.l(_printf_c.o)
    0x0800021e   0x0800021e   0x00000006   Code   RO         2285    .ARM.Collect$$_printf_percent$$00000014  c_w.l(_printf_s.o)
    0x08000224   0x08000224   0x00000006   Code   RO         2368    .ARM.Collect$$_printf_percent$$00000015  c_w.l(_printf_lc.o)
    0x0800022a   0x0800022a   0x00000006   Code   RO         2369    .ARM.Collect$$_printf_percent$$00000016  c_w.l(_printf_ls.o)
    0x08000230   0x08000230   0x00000004   Code   RO         2362    .ARM.Collect$$_printf_percent$$00000017  c_w.l(_printf_percent_end.o)
    0x08000234   0x08000234   0x00000002   Code   RO         2456    .ARM.Collect$$libinit$$00000000  c_w.l(libinit.o)
    0x08000236   0x08000236   0x00000000   Code   RO         2473    .ARM.Collect$$libinit$$00000002  c_w.l(libinit2.o)
    0x08000236   0x08000236   0x00000000   Code   RO         2475    .ARM.Collect$$libinit$$00000004  c_w.l(libinit2.o)
    0x08000236   0x08000236   0x00000000   Code   RO         2478    .ARM.Collect$$libinit$$0000000A  c_w.l(libinit2.o)
    0x08000236   0x08000236   0x00000000   Code   RO         2480    .ARM.Collect$$libinit$$0000000C  c_w.l(libinit2.o)
    0x08000236   0x08000236   0x00000000   Code   RO         2482    .ARM.Collect$$libinit$$0000000E  c_w.l(libinit2.o)
    0x08000236   0x08000236   0x00000006   Code   RO         2483    .ARM.Collect$$libinit$$0000000F  c_w.l(libinit2.o)
    0x0800023c   0x0800023c   0x00000000   Code   RO         2485    .ARM.Collect$$libinit$$00000011  c_w.l(libinit2.o)
    0x0800023c   0x0800023c   0x0000000c   Code   RO         2486    .ARM.Collect$$libinit$$00000012  c_w.l(libinit2.o)
    0x08000248   0x08000248   0x00000000   Code   RO         2487    .ARM.Collect$$libinit$$00000013  c_w.l(libinit2.o)
    0x08000248   0x08000248   0x00000000   Code   RO         2489    .ARM.Collect$$libinit$$00000015  c_w.l(libinit2.o)
    0x08000248   0x08000248   0x0000000a   Code   RO         2490    .ARM.Collect$$libinit$$00000016  c_w.l(libinit2.o)
    0x08000252   0x08000252   0x00000000   Code   RO         2491    .ARM.Collect$$libinit$$00000017  c_w.l(libinit2.o)
    0x08000252   0x08000252   0x00000000   Code   RO         2493    .ARM.Collect$$libinit$$00000019  c_w.l(libinit2.o)
    0x08000252   0x08000252   0x00000000   Code   RO         2495    .ARM.Collect$$libinit$$0000001B  c_w.l(libinit2.o)
    0x08000252   0x08000252   0x00000000   Code   RO         2497    .ARM.Collect$$libinit$$0000001D  c_w.l(libinit2.o)
    0x08000252   0x08000252   0x00000000   Code   RO         2499    .ARM.Collect$$libinit$$0000001F  c_w.l(libinit2.o)
    0x08000252   0x08000252   0x00000000   Code   RO         2501    .ARM.Collect$$libinit$$00000021  c_w.l(libinit2.o)
    0x08000252   0x08000252   0x00000000   Code   RO         2503    .ARM.Collect$$libinit$$00000023  c_w.l(libinit2.o)
    0x08000252   0x08000252   0x00000000   Code   RO         2505    .ARM.Collect$$libinit$$00000025  c_w.l(libinit2.o)
    0x08000252   0x08000252   0x00000000   Code   RO         2509    .ARM.Collect$$libinit$$0000002C  c_w.l(libinit2.o)
    0x08000252   0x08000252   0x00000000   Code   RO         2511    .ARM.Collect$$libinit$$0000002E  c_w.l(libinit2.o)
    0x08000252   0x08000252   0x00000000   Code   RO         2513    .ARM.Collect$$libinit$$00000030  c_w.l(libinit2.o)
    0x08000252   0x08000252   0x00000000   Code   RO         2515    .ARM.Collect$$libinit$$00000032  c_w.l(libinit2.o)
    0x08000252   0x08000252   0x00000002   Code   RO         2516    .ARM.Collect$$libinit$$00000033  c_w.l(libinit2.o)
    0x08000254   0x08000254   0x00000002   Code   RO         2536    .ARM.Collect$$libshutdown$$00000000  c_w.l(libshutdown.o)
    0x08000256   0x08000256   0x00000000   Code   RO         2549    .ARM.Collect$$libshutdown$$00000002  c_w.l(libshutdown2.o)
    0x08000256   0x08000256   0x00000000   Code   RO         2551    .ARM.Collect$$libshutdown$$00000004  c_w.l(libshutdown2.o)
    0x08000256   0x08000256   0x00000000   Code   RO         2554    .ARM.Collect$$libshutdown$$00000007  c_w.l(libshutdown2.o)
    0x08000256   0x08000256   0x00000000   Code   RO         2557    .ARM.Collect$$libshutdown$$0000000A  c_w.l(libshutdown2.o)
    0x08000256   0x08000256   0x00000000   Code   RO         2559    .ARM.Collect$$libshutdown$$0000000C  c_w.l(libshutdown2.o)
    0x08000256   0x08000256   0x00000000   Code   RO         2562    .ARM.Collect$$libshutdown$$0000000F  c_w.l(libshutdown2.o)
    0x08000256   0x08000256   0x00000002   Code   RO         2563    .ARM.Collect$$libshutdown$$00000010  c_w.l(libshutdown2.o)
    0x08000258   0x08000258   0x00000000   Code   RO         2304    .ARM.Collect$$rtentry$$00000000  c_w.l(__rtentry.o)
    0x08000258   0x08000258   0x00000000   Code   RO         2383    .ARM.Collect$$rtentry$$00000002  c_w.l(__rtentry2.o)
    0x08000258   0x08000258   0x00000006   Code   RO         2395    .ARM.Collect$$rtentry$$00000004  c_w.l(__rtentry4.o)
    0x0800025e   0x0800025e   0x00000000   Code   RO         2385    .ARM.Collect$$rtentry$$00000009  c_w.l(__rtentry2.o)
    0x0800025e   0x0800025e   0x00000004   Code   RO         2386    .ARM.Collect$$rtentry$$0000000A  c_w.l(__rtentry2.o)
    0x08000262   0x08000262   0x00000000   Code   RO         2388    .ARM.Collect$$rtentry$$0000000C  c_w.l(__rtentry2.o)
    0x08000262   0x08000262   0x00000008   Code   RO         2389    .ARM.Collect$$rtentry$$0000000D  c_w.l(__rtentry2.o)
    0x0800026a   0x0800026a   0x00000002   Code   RO         2465    .ARM.Collect$$rtexit$$00000000  c_w.l(rtexit.o)
    0x0800026c   0x0800026c   0x00000000   Code   RO         2518    .ARM.Collect$$rtexit$$00000002  c_w.l(rtexit2.o)
    0x0800026c   0x0800026c   0x00000004   Code   RO         2519    .ARM.Collect$$rtexit$$00000003  c_w.l(rtexit2.o)
    0x08000270   0x08000270   0x00000006   Code   RO         2520    .ARM.Collect$$rtexit$$00000004  c_w.l(rtexit2.o)
    0x08000276   0x08000276   0x00000002   PAD
    0x08000278   0x08000278   0x00000040   Code   RO            4    .text               startup_stm32f103xe.o
    0x080002b8   0x080002b8   0x00000024   Code   RO         2253    .text               c_w.l(vsprintf.o)
    0x080002dc   0x080002dc   0x00000052   Code   RO         2261    .text               c_w.l(_printf_str.o)
    0x0800032e   0x0800032e   0x00000002   PAD
    0x08000330   0x08000330   0x00000078   Code   RO         2263    .text               c_w.l(_printf_dec.o)
    0x080003a8   0x080003a8   0x00000188   Code   RO         2282    .text               c_w.l(__printf_flags_ss_wp.o)
    0x08000530   0x08000530   0x0000003e   Code   RO         2292    .text               c_w.l(strlen.o)
    0x0800056e   0x0800056e   0x0000008a   Code   RO         2294    .text               c_w.l(rt_memcpy_v6.o)
    0x080005f8   0x080005f8   0x0000004e   Code   RO         2298    .text               c_w.l(rt_memclr_w.o)
    0x08000646   0x08000646   0x00000006   Code   RO         2300    .text               c_w.l(heapauxi.o)
    0x0800064c   0x0800064c   0x0000004e   Code   RO         2305    .text               c_w.l(_printf_pad.o)
    0x0800069a   0x0800069a   0x00000024   Code   RO         2307    .text               c_w.l(_printf_truncate.o)
    0x080006be   0x080006be   0x000000b2   Code   RO         2309    .text               c_w.l(_printf_intcommon.o)
    0x08000770   0x08000770   0x00000028   Code   RO         2311    .text               c_w.l(_printf_charcount.o)
    0x08000798   0x08000798   0x00000030   Code   RO         2313    .text               c_w.l(_printf_char_common.o)
    0x080007c8   0x080007c8   0x0000000a   Code   RO         2315    .text               c_w.l(_sputc.o)
    0x080007d2   0x080007d2   0x0000002c   Code   RO         2317    .text               c_w.l(_printf_char.o)
    0x080007fe   0x080007fe   0x00000002   PAD
    0x08000800   0x08000800   0x000000bc   Code   RO         2319    .text               c_w.l(_printf_wctomb.o)
    0x080008bc   0x080008bc   0x0000007c   Code   RO         2322    .text               c_w.l(_printf_longlong_dec.o)
    0x08000938   0x08000938   0x00000070   Code   RO         2328    .text               c_w.l(_printf_oct_int_ll.o)
    0x080009a8   0x080009a8   0x00000094   Code   RO         2348    .text               c_w.l(_printf_hex_int_ll_ptr.o)
    0x08000a3c   0x08000a3c   0x00000064   Code   RO         2372    .text               c_w.l(rt_memcpy_w.o)
    0x08000aa0   0x08000aa0   0x0000008a   Code   RO         2397    .text               c_w.l(lludiv10.o)
    0x08000b2a   0x08000b2a   0x0000041e   Code   RO         2399    .text               c_w.l(_printf_fp_dec.o)
    0x08000f48   0x08000f48   0x000002fc   Code   RO         2401    .text               c_w.l(_printf_fp_hex.o)
    0x08001244   0x08001244   0x0000002c   Code   RO         2406    .text               c_w.l(_printf_wchar.o)
    0x08001270   0x08001270   0x00000040   Code   RO         2408    .text               c_w.l(_wcrtomb.o)
    0x080012b0   0x080012b0   0x0000004a   Code   RO         2410    .text               c_w.l(sys_stackheap_outer.o)
    0x080012fa   0x080012fa   0x00000002   PAD
    0x080012fc   0x080012fc   0x00000010   Code   RO         2412    .text               c_w.l(rt_ctype_table.o)
    0x0800130c   0x0800130c   0x00000008   Code   RO         2417    .text               c_w.l(rt_locale_intlibspace.o)
    0x08001314   0x08001314   0x00000080   Code   RO         2419    .text               c_w.l(_printf_fp_infnan.o)
    0x08001394   0x08001394   0x000000e4   Code   RO         2421    .text               c_w.l(bigflt0.o)
    0x08001478   0x08001478   0x00000012   Code   RO         2449    .text               c_w.l(exit.o)
    0x0800148a   0x0800148a   0x00000002   PAD
    0x0800148c   0x0800148c   0x00000008   Code   RO         2462    .text               c_w.l(libspace.o)
    0x08001494   0x08001494   0x00000080   Code   RO         2470    .text               c_w.l(strcmpv7m.o)
    0x08001514   0x08001514   0x0000000c   Code   RO         2528    .text               c_w.l(sys_exit.o)
    0x08001520   0x08001520   0x00000002   Code   RO         2539    .text               c_w.l(use_no_semi.o)
    0x08001522   0x08001522   0x00000000   Code   RO         2541    .text               c_w.l(indicate_semi.o)
    0x08001522   0x08001522   0x0000003e   Code   RO         2424    CL$$btod_d2e        c_w.l(btod.o)
    0x08001560   0x08001560   0x00000046   Code   RO         2426    CL$$btod_d2e_denorm_low  c_w.l(btod.o)
    0x080015a6   0x080015a6   0x00000060   Code   RO         2425    CL$$btod_d2e_norm_op1  c_w.l(btod.o)
    0x08001606   0x08001606   0x00000338   Code   RO         2434    CL$$btod_div_common  c_w.l(btod.o)
    0x0800193e   0x0800193e   0x000000dc   Code   RO         2431    CL$$btod_e2e        c_w.l(btod.o)
    0x08001a1a   0x08001a1a   0x0000002a   Code   RO         2428    CL$$btod_ediv       c_w.l(btod.o)
    0x08001a44   0x08001a44   0x0000002a   Code   RO         2427    CL$$btod_emul       c_w.l(btod.o)
    0x08001a6e   0x08001a6e   0x00000244   Code   RO         2433    CL$$btod_mult_common  c_w.l(btod.o)
    0x08001cb2   0x08001cb2   0x00000004   Code   RO          360    i.BusFault_Handler  stm32f1xx_it.o
    0x08001cb6   0x08001cb6   0x00000002   PAD
    0x08001cb8   0x08001cb8   0x00000010   Code   RO          361    i.DMA1_Channel3_IRQHandler  stm32f1xx_it.o
    0x08001cc8   0x08001cc8   0x00000010   Code   RO          362    i.DMA1_Channel6_IRQHandler  stm32f1xx_it.o
    0x08001cd8   0x08001cd8   0x0000002c   Code   RO         1272    i.DMA_SetConfig     stm32f1xx_hal_dma.o
    0x08001d04   0x08001d04   0x00000002   Code   RO          363    i.DebugMon_Handler  stm32f1xx_it.o
    0x08001d06   0x08001d06   0x00000006   Code   RO           13    i.Error_Handler     main.o
    0x08001d0c   0x08001d0c   0x00000056   Code   RO         1273    i.HAL_DMA_Abort     stm32f1xx_hal_dma.o
    0x08001d62   0x08001d62   0x00000002   PAD
    0x08001d64   0x08001d64   0x000001a8   Code   RO         1274    i.HAL_DMA_Abort_IT  stm32f1xx_hal_dma.o
    0x08001f0c   0x08001f0c   0x00000006   Code   RO         1276    i.HAL_DMA_GetError  stm32f1xx_hal_dma.o
    0x08001f12   0x08001f12   0x00000002   PAD
    0x08001f14   0x08001f14   0x00000398   Code   RO         1278    i.HAL_DMA_IRQHandler  stm32f1xx_hal_dma.o
    0x080022ac   0x080022ac   0x0000008c   Code   RO         1279    i.HAL_DMA_Init      stm32f1xx_hal_dma.o
    0x08002338   0x08002338   0x0000009c   Code   RO         1283    i.HAL_DMA_Start_IT  stm32f1xx_hal_dma.o
    0x080023d4   0x080023d4   0x00000340   Code   RO         1209    i.HAL_GPIO_Init     stm32f1xx_hal_gpio.o
    0x08002714   0x08002714   0x0000000c   Code   RO         1213    i.HAL_GPIO_WritePin  stm32f1xx_hal_gpio.o
    0x08002720   0x08002720   0x0000000c   Code   RO          898    i.HAL_GetTick       stm32f1xx_hal.o
    0x0800272c   0x0800272c   0x00000018   Code   RO          904    i.HAL_IncTick       stm32f1xx_hal.o
    0x08002744   0x08002744   0x00000028   Code   RO          905    i.HAL_Init          stm32f1xx_hal.o
    0x0800276c   0x0800276c   0x0000004c   Code   RO          906    i.HAL_InitTick      stm32f1xx_hal.o
    0x080027b8   0x080027b8   0x00000054   Code   RO          454    i.HAL_MspInit       stm32f1xx_hal_msp.o
    0x0800280c   0x0800280c   0x00000020   Code   RO         1369    i.HAL_NVIC_EnableIRQ  stm32f1xx_hal_cortex.o
    0x0800282c   0x0800282c   0x0000007c   Code   RO         1375    i.HAL_NVIC_SetPriority  stm32f1xx_hal_cortex.o
    0x080028a8   0x080028a8   0x00000028   Code   RO         1376    i.HAL_NVIC_SetPriorityGrouping  stm32f1xx_hal_cortex.o
    0x080028d0   0x080028d0   0x0000018c   Code   RO         1062    i.HAL_RCC_ClockConfig  stm32f1xx_hal_rcc.o
    0x08002a5c   0x08002a5c   0x0000000c   Code   RO         1067    i.HAL_RCC_GetHCLKFreq  stm32f1xx_hal_rcc.o
    0x08002a68   0x08002a68   0x00000020   Code   RO         1069    i.HAL_RCC_GetPCLK1Freq  stm32f1xx_hal_rcc.o
    0x08002a88   0x08002a88   0x00000020   Code   RO         1070    i.HAL_RCC_GetPCLK2Freq  stm32f1xx_hal_rcc.o
    0x08002aa8   0x08002aa8   0x00000070   Code   RO         1071    i.HAL_RCC_GetSysClockFreq  stm32f1xx_hal_rcc.o
    0x08002b18   0x08002b18   0x00000464   Code   RO         1074    i.HAL_RCC_OscConfig  stm32f1xx_hal_rcc.o
    0x08002f7c   0x08002f7c   0x00000034   Code   RO         1380    i.HAL_SYSTICK_Config  stm32f1xx_hal_cortex.o
    0x08002fb0   0x08002fb0   0x00000070   Code   RO          524    i.HAL_UARTEx_ReceiveToIdle_DMA  stm32f1xx_hal_uart.o
    0x08003020   0x08003020   0x00000044   Code   RO         1932    i.HAL_UARTEx_RxEventCallback  driver_a7680c.o
    0x08003064   0x08003064   0x000000c2   Code   RO          529    i.HAL_UART_AbortReceive  stm32f1xx_hal_uart.o
    0x08003126   0x08003126   0x00000002   PAD
    0x08003128   0x08003128   0x00000038   Code   RO         1933    i.HAL_UART_ErrorCallback  driver_a7680c.o
    0x08003160   0x08003160   0x000002e4   Code   RO          543    i.HAL_UART_IRQHandler  stm32f1xx_hal_uart.o
    0x08003444   0x08003444   0x00000076   Code   RO          544    i.HAL_UART_Init     stm32f1xx_hal_uart.o
    0x080034ba   0x080034ba   0x00000002   PAD
    0x080034bc   0x080034bc   0x000001a4   Code   RO          309    i.HAL_UART_MspInit  usart.o
    0x08003660   0x08003660   0x00000002   Code   RO          550    i.HAL_UART_RxCpltCallback  stm32f1xx_hal_uart.o
    0x08003662   0x08003662   0x00000002   Code   RO          551    i.HAL_UART_RxHalfCpltCallback  stm32f1xx_hal_uart.o
    0x08003664   0x08003664   0x000000be   Code   RO          552    i.HAL_UART_Transmit  stm32f1xx_hal_uart.o
    0x08003722   0x08003722   0x00000002   Code   RO          555    i.HAL_UART_TxCpltCallback  stm32f1xx_hal_uart.o
    0x08003724   0x08003724   0x00000004   Code   RO          364    i.HardFault_Handler  stm32f1xx_it.o
    0x08003728   0x08003728   0x00000044   Code   RO          192    i.MX_DMA_Init       dma.o
    0x0800376c   0x0800376c   0x00000090   Code   RO          168    i.MX_GPIO_Init      gpio.o
    0x080037fc   0x080037fc   0x00000038   Code   RO          310    i.MX_USART2_UART_Init  usart.o
    0x08003834   0x08003834   0x00000038   Code   RO          311    i.MX_USART3_UART_Init  usart.o
    0x0800386c   0x0800386c   0x00000004   Code   RO          365    i.MemManage_Handler  stm32f1xx_it.o
    0x08003870   0x08003870   0x00000004   Code   RO          366    i.NMI_Handler       stm32f1xx_it.o
    0x08003874   0x08003874   0x00000002   Code   RO          367    i.PendSV_Handler    stm32f1xx_it.o
    0x08003876   0x08003876   0x00000002   PAD
    0x08003878   0x08003878   0x00000028   Code   RO         1075    i.RCC_Delay         stm32f1xx_hal_rcc.o
    0x080038a0   0x080038a0   0x0000002c   Code   RO         2207    i.RingBuff_GetLength  middle_ringbuff.o
    0x080038cc   0x080038cc   0x00000012   Code   RO         2208    i.RingBuff_GetRemain  middle_ringbuff.o
    0x080038de   0x080038de   0x0000004e   Code   RO         2209    i.RingBuff_Init     middle_ringbuff.o
    0x0800392c   0x0800392c   0x00000026   Code   RO         2210    i.RingBuff_Process  middle_ringbuff.o
    0x08003952   0x08003952   0x0000008a   Code   RO         2211    i.RingBuff_Read     middle_ringbuff.o
    0x080039dc   0x080039dc   0x000000c2   Code   RO         2212    i.RingBuff_Write    middle_ringbuff.o
    0x08003a9e   0x08003a9e   0x00000002   Code   RO          368    i.SVC_Handler       stm32f1xx_it.o
    0x08003aa0   0x08003aa0   0x00000008   Code   RO          369    i.SysTick_Handler   stm32f1xx_it.o
    0x08003aa8   0x08003aa8   0x00000066   Code   RO           14    i.SystemClock_Config  main.o
    0x08003b0e   0x08003b0e   0x00000002   Code   RO         1896    i.SystemInit        system_stm32f1xx.o
    0x08003b10   0x08003b10   0x00000024   Code   RO         1934    i.U2Rx_Buff_Init    driver_a7680c.o
    0x08003b34   0x08003b34   0x00000024   Code   RO         1935    i.U2Tx_Buff_Init    driver_a7680c.o
    0x08003b58   0x08003b58   0x00000034   Code   RO         1936    i.U2_Init           driver_a7680c.o
    0x08003b8c   0x08003b8c   0x0000003c   Code   RO         1937    i.U2_Printf         driver_a7680c.o
    0x08003bc8   0x08003bc8   0x00000038   Code   RO         1940    i.U2_RxText_CallBack  driver_a7680c.o
    0x08003c00   0x08003c00   0x0000001c   Code   RO         1941    i.U2_TxData         driver_a7680c.o
    0x08003c1c   0x08003c1c   0x00000014   Code   RO          557    i.UART_DMAAbortOnError  stm32f1xx_hal_uart.o
    0x08003c30   0x08003c30   0x00000050   Code   RO          558    i.UART_DMAError     stm32f1xx_hal_uart.o
    0x08003c80   0x08003c80   0x000000b4   Code   RO          559    i.UART_DMAReceiveCplt  stm32f1xx_hal_uart.o
    0x08003d34   0x08003d34   0x00000024   Code   RO          561    i.UART_DMARxHalfCplt  stm32f1xx_hal_uart.o
    0x08003d58   0x08003d58   0x0000006c   Code   RO          567    i.UART_EndRxTransfer  stm32f1xx_hal_uart.o
    0x08003dc4   0x08003dc4   0x00000020   Code   RO          568    i.UART_EndTransmit_IT  stm32f1xx_hal_uart.o
    0x08003de4   0x08003de4   0x00000026   Code   RO          569    i.UART_EndTxTransfer  stm32f1xx_hal_uart.o
    0x08003e0a   0x08003e0a   0x000000fc   Code   RO          570    i.UART_Receive_IT   stm32f1xx_hal_uart.o
    0x08003f06   0x08003f06   0x00000002   PAD
    0x08003f08   0x08003f08   0x000000fc   Code   RO          571    i.UART_SetConfig    stm32f1xx_hal_uart.o
    0x08004004   0x08004004   0x000000c8   Code   RO          572    i.UART_Start_Receive_DMA  stm32f1xx_hal_uart.o
    0x080040cc   0x080040cc   0x00000060   Code   RO          574    i.UART_Transmit_IT  stm32f1xx_hal_uart.o
    0x0800412c   0x0800412c   0x0000008c   Code   RO          575    i.UART_WaitOnFlagUntilTimeout  stm32f1xx_hal_uart.o
    0x080041b8   0x080041b8   0x00000010   Code   RO          370    i.USART2_IRQHandler  stm32f1xx_it.o
    0x080041c8   0x080041c8   0x00000004   Code   RO          371    i.UsageFault_Handler  stm32f1xx_it.o
    0x080041cc   0x080041cc   0x00000028   Code   RO         2460    i.__ARM_fpclassify  m_ws.l(fpclassify.o)
    0x080041f4   0x080041f4   0x00000010   Code   RO         1382    i.__NVIC_GetPriorityGrouping  stm32f1xx_hal_cortex.o
    0x08004204   0x08004204   0x00000028   Code   RO         1383    i.__NVIC_SetPriority  stm32f1xx_hal_cortex.o
    0x0800422c   0x0800422c   0x0000000e   Code   RO         2275    i._is_digit         c_w.l(__printf_wp.o)
    0x0800423a   0x0800423a   0x00000002   PAD
    0x0800423c   0x0800423c   0x00000084   Code   RO           15    i.main              main.o
    0x080042c0   0x080042c0   0x0000002c   Code   RO         2447    locale$$code        c_w.l(lc_numeric_c.o)
    0x080042ec   0x080042ec   0x0000002c   Code   RO         2468    locale$$code        c_w.l(lc_ctype_c.o)
    0x08004318   0x08004318   0x00000004   Code   RO         2374    x$fpl$printf1       fz_ws.l(printf1.o)
    0x0800431c   0x0800431c   0x00000004   Code   RO         2376    x$fpl$printf2       fz_ws.l(printf2.o)
    0x08004320   0x08004320   0x00000000   Code   RO         2459    x$fpl$usenofp       fz_ws.l(usenofp.o)
    0x08004320   0x08004320   0x00000012   Data   RO         1076    .constdata          stm32f1xx_hal_rcc.o
    0x08004332   0x08004332   0x00000018   Data   RO         1897    .constdata          system_stm32f1xx.o
    0x0800434a   0x0800434a   0x00000011   Data   RO         2283    .constdata          c_w.l(__printf_flags_ss_wp.o)
    0x0800435b   0x0800435b   0x00000001   PAD
    0x0800435c   0x0800435c   0x00000008   Data   RO         2320    .constdata          c_w.l(_printf_wctomb.o)
    0x08004364   0x08004364   0x00000028   Data   RO         2349    .constdata          c_w.l(_printf_hex_int_ll_ptr.o)
    0x0800438c   0x0800438c   0x00000026   Data   RO         2402    .constdata          c_w.l(_printf_fp_hex.o)
    0x080043b2   0x080043b2   0x00000002   PAD
    0x080043b4   0x080043b4   0x00000094   Data   RO         2422    .constdata          c_w.l(bigflt0.o)
    0x08004448   0x08004448   0x00000020   Data   RO         2594    Region$$Table       anon$$obj.o
    0x08004468   0x08004468   0x0000001c   Data   RO         2446    locale$$data        c_w.l(lc_numeric_c.o)
    0x08004484   0x08004484   0x00000110   Data   RO         2467    locale$$data        c_w.l(lc_ctype_c.o)


    Execution Region RW_IRAM1 (Exec base: 0x20000000, Load base: 0x08004594, Size: 0x000026f0, Max: 0x00010000, ABSOLUTE)

    Exec Addr    Load Addr    Size         Type   Attr      Idx    E Section Name        Object

    0x20000000   0x08004594   0x0000000c   Data   RW           16    .data               main.o
    0x2000000c   0x080045a0   0x00000009   Data   RW          912    .data               stm32f1xx_hal.o
    0x20000015   0x080045a9   0x00000003   PAD
    0x20000018   0x080045ac   0x00000004   Data   RW         1898    .data               system_stm32f1xx.o
    0x2000001c        -       0x00000118   Zero   RW          312    .bss                usart.o
    0x20000134        -       0x00001f5c   Zero   RW         1954    .bss                driver_a7680c.o
    0x20002090        -       0x00000060   Zero   RW         2463    .bss                c_w.l(libspace.o)
    0x200020f0        -       0x00000200   Zero   RW            2    HEAP                startup_stm32f103xe.o
    0x200022f0        -       0x00000400   Zero   RW            1    STACK               startup_stm32f103xe.o


==============================================================================

Image component sizes


      Code (inc. data)   RO Data    RW Data    ZI Data      Debug   Object Name

        68          4          0          0          0     450558   dma.o
       392        116          0          0       8028       5948   driver_a7680c.o
       144         10          0          0          0        915   gpio.o
       240         26          0         12          0     453192   main.o
         0          0          0          0          0        604   middle_mqtt.o
       510          0          0          0          0       4726   middle_ringbuff.o
        64         26        304          0       1536        816   startup_stm32f103xe.o
       152         32          0          9          0       5977   stm32f1xx_hal.o
       304         22          0          0          0      29499   stm32f1xx_hal_cortex.o
      1776         28          0          0          0       5957   stm32f1xx_hal_dma.o
       844         40          0          0          0       2728   stm32f1xx_hal_gpio.o
        84          8          0          0          0        922   stm32f1xx_hal_msp.o
      1748         98         18          0          0       6072   stm32f1xx_hal_rcc.o
      2794         22          0          0          0      16140   stm32f1xx_hal_uart.o
        82         18          0          0          0       5492   stm32f1xx_it.o
         2          0         24          4          0       1155   system_stm32f1xx.o
       532         54          0          0        280       2649   usart.o

    ----------------------------------------------------------------------
      9750        504        378         28       9844     993350   Object Totals
         0          0         32          0          0          0   (incl. Generated)
        14          0          0          3          0          0   (incl. Padding)

    ----------------------------------------------------------------------

      Code (inc. data)   RO Data    RW Data    ZI Data      Debug   Library Member Name

         8          0          0          0          0         68   __main.o
       392          4         17          0          0         92   __printf_flags_ss_wp.o
        14          0          0          0          0         68   __printf_wp.o
         0          0          0          0          0          0   __rtentry.o
        12          0          0          0          0          0   __rtentry2.o
         6          0          0          0          0          0   __rtentry4.o
        52          8          0          0          0          0   __scatter.o
        26          0          0          0          0          0   __scatter_copy.o
        28          0          0          0          0          0   __scatter_zi.o
         6          0          0          0          0          0   _printf_a.o
         6          0          0          0          0          0   _printf_c.o
        44          0          0          0          0        108   _printf_char.o
        48          6          0          0          0         96   _printf_char_common.o
        40          0          0          0          0         68   _printf_charcount.o
         6          0          0          0          0          0   _printf_d.o
       120         16          0          0          0         92   _printf_dec.o
         6          0          0          0          0          0   _printf_e.o
         6          0          0          0          0          0   _printf_f.o
      1054          0          0          0          0        216   _printf_fp_dec.o
       764          8         38          0          0        100   _printf_fp_hex.o
       128         16          0          0          0         84   _printf_fp_infnan.o
         6          0          0          0          0          0   _printf_g.o
       148          4         40          0          0        160   _printf_hex_int_ll_ptr.o
         6          0          0          0          0          0   _printf_i.o
       178          0          0          0          0         88   _printf_intcommon.o
        10          0          0          0          0          0   _printf_l.o
         6          0          0          0          0          0   _printf_lc.o
        10          0          0          0          0          0   _printf_ll.o
         6          0          0          0          0          0   _printf_lld.o
         6          0          0          0          0          0   _printf_lli.o
         6          0          0          0          0          0   _printf_llo.o
         6          0          0          0          0          0   _printf_llu.o
         6          0          0          0          0          0   _printf_llx.o
       124         16          0          0          0         92   _printf_longlong_dec.o
         6          0          0          0          0          0   _printf_ls.o
         6          0          0          0          0          0   _printf_n.o
         6          0          0          0          0          0   _printf_o.o
       112         10          0          0          0        124   _printf_oct_int_ll.o
         6          0          0          0          0          0   _printf_p.o
        78          0          0          0          0        108   _printf_pad.o
         0          0          0          0          0          0   _printf_percent.o
         4          0          0          0          0          0   _printf_percent_end.o
         6          0          0          0          0          0   _printf_s.o
        82          0          0          0          0         80   _printf_str.o
        36          0          0          0          0         84   _printf_truncate.o
         6          0          0          0          0          0   _printf_u.o
        44          0          0          0          0        108   _printf_wchar.o
       188          6          8          0          0         92   _printf_wctomb.o
         6          0          0          0          0          0   _printf_x.o
        10          0          0          0          0         68   _sputc.o
        64          0          0          0          0         92   _wcrtomb.o
       228          4        148          0          0         96   bigflt0.o
      1936        128          0          0          0        672   btod.o
        18          0          0          0          0         80   exit.o
         6          0          0          0          0        152   heapauxi.o
         0          0          0          0          0          0   indicate_semi.o
        44         10        272          0          0         76   lc_ctype_c.o
        44         10         28          0          0         76   lc_numeric_c.o
         2          0          0          0          0          0   libinit.o
        30          0          0          0          0          0   libinit2.o
         2          0          0          0          0          0   libshutdown.o
         2          0          0          0          0          0   libshutdown2.o
         8          4          0          0         96         68   libspace.o
       138          0          0          0          0         80   lludiv10.o
        16          4          0          0          0         76   rt_ctype_table.o
         8          4          0          0          0         68   rt_locale_intlibspace.o
        78          0          0          0          0         80   rt_memclr_w.o
       138          0          0          0          0         68   rt_memcpy_v6.o
       100          0          0          0          0         80   rt_memcpy_w.o
         2          0          0          0          0          0   rtexit.o
        10          0          0          0          0          0   rtexit2.o
       128          0          0          0          0         68   strcmpv7m.o
        62          0          0          0          0         76   strlen.o
        12          4          0          0          0         68   sys_exit.o
        74          0          0          0          0         80   sys_stackheap_outer.o
         2          0          0          0          0         68   use_no_semi.o
        36          4          0          0          0         76   vsprintf.o
         4          0          0          0          0         68   printf1.o
         4          0          0          0          0         68   printf2.o
         0          0          0          0          0          0   usenofp.o
        40          0          0          0          0         68   fpclassify.o

    ----------------------------------------------------------------------
      7130        266        554          0         96       4400   Library Totals
        14          0          3          0          0          0   (incl. Padding)

    ----------------------------------------------------------------------

      Code (inc. data)   RO Data    RW Data    ZI Data      Debug   Library Name

      7068        266        551          0         96       4196   c_w.l
         8          0          0          0          0        136   fz_ws.l
        40          0          0          0          0         68   m_ws.l

    ----------------------------------------------------------------------
      7130        266        554          0         96       4400   Library Totals

    ----------------------------------------------------------------------

==============================================================================


      Code (inc. data)   RO Data    RW Data    ZI Data      Debug   

     16880        770        932         28       9940     991350   Grand Totals
     16880        770        932         28       9940     991350   ELF Image Totals
     16880        770        932         28          0          0   ROM Totals

==============================================================================

    Total RO  Size (Code + RO Data)                17812 (  17.39kB)
    Total RW  Size (RW Data + ZI Data)              9968 (   9.73kB)
    Total ROM Size (Code + RO Data + RW Data)      17840 (  17.42kB)

==============================================================================

