Component: ARM Compiler 5.06 update 6 (build 750) Tool: armlink [4d35ed]

==============================================================================

Section Cross References

    startup_stm32f103xe.o(STACK) refers (Special) to heapauxi.o(.text) for __use_two_region_memory
    startup_stm32f103xe.o(HEAP) refers (Special) to heapauxi.o(.text) for __use_two_region_memory
    startup_stm32f103xe.o(RESET) refers (Special) to heapauxi.o(.text) for __use_two_region_memory
    startup_stm32f103xe.o(RESET) refers to startup_stm32f103xe.o(STACK) for __initial_sp
    startup_stm32f103xe.o(RESET) refers to startup_stm32f103xe.o(.text) for Reset_Handler
    startup_stm32f103xe.o(RESET) refers to stm32f1xx_it.o(i.NMI_Handler) for NMI_Handler
    startup_stm32f103xe.o(RESET) refers to stm32f1xx_it.o(i.HardFault_Handler) for HardFault_Handler
    startup_stm32f103xe.o(RESET) refers to stm32f1xx_it.o(i.MemManage_Handler) for MemManage_Handler
    startup_stm32f103xe.o(RESET) refers to stm32f1xx_it.o(i.BusFault_Handler) for BusFault_Handler
    startup_stm32f103xe.o(RESET) refers to stm32f1xx_it.o(i.UsageFault_Handler) for UsageFault_Handler
    startup_stm32f103xe.o(RESET) refers to stm32f1xx_it.o(i.SVC_Handler) for SVC_Handler
    startup_stm32f103xe.o(RESET) refers to stm32f1xx_it.o(i.DebugMon_Handler) for DebugMon_Handler
    startup_stm32f103xe.o(RESET) refers to stm32f1xx_it.o(i.PendSV_Handler) for PendSV_Handler
    startup_stm32f103xe.o(RESET) refers to stm32f1xx_it.o(i.SysTick_Handler) for SysTick_Handler
    startup_stm32f103xe.o(RESET) refers to stm32f1xx_it.o(i.DMA1_Channel3_IRQHandler) for DMA1_Channel3_IRQHandler
    startup_stm32f103xe.o(RESET) refers to stm32f1xx_it.o(i.DMA1_Channel6_IRQHandler) for DMA1_Channel6_IRQHandler
    startup_stm32f103xe.o(RESET) refers to stm32f1xx_it.o(i.USART2_IRQHandler) for USART2_IRQHandler
    startup_stm32f103xe.o(.text) refers (Special) to heapauxi.o(.text) for __use_two_region_memory
    startup_stm32f103xe.o(.text) refers to system_stm32f1xx.o(i.SystemInit) for SystemInit
    startup_stm32f103xe.o(.text) refers to __main.o(!!!main) for __main
    startup_stm32f103xe.o(.text) refers to startup_stm32f103xe.o(HEAP) for Heap_Mem
    startup_stm32f103xe.o(.text) refers to startup_stm32f103xe.o(STACK) for Stack_Mem
    main.o(i.SystemClock_Config) refers to rt_memclr_w.o(.text) for __aeabi_memclr4
    main.o(i.SystemClock_Config) refers to stm32f1xx_hal_rcc.o(i.HAL_RCC_OscConfig) for HAL_RCC_OscConfig
    main.o(i.SystemClock_Config) refers to main.o(i.Error_Handler) for Error_Handler
    main.o(i.SystemClock_Config) refers to stm32f1xx_hal_rcc.o(i.HAL_RCC_ClockConfig) for HAL_RCC_ClockConfig
    main.o(i.main) refers to stm32f1xx_hal.o(i.HAL_Init) for HAL_Init
    main.o(i.main) refers to main.o(i.SystemClock_Config) for SystemClock_Config
    main.o(i.main) refers to gpio.o(i.MX_GPIO_Init) for MX_GPIO_Init
    main.o(i.main) refers to dma.o(i.MX_DMA_Init) for MX_DMA_Init
    main.o(i.main) refers to usart.o(i.MX_USART2_UART_Init) for MX_USART2_UART_Init
    main.o(i.main) refers to usart.o(i.MX_USART3_UART_Init) for MX_USART3_UART_Init
    main.o(i.main) refers to driver_a7680c.o(i.a7680c_Init) for a7680c_Init
    main.o(i.main) refers to stm32f1xx_hal.o(i.HAL_GetTick) for HAL_GetTick
    main.o(i.main) refers to driver_a7680c.o(i.a7680c_Task) for a7680c_Task
    main.o(i.main) refers to main.o(.data) for last_1ms
    gpio.o(i.MX_GPIO_Init) refers to stm32f1xx_hal_gpio.o(i.HAL_GPIO_WritePin) for HAL_GPIO_WritePin
    gpio.o(i.MX_GPIO_Init) refers to stm32f1xx_hal_gpio.o(i.HAL_GPIO_Init) for HAL_GPIO_Init
    dma.o(i.MX_DMA_Init) refers to stm32f1xx_hal_cortex.o(i.HAL_NVIC_SetPriority) for HAL_NVIC_SetPriority
    dma.o(i.MX_DMA_Init) refers to stm32f1xx_hal_cortex.o(i.HAL_NVIC_EnableIRQ) for HAL_NVIC_EnableIRQ
    usart.o(i.HAL_UART_MspDeInit) refers to stm32f1xx_hal_gpio.o(i.HAL_GPIO_DeInit) for HAL_GPIO_DeInit
    usart.o(i.HAL_UART_MspDeInit) refers to stm32f1xx_hal_dma.o(i.HAL_DMA_DeInit) for HAL_DMA_DeInit
    usart.o(i.HAL_UART_MspDeInit) refers to stm32f1xx_hal_cortex.o(i.HAL_NVIC_DisableIRQ) for HAL_NVIC_DisableIRQ
    usart.o(i.HAL_UART_MspInit) refers to stm32f1xx_hal_gpio.o(i.HAL_GPIO_Init) for HAL_GPIO_Init
    usart.o(i.HAL_UART_MspInit) refers to stm32f1xx_hal_dma.o(i.HAL_DMA_Init) for HAL_DMA_Init
    usart.o(i.HAL_UART_MspInit) refers to main.o(i.Error_Handler) for Error_Handler
    usart.o(i.HAL_UART_MspInit) refers to stm32f1xx_hal_cortex.o(i.HAL_NVIC_SetPriority) for HAL_NVIC_SetPriority
    usart.o(i.HAL_UART_MspInit) refers to stm32f1xx_hal_cortex.o(i.HAL_NVIC_EnableIRQ) for HAL_NVIC_EnableIRQ
    usart.o(i.HAL_UART_MspInit) refers to usart.o(.bss) for hdma_usart2_rx
    usart.o(i.MX_USART2_UART_Init) refers to stm32f1xx_hal_uart.o(i.HAL_UART_Init) for HAL_UART_Init
    usart.o(i.MX_USART2_UART_Init) refers to main.o(i.Error_Handler) for Error_Handler
    usart.o(i.MX_USART2_UART_Init) refers to usart.o(.bss) for huart2
[...]
    i.HAL_DMA_IRQHandler                     0x08002108   Section        0  stm32f1xx_hal_dma.o(i.HAL_DMA_IRQHandler)
    i.HAL_DMA_Init                           0x080024a0   Section        0  stm32f1xx_hal_dma.o(i.HAL_DMA_Init)
    i.HAL_DMA_Start_IT                       0x0800252c   Section        0  stm32f1xx_hal_dma.o(i.HAL_DMA_Start_IT)
    i.HAL_Delay                              0x080025c8   Section        0  stm32f1xx_hal.o(i.HAL_Delay)
    i.HAL_GPIO_Init                          0x080025f0   Section        0  stm32f1xx_hal_gpio.o(i.HAL_GPIO_Init)
    i.HAL_GPIO_WritePin                      0x08002930   Section        0  stm32f1xx_hal_gpio.o(i.HAL_GPIO_WritePin)
    i.HAL_GetTick                            0x0800293c   Section        0  stm32f1xx_hal.o(i.HAL_GetTick)
    i.HAL_IncTick                            0x08002948   Section        0  stm32f1xx_hal.o(i.HAL_IncTick)
    i.HAL_Init                               0x08002960   Section        0  stm32f1xx_hal.o(i.HAL_Init)
    i.HAL_InitTick                           0x08002988   Section        0  stm32f1xx_hal.o(i.HAL_InitTick)
    i.HAL_MspInit                            0x080029d4   Section        0  stm32f1xx_hal_msp.o(i.HAL_MspInit)
    i.HAL_NVIC_EnableIRQ                     0x08002a28   Section        0  stm32f1xx_hal_cortex.o(i.HAL_NVIC_EnableIRQ)
    i.HAL_NVIC_SetPriority                   0x08002a48   Section        0  stm32f1xx_hal_cortex.o(i.HAL_NVIC_SetPriority)
    i.HAL_NVIC_SetPriorityGrouping           0x08002ac4   Section        0  stm32f1xx_hal_cortex.o(i.HAL_NVIC_SetPriorityGrouping)
    i.HAL_RCC_ClockConfig                    0x08002aec   Section        0  stm32f1xx_hal_rcc.o(i.HAL_RCC_ClockConfig)
    i.HAL_RCC_GetHCLKFreq                    0x08002c78   Section        0  stm32f1xx_hal_rcc.o(i.HAL_RCC_GetHCLKFreq)
    i.HAL_RCC_GetPCLK1Freq                   0x08002c84   Section        0  stm32f1xx_hal_rcc.o(i.HAL_RCC_GetPCLK1Freq)
    i.HAL_RCC_GetPCLK2Freq                   0x08002ca4   Section        0  stm32f1xx_hal_rcc.o(i.HAL_RCC_GetPCLK2Freq)
    i.HAL_RCC_GetSysClockFreq                0x08002cc4   Section        0  stm32f1xx_hal_rcc.o(i.HAL_RCC_GetSysClockFreq)
    i.HAL_RCC_OscConfig                      0x08002d34   Section        0  stm32f1xx_hal_rcc.o(i.HAL_RCC_OscConfig)
    i.HAL_SYSTICK_Config                     0x08003198   Section        0  stm32f1xx_hal_cortex.o(i.HAL_SYSTICK_Config)
    i.HAL_UARTEx_ReceiveToIdle_DMA           0x080031cc   Section        0  stm32f1xx_hal_uart.o(i.HAL_UARTEx_ReceiveToIdle_DMA)
    i.HAL_UARTEx_RxEventCallback             0x0800323c   Section        0  driver_uart_4g.o(i.HAL_UARTEx_RxEventCallback)
    i.HAL_UART_AbortReceive                  0x0800328c   Section        0  stm32f1xx_hal_uart.o(i.HAL_UART_AbortReceive)
    i.HAL_UART_ErrorCallback                 0x08003350   Section        0  driver_uart_4g.o(i.HAL_UART_ErrorCallback)
    i.HAL_UART_IRQHandler                    0x08003388   Section        0  stm32f1xx_hal_uart.o(i.HAL_UART_IRQHandler)
    i.HAL_UART_Init                          0x0800366c   Section        0  stm32f1xx_hal_uart.o(i.HAL_UART_Init)
    i.HAL_UART_MspInit                       0x080036e4   Section        0  usart.o(i.HAL_UART_MspInit)
    i.HAL_UART_RxCpltCallback                0x08003888   Section        0  stm32f1xx_hal_uart.o(i.HAL_UART_RxCpltCallback)
    i.HAL_UART_RxHalfCpltCallback            0x0800388a   Section        0  stm32f1xx_hal_uart.o(i.HAL_UART_RxHalfCpltCallback)
    i.HAL_UART_Transmit                      0x0800388c   Section        0  stm32f1xx_hal_uart.o(i.HAL_UART_Transmit)
    i.HAL_UART_TxCpltCallback                0x0800394a   Section        0  stm32f1xx_hal_uart.o(i.HAL_UART_TxCpltCallback)
    i.HardFault_Handler                      0x0800394c   Section        0  stm32f1xx_it.o(i.HardFault_Handler)
    i.MX_DMA_Init                            0x08003950   Section        0  dma.o(i.MX_DMA_Init)
    i.MX_GPIO_Init                           0x08003994   Section        0  gpio.o(i.MX_GPIO_Init)
    i.MX_USART2_UART_Init                    0x08003a24   Section        0  usart.o(i.MX_USART2_UART_Init)
    i.MX_USART3_UART_Init                    0x08003a5c   Section        0  usart.o(i.MX_USART3_UART_Init)
    i.MemManage_Handler                      0x08003a94   Section        0  stm32f1xx_it.o(i.MemManage_Handler)
    i.NMI_Handler                            0x08003a98   Section        0  stm32f1xx_it.o(i.NMI_Handler)
    i.PendSV_Handler                         0x08003a9c   Section        0  stm32f1xx_it.o(i.PendSV_Handler)
    i.RCC_Delay                              0x08003aa0   Section        0  stm32f1xx_hal_rcc.o(i.RCC_Delay)
    RCC_Delay                                0x08003aa1   Thumb Code    36  stm32f1xx_hal_rcc.o(i.RCC_Delay)
    i.SVC_Handler                            0x08003ac8   Section        0  stm32f1xx_it.o(i.SVC_Handler)
    i.SysTick_Handler                        0x08003aca   Section        0  stm32f1xx_it.o(i.SysTick_Handler)
    i.SystemClock_Config                     0x08003ad2   Section        0  main.o(i.SystemClock_Config)
    i.SystemInit                             0x08003b38   Section        0  system_stm32f1xx.o(i.SystemInit)
    i.U2Rx_Buff_Init                         0x08003b3c   Section        0  driver_uart_4g.o(i.U2Rx_Buff_Init)
    i.U2Tx_Buff_Init                         0x08003b78   Section        0  driver_uart_4g.o(i.U2Tx_Buff_Init)
    i.U2_Init                                0x08003bb4   Section        0  driver_uart_4g.o(i.U2_Init)
    i.U2_Printf                              0x08003be8   Section        0  driver_uart_4g.o(i.U2_Printf)
    i.U2_Receiving_processing                0x08003c24   Section        0  driver_uart_4g.o(i.U2_Receiving_processing)
    i.U2_RxDataEvent                         0x08003cac   Section        0  driver_uart_4g.o(i.U2_RxDataEvent)
    i.U2_TxData                              0x08003e04   Section        0  driver_uart_4g.o(i.U2_TxData)
    i.U2_TxDataEvent                         0x08003e20   Section        0  driver_uart_4g.o(i.U2_TxDataEvent)
    i.UART_DMAAbortOnError                   0x08003e30   Section        0  stm32f1xx_hal_uart.o(i.UART_DMAAbortOnError)
    UART_DMAAbortOnError                     0x08003e31   Thumb Code    20  stm32f1xx_hal_uart.o(i.UART_DMAAbortOnError)
    i.UART_DMAError                          0x08003e44   Section        0  stm32f1xx_hal_uart.o(i.UART_DMAError)
    UART_DMAError                            0x08003e45   Thumb Code    80  stm32f1xx_hal_uart.o(i.UART_DMAError)
    i.UART_DMAReceiveCplt                    0x08003e94   Section        0  stm32f1xx_hal_uart.o(i.UART_DMAReceiveCplt)
    UART_DMAReceiveCplt                      0x08003e95   Thumb Code   180  stm32f1xx_hal_uart.o(i.UART_DMAReceiveCplt)
    i.UART_DMARxHalfCplt                     0x08003f48   Section        0  stm32f1xx_hal_uart.o(i.UART_DMARxHalfCplt)
    UART_DMARxHalfCplt                       0x08003f49   Thumb Code    36  stm32f1xx_hal_uart.o(i.UART_DMARxHalfCplt)
    i.UART_EndRxTransfer                     0x08003f6c   Section        0  stm32f1xx_hal_uart.o(i.UART_EndRxTransfer)
    UART_EndRxTransfer                       0x08003f6d   Thumb Code   108  stm32f1xx_hal_uart.o(i.UART_EndRxTransfer)
    i.UART_EndTransmit_IT                    0x08003fd8   Section        0  stm32f1xx_hal_uart.o(i.UART_EndTransmit_IT)
    UART_EndTransmit_IT                      0x08003fd9   Thumb Code    32  stm32f1xx_hal_uart.o(i.UART_EndTransmit_IT)
    i.UART_EndTxTransfer                     0x08003ff8   Section        0  stm32f1xx_hal_uart.o(i.UART_EndTxTransfer)
    UART_EndTxTransfer                       0x08003ff9   Thumb Code    38  stm32f1xx_hal_uart.o(i.UART_EndTxTransfer)
    i.UART_Receive_IT                        0x0800401e   Section        0  stm32f1xx_hal_uart.o(i.UART_Receive_IT)
    UART_Receive_IT                          0x0800401f   Thumb Code   252  stm32f1xx_hal_uart.o(i.UART_Receive_IT)
    i.UART_SetConfig                         0x0800411c   Section        0  stm32f1xx_hal_uart.o(i.UART_SetConfig)
    UART_SetConfig                           0x0800411d   Thumb Code   248  stm32f1xx_hal_uart.o(i.UART_SetConfig)
    i.UART_Start_Receive_DMA                 0x08004218   Section        0  stm32f1xx_hal_uart.o(i.UART_Start_Receive_DMA)
    i.UART_Transmit_IT                       0x080042e0   Section        0  stm32f1xx_hal_uart.o(i.UART_Transmit_IT)
    UART_Transmit_IT                         0x080042e1   Thumb Code    96  stm32f1xx_hal_uart.o(i.UART_Transmit_IT)
    i.UART_WaitOnFlagUntilTimeout            0x08004340   Section        0  stm32f1xx_hal_uart.o(i.UART_WaitOnFlagUntilTimeout)
    UART_WaitOnFlagUntilTimeout              0x08004341   Thumb Code   140  stm32f1xx_hal_uart.o(i.UART_WaitOnFlagUntilTimeout)
    i.USART2_IRQHandler                      0x080043cc   Section        0  stm32f1xx_it.o(i.USART2_IRQHandler)
    i.U_ProcessCclbuf                        0x080043dc   Section        0  driver_uart_4g.o(i.U_ProcessCclbuf)
    i.UsageFault_Handler                     0x08004456   Section        0  stm32f1xx_it.o(i.UsageFault_Handler)
    i.__ARM_fpclassify                       0x0800445a   Section        0  fpclassify.o(i.__ARM_fpclassify)
    i.__NVIC_GetPriorityGrouping             0x08004484   Section        0  stm32f1xx_hal_cortex.o(i.__NVIC_GetPriorityGrouping)
    __NVIC_GetPriorityGrouping               0x08004485   Thumb Code    10  stm32f1xx_hal_cortex.o(i.__NVIC_GetPriorityGrouping)
    i.__NVIC_SetPriority                     0x08004494   Section        0  stm32f1xx_hal_cortex.o(i.__NVIC_SetPriority)
    __NVIC_SetPriority                       0x08004495   Thumb Code    32  stm32f1xx_hal_cortex.o(i.__NVIC_SetPriority)
    i._is_digit                              0x080044bc   Section        0  __printf_wp.o(i._is_digit)
    i.a7680c_Cmd                             0x080044cc   Section        0  driver_a7680c.o(i.a7680c_Cmd)
    i.a7680c_Connect_IoTServer               0x08004518   Section        0  driver_a7680c.o(i.a7680c_Connect_IoTServer)
    i.a7680c_Init                            0x0800482c   Section        0  driver_a7680c.o(i.a7680c_Init)
    i.a7680c_PropertyPost                    0x08004890   Section        0  driver_a7680c.o(i.a7680c_PropertyPost)
    i.a7680c_Report                          0x080048d0   Section        0  driver_a7680c.o(i.a7680c_Report)
    i.a7680c_Task                            0x080049d0   Section        0  driver_a7680c.o(i.a7680c_Task)
    i.a7680c_power_on                        0x080049e0   Section        0  driver_a7680c.o(i.a7680c_power_on)
    i.a7680c_reconnect                       0x08004a38   Section        0  driver_a7680c.o(i.a7680c_reconnect)
    i.a7680c_rst                             0x08004a98   Section        0  driver_a7680c.o(i.a7680c_rst)
    i.main                                   0x08004af4   Section        0  main.o(i.main)
    locale$$code                             0x08004b60   Section       44  lc_numeric_c.o(locale$$code)
    locale$$code                             0x08004b8c   Section       44  lc_ctype_c.o(locale$$code)
    x$fpl$printf1                            0x08004bb8   Section        4  printf1.o(x$fpl$printf1)
    x$fpl$printf2                            0x08004bbc   Section        4  printf2.o(x$fpl$printf2)
    .constdata                               0x08004bc0   Section       18  stm32f1xx_hal_rcc.o(.constdata)
    x$fpl$usenofp                            0x08004bc0   Section        0  usenofp.o(x$fpl$usenofp)
    aPLLMULFactorTable                       0x08004bc0   Data          16  stm32f1xx_hal_rcc.o(.constdata)
    aPredivFactorTable                       0x08004bd0   Data           2  stm32f1xx_hal_rcc.o(.constdata)
    .constdata                               0x08004bd2   Section       24  system_stm32f1xx.o(.constdata)
    .constdata                               0x08004bea   Section       17  __printf_flags_ss_wp.o(.constdata)
    maptable                                 0x08004bea   Data          17  __printf_flags_ss_wp.o(.constdata)
    .constdata                               0x08004bfc   Section        8  _printf_wctomb.o(.constdata)
    initial_mbstate                          0x08004bfc   Data           8  _printf_wctomb.o(.constdata)
    .constdata                               0x08004c04   Section       40  _printf_hex_int_ll_ptr.o(.constdata)
    uc_hextab                                0x08004c04   Data          20  _printf_hex_int_ll_ptr.o(.constdata)
    lc_hextab                                0x08004c18   Data          20  _printf_hex_int_ll_ptr.o(.constdata)
    .constdata                               0x08004c2c   Section       38  _printf_fp_hex.o(.constdata)
    lc_hextab                                0x08004c2c   Data          19  _printf_fp_hex.o(.constdata)
    uc_hextab                                0x08004c3f   Data          19  _printf_fp_hex.o(.constdata)
    .constdata                               0x08004c54   Section      148  bigflt0.o(.constdata)
    tenpwrs_x                                0x08004c54   Data          60  bigflt0.o(.constdata)
    tenpwrs_i                                0x08004c90   Data          64  bigflt0.o(.constdata)
    .conststring                             0x08004ce8   Section      161  driver_uart_4g.o(.conststring)
    .conststring                             0x08004d8c   Section      411  driver_a7680c.o(.conststring)
    locale$$data                             0x08004f48   Section       28  lc_numeric_c.o(locale$$data)
    __lcnum_c_name                           0x08004f4c   Data           2  lc_numeric_c.o(locale$$data)
    __lcnum_c_start                          0x08004f54   Data           0  lc_numeric_c.o(locale$$data)
    __lcnum_c_point                          0x08004f60   Data           0  lc_numeric_c.o(locale$$data)
    __lcnum_c_thousands                      0x08004f62   Data           0  lc_numeric_c.o(locale$$data)
    __lcnum_c_grouping                       0x08004f63   Data           0  lc_numeric_c.o(locale$$data)
    locale$$data                             0x08004f64   Section      272  lc_ctype_c.o(locale$$data)
    __lcnum_c_end                            0x08004f64   Data           0  lc_numeric_c.o(locale$$data)
    __lcctype_c_name                         0x08004f68   Data           2  lc_ctype_c.o(locale$$data)
    __lcctype_c_start                        0x08004f70   Data           0  lc_ctype_c.o(locale$$data)
    __lcctype_c_end                          0x08005074   Data           0  lc_ctype_c.o(locale$$data)
    .data                                    0x20000000   Section       12  main.o(.data)
    .data                                    0x2000000c   Section        9  stm32f1xx_hal.o(.data)
    .data                                    0x20000018   Section        4  system_stm32f1xx.o(.data)
    .data                                    0x2000001c   Section       12  driver_uart_4g.o(.data)
    error_count                              0x2000001c   Data           1  driver_uart_4g.o(.data)
    rx_tick                                  0x20000020   Data           4  driver_uart_4g.o(.data)
    tx_tick                                  0x20000024   Data           4  driver_uart_4g.o(.data)
    .data                                    0x20000028   Section       20  driver_a7680c.o(.data)
    tick                                     0x2000002c   Data           4  driver_a7680c.o(.data)
    step                                     0x20000030   Data           1  driver_a7680c.o(.data)
    light                                    0x20000031   Data           1  driver_a7680c.o(.data)
    timeout                                  0x20000034   Data           4  driver_a7680c.o(.data)
    tick                                     0x20000038   Data           4  driver_a7680c.o(.data)
    .bss                                     0x2000003c   Section      280  usart.o(.bss)
    .bss                                     0x20000154   Section     9856  driver_uart_4g.o(.bss)
    .bss                                     0x200027d4   Section      512  driver_a7680c.o(.bss)
    .bss                                     0x200029d4   Section       96  libspace.o(.bss)
    HEAP                                     0x20002a38   Section      512  startup_stm32f103xe.o(HEAP)
    Heap_Mem                                 0x20002a38   Data         512  startup_stm32f103xe.o(HEAP)
    STACK                                    0x20002c38   Section     1024  startup_stm32f103xe.o(STACK)
    Stack_Mem                                0x20002c38   Data        1024  startup_stm32f103xe.o(STACK)
    __initial_sp                             0x20003038   Data           0  startup_stm32f103xe.o(STACK)

    Global Symbols

    Symbol Name                              Value     Ov Type        Size  Object(Section)

    BuildAttributes$$THM_ISAv4$P$D$K$B$S$PE$A:L22UL41UL21$X:L11$S22US41US21$IEEE1$IW$USESV6$~STKCKD$USESV7$~SHL$OTIME$ROPI$IEEEJ$EBA8$UX$STANDARDLIB$REQ8$PRES8$EABIv2 0x00000000   Number         0  anon$$obj.o ABSOLUTE
    __ARM_use_no_argv                        0x00000000   Number         0  main.o ABSOLUTE
    _printf_flags                            0x00000000   Number         0  printf_stubs.o ABSOLUTE
    _printf_return_value                     0x00000000   Number         0  printf_stubs.o ABSOLUTE
    _printf_sizespec                         0x00000000   Number         0  printf_stubs.o ABSOLUTE
    _printf_widthprec                        0x00000000   Number         0  printf_stubs.o ABSOLUTE
    __ARM_exceptions_init                     - Undefined Weak Reference
    __alloca_initialize                       - Undefined Weak Reference
    __arm_preinit_                            - Undefined Weak Reference
    __cpp_initialize__aeabi_                  - Undefined Weak Reference
    __cxa_finalize                            - Undefined Weak Reference
    __sigvec_lookup                           - Undefined Weak Reference
    _atexit_init                              - Undefined Weak Reference
    _call_atexit_fns                          - Undefined Weak Reference
    _clock_init                               - Undefined Weak Reference
    _fp_trap_init                             - Undefined Weak Reference
    _fp_trap_shutdown                         - Undefined Weak Reference
    _get_lc_collate                           - Undefined Weak Reference
    _get_lc_monetary                          - Undefined Weak Reference
    _get_lc_time                              - Undefined Weak Reference
    _getenv_init                              - Undefined Weak Reference
    _handle_redirection                       - Undefined Weak Reference
    _init_alloc                               - Undefined Weak Reference
    _init_user_alloc                          - Undefined Weak Reference
    _initio                                   - Undefined Weak Reference
    _printf_mbtowc                            - Undefined Weak Reference
    _printf_wc                                - Undefined Weak Reference
    _rand_init                                - Undefined Weak Reference
    _signal_finish                            - Undefined Weak Reference
    _signal_init                              - Undefined Weak Reference
    _terminate_alloc                          - Undefined Weak Reference
    _terminate_user_alloc                     - Undefined Weak Reference
    _terminateio                              - Undefined Weak Reference
    __Vectors_Size                           0x00000130   Number         0  startup_stm32f103xe.o ABSOLUTE
    __Vectors                                0x08000000   Data           4  startup_stm32f103xe.o(RESET)
    __Vectors_End                            0x08000130   Data           0  startup_stm32f103xe.o(RESET)
    __main                                   0x08000131   Thumb Code     8  __main.o(!!!main)
    __scatterload                            0x08000139   Thumb Code     0  __scatter.o(!!!scatter)
    __scatterload_rt2                        0x08000139   Thumb Code    44  __scatter.o(!!!scatter)
    __scatterload_rt2_thumb_only             0x08000139   Thumb Code     0  __scatter.o(!!!scatter)
    __scatterload_null                       0x08000147   Thumb Code     0  __scatter.o(!!!scatter)
    __scatterload_copy                       0x0800016d   Thumb Code    26  __scatter_copy.o(!!handler_copy)
    __scatterload_zeroinit                   0x08000189   Thumb Code    28  __scatter_zi.o(!!handler_zi)
    _printf_n                                0x080001a5   Thumb Code     0  _printf_n.o(.ARM.Collect$$_printf_percent$$00000001)
    _printf_percent                          0x080001a5   Thumb Code     0  _printf_percent.o(.ARM.Collect$$_printf_percent$$00000000)
    _printf_p                                0x080001ab   Thumb Code     0  _printf_p.o(.ARM.Collect$$_printf_percent$$00000002)
    _printf_f                                0x080001b1   Thumb Code     0  _printf_f.o(.ARM.Collect$$_printf_percent$$00000003)
    _printf_e                                0x080001b7   Thumb Code     0  _printf_e.o(.ARM.Collect$$_printf_percent$$00000004)
    _printf_g                                0x080001bd   Thumb Code     0  _printf_g.o(.ARM.Collect$$_printf_percent$$00000005)
    _printf_a                                0x080001c3   Thumb Code     0  _printf_a.o(.ARM.Collect$$_printf_percent$$00000006)
    _printf_ll                               0x080001c9   Thumb Code     0  _printf_ll.o(.ARM.Collect$$_printf_percent$$00000007)
    _printf_i                                0x080001d3   Thumb Code     0  _printf_i.o(.ARM.Collect$$_printf_percent$$00000008)
    _printf_d                                0x080001d9   Thumb Code     0  _printf_d.o(.ARM.Collect$$_printf_percent$$00000009)
    _printf_u                                0x080001df   Thumb Code     0  _printf_u.o(.ARM.Collect$$_printf_percent$$0000000A)
    _printf_o                                0x080001e5   Thumb Code     0  _printf_o.o(.ARM.Collect$$_printf_percent$$0000000B)
    _printf_x                                0x080001eb   Thumb Code     0  _printf_x.o(.ARM.Collect$$_printf_percent$$0000000C)
    _printf_lli                              0x080001f1   Thumb Code     0  _printf_lli.o(.ARM.Collect$$_printf_percent$$0000000D)
    _printf_lld                              0x080001f7   Thumb Code     0  _printf_lld.o(.ARM.Collect$$_printf_percent$$0000000E)
    _printf_llu                              0x080001fd   Thumb Code     0  _printf_llu.o(.ARM.Collect$$_printf_percent$$0000000F)
    _printf_llo                              0x08000203   Thumb Code     0  _printf_llo.o(.ARM.Collect$$_printf_percent$$00000010)
    _printf_llx                              0x08000209   Thumb Code     0  _printf_llx.o(.ARM.Collect$$_printf_percent$$00000011)
    _printf_l                                0x0800020f   Thumb Code     0  _printf_l.o(.ARM.Collect$$_printf_percent$$00000012)
    _printf_c                                0x08000219   Thumb Code     0  _printf_c.o(.ARM.Collect$$_printf_percent$$00000013)
    _printf_s                                0x0800021f   Thumb Code     0  _printf_s.o(.ARM.Collect$$_printf_percent$$00000014)
    _printf_lc                               0x08000225   Thumb Code     0  _printf_lc.o(.ARM.Collect$$_printf_percent$$00000015)
    _printf_ls                               0x0800022b   Thumb Code     0  _printf_ls.o(.ARM.Collect$$_printf_percent$$00000016)
    _printf_percent_end                      0x08000231   Thumb Code     0  _printf_percent_end.o(.ARM.Collect$$_printf_percent$$00000017)
    __rt_lib_init                            0x08000235   Thumb Code     0  libinit.o(.ARM.Collect$$libinit$$00000000)
    __rt_lib_init_fp_1                       0x08000237   Thumb Code     0  libinit2.o(.ARM.Collect$$libinit$$00000002)
    __rt_lib_init_heap_1                     0x08000237   Thumb Code     0  libinit2.o(.ARM.Collect$$libinit$$0000000A)
    __rt_lib_init_lc_common                  0x08000237   Thumb Code     0  libinit2.o(.ARM.Collect$$libinit$$0000000F)
    __rt_lib_init_preinit_1                  0x08000237   Thumb Code     0  libinit2.o(.ARM.Collect$$libinit$$00000004)
    __rt_lib_init_rand_1                     0x08000237   Thumb Code     0  libinit2.o(.ARM.Collect$$libinit$$0000000E)
    __rt_lib_init_user_alloc_1               0x08000237   Thumb Code     0  libinit2.o(.ARM.Collect$$libinit$$0000000C)
    __rt_lib_init_lc_collate_1               0x0800023d   Thumb Code     0  libinit2.o(.ARM.Collect$$libinit$$00000011)
    __rt_lib_init_lc_ctype_2                 0x0800023d   Thumb Code     0  libinit2.o(.ARM.Collect$$libinit$$00000012)
    __rt_lib_init_lc_ctype_1                 0x08000249   Thumb Code     0  libinit2.o(.ARM.Collect$$libinit$$00000013)
    __rt_lib_init_lc_monetary_1              0x08000249   Thumb Code     0  libinit2.o(.ARM.Collect$$libinit$$00000015)
    __rt_lib_init_lc_numeric_2               0x08000249   Thumb Code     0  libinit2.o(.ARM.Collect$$libinit$$00000016)
    __rt_lib_init_alloca_1                   0x08000253   Thumb Code     0  libinit2.o(.ARM.Collect$$libinit$$0000002E)
    __rt_lib_init_argv_1                     0x08000253   Thumb Code     0  libinit2.o(.ARM.Collect$$libinit$$0000002C)
    __rt_lib_init_atexit_1                   0x08000253   Thumb Code     0  libinit2.o(.ARM.Collect$$libinit$$0000001B)
    __rt_lib_init_clock_1                    0x08000253   Thumb Code     0  libinit2.o(.ARM.Collect$$libinit$$00000021)
    __rt_lib_init_cpp_1                      0x08000253   Thumb Code     0  libinit2.o(.ARM.Collect$$libinit$$00000032)
    __rt_lib_init_exceptions_1               0x08000253   Thumb Code     0  libinit2.o(.ARM.Collect$$libinit$$00000030)
    __rt_lib_init_fp_trap_1                  0x08000253   Thumb Code     0  libinit2.o(.ARM.Collect$$libinit$$0000001F)
    __rt_lib_init_getenv_1                   0x08000253   Thumb Code     0  libinit2.o(.ARM.Collect$$libinit$$00000023)
    __rt_lib_init_lc_numeric_1               0x08000253   Thumb Code     0  libinit2.o(.ARM.Collect$$libinit$$00000017)
    __rt_lib_init_lc_time_1                  0x08000253   Thumb Code     0  libinit2.o(.ARM.Collect$$libinit$$00000019)
    __rt_lib_init_return                     0x08000253   Thumb Code     0  libinit2.o(.ARM.Collect$$libinit$$00000033)
    __rt_lib_init_signal_1                   0x08000253   Thumb Code     0  libinit2.o(.ARM.Collect$$libinit$$0000001D)
    __rt_lib_init_stdio_1                    0x08000253   Thumb Code     0  libinit2.o(.ARM.Collect$$libinit$$00000025)
    __rt_lib_shutdown                        0x08000255   Thumb Code     0  libshutdown.o(.ARM.Collect$$libshutdown$$00000000)
    __rt_lib_shutdown_cpp_1                  0x08000257   Thumb Code     0  libshutdown2.o(.ARM.Collect$$libshutdown$$00000002)
    __rt_lib_shutdown_fp_trap_1              0x08000257   Thumb Code     0  libshutdown2.o(.ARM.Collect$$libshutdown$$00000007)
    __rt_lib_shutdown_heap_1                 0x08000257   Thumb Code     0  libshutdown2.o(.ARM.Collect$$libshutdown$$0000000F)
    __rt_lib_shutdown_return                 0x08000257   Thumb Code     0  libshutdown2.o(.ARM.Collect$$libshutdown$$00000010)
    __rt_lib_shutdown_signal_1               0x08000257   Thumb Code     0  libshutdown2.o(.ARM.Collect$$libshutdown$$0000000A)
    __rt_lib_shutdown_stdio_1                0x08000257   Thumb Code     0  libshutdown2.o(.ARM.Collect$$libshutdown$$00000004)
    __rt_lib_shutdown_user_alloc_1           0x08000257   Thumb Code     0  libshutdown2.o(.ARM.Collect$$libshutdown$$0000000C)
    __rt_entry                               0x08000259   Thumb Code     0  __rtentry.o(.ARM.Collect$$rtentry$$00000000)
    __rt_entry_presh_1                       0x08000259   Thumb Code     0  __rtentry2.o(.ARM.Collect$$rtentry$$00000002)
    __rt_entry_sh                            0x08000259   Thumb Code     0  __rtentry4.o(.ARM.Collect$$rtentry$$00000004)
    __rt_entry_li                            0x0800025f   Thumb Code     0  __rtentry2.o(.ARM.Collect$$rtentry$$0000000A)
    __rt_entry_postsh_1                      0x0800025f   Thumb Code     0  __rtentry2.o(.ARM.Collect$$rtentry$$00000009)
    __rt_entry_main                          0x08000263   Thumb Code     0  __rtentry2.o(.ARM.Collect$$rtentry$$0000000D)
    __rt_entry_postli_1                      0x08000263   Thumb Code     0  __rtentry2.o(.ARM.Collect$$rtentry$$0000000C)
    __rt_exit                                0x0800026b   Thumb Code     0  rtexit.o(.ARM.Collect$$rtexit$$00000000)
    __rt_exit_ls                             0x0800026d   Thumb Code     0  rtexit2.o(.ARM.Collect$$rtexit$$00000003)
    __rt_exit_prels_1                        0x0800026d   Thumb Code     0  rtexit2.o(.ARM.Collect$$rtexit$$00000002)
    __rt_exit_exit                           0x08000271   Thumb Code     0  rtexit2.o(.ARM.Collect$$rtexit$$00000004)
    Reset_Handler                            0x08000279   Thumb Code     8  startup_stm32f103xe.o(.text)
    ADC1_2_IRQHandler                        0x08000293   Thumb Code     0  startup_stm32f103xe.o(.text)
    ADC3_IRQHandler                          0x08000293   Thumb Code     0  startup_stm32f103xe.o(.text)
    CAN1_RX1_IRQHandler                      0x08000293   Thumb Code     0  startup_stm32f103xe.o(.text)
    CAN1_SCE_IRQHandler                      0x08000293   Thumb Code     0  startup_stm32f103xe.o(.text)
    DMA1_Channel1_IRQHandler                 0x08000293   Thumb Code     0  startup_stm32f103xe.o(.text)
    DMA1_Channel2_IRQHandler                 0x08000293   Thumb Code     0  startup_stm32f103xe.o(.text)
    DMA1_Channel4_IRQHandler                 0x08000293   Thumb Code     0  startup_stm32f103xe.o(.text)
    DMA1_Channel5_IRQHandler                 0x08000293   Thumb Code     0  startup_stm32f103xe.o(.text)
    DMA1_Channel7_IRQHandler                 0x08000293   Thumb Code     0  startup_stm32f103xe.o(.text)
    DMA2_Channel1_IRQHandler                 0x08000293   Thumb Code     0  startup_stm32f103xe.o(.text)
    DMA2_Channel2_IRQHandler                 0x08000293   Thumb Code     0  startup_stm32f103xe.o(.text)
    DMA2_Channel3_IRQHandler                 0x08000293   Thumb Code     0  startup_stm32f103xe.o(.text)
    DMA2_Channel4_5_IRQHandler               0x08000293   Thumb Code     0  startup_stm32f103xe.o(.text)
    EXTI0_IRQHandler                         0x08000293   Thumb Code     0  startup_stm32f103xe.o(.text)
    EXTI15_10_IRQHandler                     0x08000293   Thumb Code     0  startup_stm32f103xe.o(.text)
    EXTI1_IRQHandler                         0x08000293   Thumb Code     0  startup_stm32f103xe.o(.text)
    EXTI2_IRQHandler                         0x08000293   Thumb Code     0  startup_stm32f103xe.o(.text)
    EXTI3_IRQHandler                         0x08000293   Thumb Code     0  startup_stm32f103xe.o(.text)
    EXTI4_IRQHandler                         0x08000293   Thumb Code     0  startup_stm32f103xe.o(.text)
    EXTI9_5_IRQHandler                       0x08000293   Thumb Code     0  startup_stm32f103xe.o(.text)
    FLASH_IRQHandler                         0x08000293   Thumb Code     0  startup_stm32f103xe.o(.text)
    FSMC_IRQHandler                          0x08000293   Thumb Code     0  startup_stm32f103xe.o(.text)
    I2C1_ER_IRQHandler                       0x08000293   Thumb Code     0  startup_stm32f103xe.o(.text)
    I2C1_EV_IRQHandler                       0x08000293   Thumb Code     0  startup_stm32f103xe.o(.text)
    I2C2_ER_IRQHandler                       0x08000293   Thumb Code     0  startup_stm32f103xe.o(.text)
    I2C2_EV_IRQHandler                       0x08000293   Thumb Code     0  startup_stm32f103xe.o(.text)
    PVD_IRQHandler                           0x08000293   Thumb Code     0  startup_stm32f103xe.o(.text)
    RCC_IRQHandler                           0x08000293   Thumb Code     0  startup_stm32f103xe.o(.text)
    RTC_Alarm_IRQHandler                     0x08000293   Thumb Code     0  startup_stm32f103xe.o(.text)
    RTC_IRQHandler                           0x08000293   Thumb Code     0  startup_stm32f103xe.o(.text)
    SDIO_IRQHandler                          0x08000293   Thumb Code     0  startup_stm32f103xe.o(.text)
    SPI1_IRQHandler                          0x08000293   Thumb Code     0  startup_stm32f103xe.o(.text)
    SPI2_IRQHandler                          0x08000293   Thumb Code     0  startup_stm32f103xe.o(.text)
    SPI3_IRQHandler                          0x08000293   Thumb Code     0  startup_stm32f103xe.o(.text)
    TAMPER_IRQHandler                        0x08000293   Thumb Code     0  startup_stm32f103xe.o(.text)
    TIM1_BRK_IRQHandler                      0x08000293   Thumb Code     0  startup_stm32f103xe.o(.text)
    TIM1_CC_IRQHandler                       0x08000293   Thumb Code     0  startup_stm32f103xe.o(.text)
    TIM1_TRG_COM_IRQHandler                  0x08000293   Thumb Code     0  startup_stm32f103xe.o(.text)
    TIM1_UP_IRQHandler                       0x08000293   Thumb Code     0  startup_stm32f103xe.o(.text)
    TIM2_IRQHandler                          0x08000293   Thumb Code     0  startup_stm32f103xe.o(.text)
    TIM3_IRQHandler                          0x08000293   Thumb Code     0  startup_stm32f103xe.o(.text)
    TIM4_IRQHandler                          0x08000293   Thumb Code     0  startup_stm32f103xe.o(.text)
    TIM5_IRQHandler                          0x08000293   Thumb Code     0  startup_stm32f103xe.o(.text)
    TIM6_IRQHandler                          0x08000293   Thumb Code     0  startup_stm32f103xe.o(.text)
    TIM7_IRQHandler                          0x08000293   Thumb Code     0  startup_stm32f103xe.o(.text)
    TIM8_BRK_IRQHandler                      0x08000293   Thumb Code     0  startup_stm32f103xe.o(.text)
    TIM8_CC_IRQHandler                       0x08000293   Thumb Code     0  startup_stm32f103xe.o(.text)
    TIM8_TRG_COM_IRQHandler                  0x08000293   Thumb Code     0  startup_stm32f103xe.o(.text)
    TIM8_UP_IRQHandler                       0x08000293   Thumb Code     0  startup_stm32f103xe.o(.text)
    UART4_IRQHandler                         0x08000293   Thumb Code     0  startup_stm32f103xe.o(.text)
    UART5_IRQHandler                         0x08000293   Thumb Code     0  startup_stm32f103xe.o(.text)
    USART1_IRQHandler                        0x08000293   Thumb Code     0  startup_stm32f103xe.o(.text)
    USART3_IRQHandler                        0x08000293   Thumb Code     0  startup_stm32f103xe.o(.text)
    USBWakeUp_IRQHandler                     0x08000293   Thumb Code     0  startup_stm32f103xe.o(.text)
    USB_HP_CAN1_TX_IRQHandler                0x08000293   Thumb Code     0  startup_stm32f103xe.o(.text)
    USB_LP_CAN1_RX0_IRQHandler               0x08000293   Thumb Code     0  startup_stm32f103xe.o(.text)
    WWDG_IRQHandler                          0x08000293   Thumb Code     0  startup_stm32f103xe.o(.text)
    __user_initial_stackheap                 0x08000295   Thumb Code     0  startup_stm32f103xe.o(.text)
    vsprintf                                 0x080002b9   Thumb Code    32  vsprintf.o(.text)
    __2sprintf                               0x080002dd   Thumb Code    38  __2sprintf.o(.text)
    _printf_str                              0x08000309   Thumb Code    82  _printf_str.o(.text)
    _printf_int_dec                          0x0800035d   Thumb Code   104  _printf_dec.o(.text)
    __printf                                 0x080003d5   Thumb Code   388  __printf_flags_ss_wp.o(.text)
    strstr                                   0x0800055d   Thumb Code    36  strstr.o(.text)
    strcpy                                   0x08000581   Thumb Code    72  strcpy.o(.text)
    strlen                                   0x080005c9   Thumb Code    62  strlen.o(.text)
    __aeabi_memcpy                           0x08000607   Thumb Code     0  rt_memcpy_v6.o(.text)
    __rt_memcpy                              0x08000607   Thumb Code   138  rt_memcpy_v6.o(.text)
    _memcpy_lastbytes                        0x0800066d   Thumb Code     0  rt_memcpy_v6.o(.text)
    __aeabi_memclr                           0x08000691   Thumb Code     0  rt_memclr.o(.text)
    __rt_memclr                              0x08000691   Thumb Code    68  rt_memclr.o(.text)
    _memset                                  0x08000695   Thumb Code     0  rt_memclr.o(.text)
    __aeabi_memclr4                          0x080006d5   Thumb Code     0  rt_memclr_w.o(.text)
    __aeabi_memclr8                          0x080006d5   Thumb Code     0  rt_memclr_w.o(.text)
    __rt_memclr_w                            0x080006d5   Thumb Code    78  rt_memclr_w.o(.text)
    _memset_w                                0x080006d9   Thumb Code     0  rt_memclr_w.o(.text)
    __use_two_region_memory                  0x08000723   Thumb Code     2  heapauxi.o(.text)
    __rt_heap_escrow$2region                 0x08000725   Thumb Code     2  heapauxi.o(.text)
    __rt_heap_expand$2region                 0x08000727   Thumb Code     2  heapauxi.o(.text)
    _printf_pre_padding                      0x08000729   Thumb Code    44  _printf_pad.o(.text)
    _printf_post_padding                     0x08000755   Thumb Code    34  _printf_pad.o(.text)
    _printf_truncate_signed                  0x08000777   Thumb Code    18  _printf_truncate.o(.text)
    _printf_truncate_unsigned                0x08000789   Thumb Code    18  _printf_truncate.o(.text)
    _printf_int_common                       0x0800079b   Thumb Code   178  _printf_intcommon.o(.text)
    _printf_charcount                        0x0800084d   Thumb Code    40  _printf_charcount.o(.text)
    _printf_char_common                      0x0800087f   Thumb Code    32  _printf_char_common.o(.text)
    _sputc                                   0x080008a5   Thumb Code    10  _sputc.o(.text)
    _printf_cs_common                        0x080008af   Thumb Code    20  _printf_char.o(.text)
    _printf_char                             0x080008c3   Thumb Code    16  _printf_char.o(.text)
    _printf_string                           0x080008d3   Thumb Code     8  _printf_char.o(.text)
    _printf_wctomb                           0x080008dd   Thumb Code   182  _printf_wctomb.o(.text)
    _printf_longlong_dec                     0x08000999   Thumb Code   108  _printf_longlong_dec.o(.text)
    _printf_longlong_oct                     0x08000a15   Thumb Code    66  _printf_oct_int_ll.o(.text)
    _printf_int_oct                          0x08000a57   Thumb Code    24  _printf_oct_int_ll.o(.text)
    _printf_ll_oct                           0x08000a6f   Thumb Code    12  _printf_oct_int_ll.o(.text)
    _printf_longlong_hex                     0x08000a85   Thumb Code    86  _printf_hex_int_ll_ptr.o(.text)
    _printf_int_hex                          0x08000adb   Thumb Code    28  _printf_hex_int_ll_ptr.o(.text)
    _printf_ll_hex                           0x08000af7   Thumb Code    12  _printf_hex_int_ll_ptr.o(.text)
    _printf_hex_ptr                          0x08000b03   Thumb Code    18  _printf_hex_int_ll_ptr.o(.text)
    __aeabi_memcpy4                          0x08000b19   Thumb Code     0  rt_memcpy_w.o(.text)
    __aeabi_memcpy8                          0x08000b19   Thumb Code     0  rt_memcpy_w.o(.text)
    __rt_memcpy_w                            0x08000b19   Thumb Code   100  rt_memcpy_w.o(.text)
    _memcpy_lastbytes_aligned                0x08000b61   Thumb Code     0  rt_memcpy_w.o(.text)
    _ll_udiv10                               0x08000b7d   Thumb Code   138  lludiv10.o(.text)
    __lib_sel_fp_printf                      0x08000c07   Thumb Code     2  _printf_fp_dec.o(.text)
    _printf_fp_dec_real                      0x08000db9   Thumb Code   620  _printf_fp_dec.o(.text)
    _printf_fp_hex_real                      0x08001025   Thumb Code   756  _printf_fp_hex.o(.text)
    _printf_lcs_common                       0x08001321   Thumb Code    20  _printf_wchar.o(.text)
    _printf_wchar                            0x08001335   Thumb Code    16  _printf_wchar.o(.text)
    _printf_wstring                          0x08001345   Thumb Code     8  _printf_wchar.o(.text)
    _wcrtomb                                 0x0800134d   Thumb Code    64  _wcrtomb.o(.text)
    __user_setup_stackheap                   0x0800138d   Thumb Code    74  sys_stackheap_outer.o(.text)
    __rt_ctype_table                         0x080013d9   Thumb Code    16  rt_ctype_table.o(.text)
    __rt_locale                              0x080013e9   Thumb Code     8  rt_locale_intlibspace.o(.text)
    _printf_fp_infnan                        0x080013f1   Thumb Code   112  _printf_fp_infnan.o(.text)
    _btod_etento                             0x08001471   Thumb Code   224  bigflt0.o(.text)
    exit                                     0x08001555   Thumb Code    18  exit.o(.text)
    __user_libspace                          0x08001569   Thumb Code     8  libspace.o(.text)
    __user_perproc_libspace                  0x08001569   Thumb Code     0  libspace.o(.text)
    __user_perthread_libspace                0x08001569   Thumb Code     0  libspace.o(.text)
    strcmp                                   0x08001571   Thumb Code   128  strcmpv7m.o(.text)
    _sys_exit                                0x080015f1   Thumb Code     8  sys_exit.o(.text)
    __I$use$semihosting                      0x080015fd   Thumb Code     0  use_no_semi.o(.text)
    __use_no_semihosting_swi                 0x080015fd   Thumb Code     2  use_no_semi.o(.text)
    __semihosting_library_function           0x080015ff   Thumb Code     0  indicate_semi.o(.text)
    _btod_d2e                                0x080015ff   Thumb Code    62  btod.o(CL$$btod_d2e)
    _d2e_denorm_low                          0x0800163d   Thumb Code    70  btod.o(CL$$btod_d2e_denorm_low)
    _d2e_norm_op1                            0x08001683   Thumb Code    96  btod.o(CL$$btod_d2e_norm_op1)
    __btod_div_common                        0x080016e3   Thumb Code   696  btod.o(CL$$btod_div_common)
    _e2e                                     0x08001a1b   Thumb Code   220  btod.o(CL$$btod_e2e)
    _btod_ediv                               0x08001af7   Thumb Code    42  btod.o(CL$$btod_ediv)
    _btod_emul                               0x08001b21   Thumb Code    42  btod.o(CL$$btod_emul)
    __btod_mult_common                       0x08001b4b   Thumb Code   580  btod.o(CL$$btod_mult_common)
    BusFault_Handler                         0x08001d8f   Thumb Code     4  stm32f1xx_it.o(i.BusFault_Handler)
    Command_GetRxLength                      0x08001d93   Thumb Code    36  driver_uart_4g.o(i.Command_GetRxLength)
    Command_GetRxRemain                      0x08001db7   Thumb Code    24  driver_uart_4g.o(i.Command_GetRxRemain)
    Command_WriteCclbuf                      0x08001dcf   Thumb Code   220  driver_uart_4g.o(i.Command_WriteCclbuf)
    DMA1_Channel3_IRQHandler                 0x08001ead   Thumb Code    10  stm32f1xx_it.o(i.DMA1_Channel3_IRQHandler)
    DMA1_Channel6_IRQHandler                 0x08001ebd   Thumb Code    10  stm32f1xx_it.o(i.DMA1_Channel6_IRQHandler)
    DebugMon_Handler                         0x08001ef9   Thumb Code     2  stm32f1xx_it.o(i.DebugMon_Handler)
    Error_Handler                            0x08001efb   Thumb Code     6  main.o(i.Error_Handler)
    HAL_DMA_Abort                            0x08001f01   Thumb Code    86  stm32f1xx_hal_dma.o(i.HAL_DMA_Abort)
    HAL_DMA_Abort_IT                         0x08001f59   Thumb Code   414  stm32f1xx_hal_dma.o(i.HAL_DMA_Abort_IT)
    HAL_DMA_GetError                         0x08002101   Thumb Code     6  stm32f1xx_hal_dma.o(i.HAL_DMA_GetError)
    HAL_DMA_IRQHandler                       0x08002109   Thumb Code   910  stm32f1xx_hal_dma.o(i.HAL_DMA_IRQHandler)
    HAL_DMA_Init                             0x080024a1   Thumb Code   132  stm32f1xx_hal_dma.o(i.HAL_DMA_Init)
    HAL_DMA_Start_IT                         0x0800252d   Thumb Code   156  stm32f1xx_hal_dma.o(i.HAL_DMA_Start_IT)
    HAL_Delay                                0x080025c9   Thumb Code    36  stm32f1xx_hal.o(i.HAL_Delay)
    HAL_GPIO_Init                            0x080025f1   Thumb Code   792  stm32f1xx_hal_gpio.o(i.HAL_GPIO_Init)
    HAL_GPIO_WritePin                        0x08002931   Thumb Code    12  stm32f1xx_hal_gpio.o(i.HAL_GPIO_WritePin)
    HAL_GetTick                              0x0800293d   Thumb Code     6  stm32f1xx_hal.o(i.HAL_GetTick)
    HAL_IncTick                              0x08002949   Thumb Code    16  stm32f1xx_hal.o(i.HAL_IncTick)
    HAL_Init                                 0x08002961   Thumb Code    34  stm32f1xx_hal.o(i.HAL_Init)
    HAL_InitTick                             0x08002989   Thumb Code    64  stm32f1xx_hal.o(i.HAL_InitTick)
    HAL_MspInit                              0x080029d5   Thumb Code    76  stm32f1xx_hal_msp.o(i.HAL_MspInit)
    HAL_NVIC_EnableIRQ                       0x08002a29   Thumb Code    32  stm32f1xx_hal_cortex.o(i.HAL_NVIC_EnableIRQ)
    HAL_NVIC_SetPriority                     0x08002a49   Thumb Code   124  stm32f1xx_hal_cortex.o(i.HAL_NVIC_SetPriority)
    HAL_NVIC_SetPriorityGrouping             0x08002ac5   Thumb Code    32  stm32f1xx_hal_cortex.o(i.HAL_NVIC_SetPriorityGrouping)
    HAL_RCC_ClockConfig                      0x08002aed   Thumb Code   376  stm32f1xx_hal_rcc.o(i.HAL_RCC_ClockConfig)
    HAL_RCC_GetHCLKFreq                      0x08002c79   Thumb Code     6  stm32f1xx_hal_rcc.o(i.HAL_RCC_GetHCLKFreq)
    HAL_RCC_GetPCLK1Freq                     0x08002c85   Thumb Code    22  stm32f1xx_hal_rcc.o(i.HAL_RCC_GetPCLK1Freq)
    HAL_RCC_GetPCLK2Freq                     0x08002ca5   Thumb Code    22  stm32f1xx_hal_rcc.o(i.HAL_RCC_GetPCLK2Freq)
    HAL_RCC_GetSysClockFreq                  0x08002cc5   Thumb Code    92  stm32f1xx_hal_rcc.o(i.HAL_RCC_GetSysClockFreq)
    HAL_RCC_OscConfig                        0x08002d35   Thumb Code  1114  stm32f1xx_hal_rcc.o(i.HAL_RCC_OscConfig)
    HAL_SYSTICK_Config                       0x08003199   Thumb Code    52  stm32f1xx_hal_cortex.o(i.HAL_SYSTICK_Config)
    HAL_UARTEx_ReceiveToIdle_DMA             0x080031cd   Thumb Code   112  stm32f1xx_hal_uart.o(i.HAL_UARTEx_ReceiveToIdle_DMA)
    HAL_UARTEx_RxEventCallback               0x0800323d   Thumb Code    60  driver_uart_4g.o(i.HAL_UARTEx_RxEventCallback)
    HAL_UART_AbortReceive                    0x0800328d   Thumb Code   194  stm32f1xx_hal_uart.o(i.HAL_UART_AbortReceive)
    HAL_UART_ErrorCallback                   0x08003351   Thumb Code    44  driver_uart_4g.o(i.HAL_UART_ErrorCallback)
    HAL_UART_IRQHandler                      0x08003389   Thumb Code   736  stm32f1xx_hal_uart.o(i.HAL_UART_IRQHandler)
    HAL_UART_Init                            0x0800366d   Thumb Code   118  stm32f1xx_hal_uart.o(i.HAL_UART_Init)
    HAL_UART_MspInit                         0x080036e5   Thumb Code   386  usart.o(i.HAL_UART_MspInit)
    HAL_UART_RxCpltCallback                  0x08003889   Thumb Code     2  stm32f1xx_hal_uart.o(i.HAL_UART_RxCpltCallback)
    HAL_UART_RxHalfCpltCallback              0x0800388b   Thumb Code     2  stm32f1xx_hal_uart.o(i.HAL_UART_RxHalfCpltCallback)
    HAL_UART_Transmit                        0x0800388d   Thumb Code   190  stm32f1xx_hal_uart.o(i.HAL_UART_Transmit)
    HAL_UART_TxCpltCallback                  0x0800394b   Thumb Code     2  stm32f1xx_hal_uart.o(i.HAL_UART_TxCpltCallback)
    HardFault_Handler                        0x0800394d   Thumb Code     4  stm32f1xx_it.o(i.HardFault_Handler)
    MX_DMA_Init                              0x08003951   Thumb Code    64  dma.o(i.MX_DMA_Init)
    MX_GPIO_Init                             0x08003995   Thumb Code   134  gpio.o(i.MX_GPIO_Init)
    MX_USART2_UART_Init                      0x08003a25   Thumb Code    46  usart.o(i.MX_USART2_UART_Init)
    MX_USART3_UART_Init                      0x08003a5d   Thumb Code    46  usart.o(i.MX_USART3_UART_Init)
    MemManage_Handler                        0x08003a95   Thumb Code     4  stm32f1xx_it.o(i.MemManage_Handler)
    NMI_Handler                              0x08003a99   Thumb Code     4  stm32f1xx_it.o(i.NMI_Handler)
    PendSV_Handler                           0x08003a9d   Thumb Code     2  stm32f1xx_it.o(i.PendSV_Handler)
    SVC_Handler                              0x08003ac9   Thumb Code     2  stm32f1xx_it.o(i.SVC_Handler)
    SysTick_Handler                          0x08003acb   Thumb Code     8  stm32f1xx_it.o(i.SysTick_Handler)
    SystemClock_Config                       0x08003ad3   Thumb Code   102  main.o(i.SystemClock_Config)
    SystemInit                               0x08003b39   Thumb Code     2  system_stm32f1xx.o(i.SystemInit)
    U2Rx_Buff_Init                           0x08003b3d   Thumb Code    52  driver_uart_4g.o(i.U2Rx_Buff_Init)
    U2Tx_Buff_Init                           0x08003b79   Thumb Code    52  driver_uart_4g.o(i.U2Tx_Buff_Init)
    U2_Init                                  0x08003bb5   Thumb Code    40  driver_uart_4g.o(i.U2_Init)
    U2_Printf                                0x08003be9   Thumb Code    50  driver_uart_4g.o(i.U2_Printf)
    U2_Receiving_processing                  0x08003c25   Thumb Code   100  driver_uart_4g.o(i.U2_Receiving_processing)
    U2_RxDataEvent                           0x08003cad   Thumb Code   236  driver_uart_4g.o(i.U2_RxDataEvent)
    U2_TxData                                0x08003e05   Thumb Code    22  driver_uart_4g.o(i.U2_TxData)
    U2_TxDataEvent                           0x08003e21   Thumb Code    16  driver_uart_4g.o(i.U2_TxDataEvent)
    UART_Start_Receive_DMA                   0x08004219   Thumb Code   186  stm32f1xx_hal_uart.o(i.UART_Start_Receive_DMA)
    USART2_IRQHandler                        0x080043cd   Thumb Code    10  stm32f1xx_it.o(i.USART2_IRQHandler)
    U_ProcessCclbuf                          0x080043dd   Thumb Code   122  driver_uart_4g.o(i.U_ProcessCclbuf)
    UsageFault_Handler                       0x08004457   Thumb Code     4  stm32f1xx_it.o(i.UsageFault_Handler)
    __ARM_fpclassify                         0x0800445b   Thumb Code    40  fpclassify.o(i.__ARM_fpclassify)
    _is_digit                                0x080044bd   Thumb Code    14  __printf_wp.o(i._is_digit)
    a7680c_Cmd                               0x080044cd   Thumb Code    62  driver_a7680c.o(i.a7680c_Cmd)
    a7680c_Connect_IoTServer                 0x08004519   Thumb Code   580  driver_a7680c.o(i.a7680c_Connect_IoTServer)
    a7680c_Init                              0x0800482d   Thumb Code    72  driver_a7680c.o(i.a7680c_Init)
    a7680c_PropertyPost                      0x08004891   Thumb Code    50  driver_a7680c.o(i.a7680c_PropertyPost)
    a7680c_Report                            0x080048d1   Thumb Code   222  driver_a7680c.o(i.a7680c_Report)
    a7680c_Task                              0x080049d1   Thumb Code    16  driver_a7680c.o(i.a7680c_Task)
    a7680c_power_on                          0x080049e1   Thumb Code    84  driver_a7680c.o(i.a7680c_power_on)
    a7680c_reconnect                         0x08004a39   Thumb Code    84  driver_a7680c.o(i.a7680c_reconnect)
    a7680c_rst                               0x08004a99   Thumb Code    64  driver_a7680c.o(i.a7680c_rst)
    main                                     0x08004af5   Thumb Code    96  main.o(i.main)
    _get_lc_numeric                          0x08004b61   Thumb Code    44  lc_numeric_c.o(locale$$code)
    _get_lc_ctype                            0x08004b8d   Thumb Code    44  lc_ctype_c.o(locale$$code)
    _printf_fp_dec                           0x08004bb9   Thumb Code     4  printf1.o(x$fpl$printf1)
    _printf_fp_hex                           0x08004bbd   Thumb Code     4  printf2.o(x$fpl$printf2)
    __I$use$fp                               0x08004bc0   Number         0  usenofp.o(x$fpl$usenofp)
    AHBPrescTable                            0x08004bd2   Data          16  system_stm32f1xx.o(.constdata)
    APBPrescTable                            0x08004be2   Data           8  system_stm32f1xx.o(.constdata)
    Region$$Table$$Base                      0x08004f28   Number         0  anon$$obj.o(Region$$Table)
    Region$$Table$$Limit                     0x08004f48   Number         0  anon$$obj.o(Region$$Table)
    __ctype                                  0x08004f71   Data           0  lc_ctype_c.o(locale$$data)
    last_1ms                                 0x20000000   Data           4  main.o(.data)
    last_10ms                                0x20000004   Data           4  main.o(.data)
    last_100ms                               0x20000008   Data           4  main.o(.data)
    uwTick                                   0x2000000c   Data           4  stm32f1xx_hal.o(.data)
    uwTickPrio                               0x20000010   Data           4  stm32f1xx_hal.o(.data)
    uwTickFreq                               0x20000014   Data           1  stm32f1xx_hal.o(.data)
    SystemCoreClock                          0x20000018   Data           4  system_stm32f1xx.o(.data)
    a7680c_flag                              0x20000028   Data           1  driver_a7680c.o(.data)
    huart2                                   0x2000003c   Data          72  usart.o(.bss)
    huart3                                   0x20000084   Data          72  usart.o(.bss)
    hdma_usart2_rx                           0x200000cc   Data          68  usart.o(.bss)
    hdma_usart3_rx                           0x20000110   Data          68  usart.o(.bss)
    u2_databuf                               0x20000154   Data         896  driver_uart_4g.o(.bss)
    u2_TxBuffer                              0x200004d4   Data        2048  driver_uart_4g.o(.bss)
    u2_RxBuffer                              0x20000cd4   Data        5120  driver_uart_4g.o(.bss)
    u2_DMA_RxBuffer                          0x200020d4   Data         896  driver_uart_4g.o(.bss)
    u2_ptfbuf                                0x20002454   Data         512  driver_uart_4g.o(.bss)
    U2_RX_CB                                 0x20002654   Data         192  driver_uart_4g.o(.bss)
    U2_TX_CB                                 0x20002714   Data         192  driver_uart_4g.o(.bss)
    mqtt_data                                0x200027d4   Data         256  driver_a7680c.o(.bss)
    mqtt_data_req                            0x200028d4   Data         256  driver_a7680c.o(.bss)
    __libspace_start                         0x200029d4   Data          96  libspace.o(.bss)
    __temporary_stack_top$libspace           0x20002a34   Data           0  libspace.o(.bss)



==============================================================================

Memory Map of the image

  Image Entry point : 0x08000131

  Load Region LR_IROM1 (Base: 0x08000000, Size: 0x000050b0, Max: 0x00080000, ABSOLUTE)

    Execution Region ER_IROM1 (Exec base: 0x08000000, Load base: 0x08000000, Size: 0x00005074, Max: 0x00080000, ABSOLUTE)

    Exec Addr    Load Addr    Size         Type   Attr      Idx    E Section Name        Object

    0x08000000   0x08000000   0x00000130   Data   RO            3    RESET               startup_stm32f103xe.o
    0x08000130   0x08000130   0x00000008   Code   RO         2172  * !!!main             c_w.l(__main.o)
    0x08000138   0x08000138   0x00000034   Code   RO         2466    !!!scatter          c_w.l(__scatter.o)
    0x0800016c   0x0800016c   0x0000001a   Code   RO         2468    !!handler_copy      c_w.l(__scatter_copy.o)
    0x08000186   0x08000186   0x00000002   PAD
    0x08000188   0x08000188   0x0000001c   Code   RO         2470    !!handler_zi        c_w.l(__scatter_zi.o)
    0x080001a4   0x080001a4   0x00000000   Code   RO         2157    .ARM.Collect$$_printf_percent$$00000000  c_w.l(_printf_percent.o)
    0x080001a4   0x080001a4   0x00000006   Code   RO         2222    .ARM.Collect$$_printf_percent$$00000001  c_w.l(_printf_n.o)
    0x080001aa   0x080001aa   0x00000006   Code   RO         2224    .ARM.Collect$$_printf_percent$$00000002  c_w.l(_printf_p.o)
    0x080001b0   0x080001b0   0x00000006   Code   RO         2228    .ARM.Collect$$_printf_percent$$00000003  c_w.l(_printf_f.o)
    0x080001b6   0x080001b6   0x00000006   Code   RO         2229    .ARM.Collect$$_printf_percent$$00000004  c_w.l(_printf_e.o)
    0x080001bc   0x080001bc   0x00000006   Code   RO         2230    .ARM.Collect$$_printf_percent$$00000005  c_w.l(_printf_g.o)
    0x080001c2   0x080001c2   0x00000006   Code   RO         2231    .ARM.Collect$$_printf_percent$$00000006  c_w.l(_printf_a.o)
    0x080001c8   0x080001c8   0x0000000a   Code   RO         2236    .ARM.Collect$$_printf_percent$$00000007  c_w.l(_printf_ll.o)
    0x080001d2   0x080001d2   0x00000006   Code   RO         2226    .ARM.Collect$$_printf_percent$$00000008  c_w.l(_printf_i.o)
    0x080001d8   0x080001d8   0x00000006   Code   RO         2156    .ARM.Collect$$_printf_percent$$00000009  c_w.l(_printf_d.o)
    0x080001de   0x080001de   0x00000006   Code   RO         2227    .ARM.Collect$$_printf_percent$$0000000A  c_w.l(_printf_u.o)
    0x080001e4   0x080001e4   0x00000006   Code   RO         2225    .ARM.Collect$$_printf_percent$$0000000B  c_w.l(_printf_o.o)
    0x080001ea   0x080001ea   0x00000006   Code   RO         2223    .ARM.Collect$$_printf_percent$$0000000C  c_w.l(_printf_x.o)
    0x080001f0   0x080001f0   0x00000006   Code   RO         2233    .ARM.Collect$$_printf_percent$$0000000D  c_w.l(_printf_lli.o)
    0x080001f6   0x080001f6   0x00000006   Code   RO         2234    .ARM.Collect$$_printf_percent$$0000000E  c_w.l(_printf_lld.o)
    0x080001fc   0x080001fc   0x00000006   Code   RO         2235    .ARM.Collect$$_printf_percent$$0000000F  c_w.l(_printf_llu.o)
    0x08000202   0x08000202   0x00000006   Code   RO         2240    .ARM.Collect$$_printf_percent$$00000010  c_w.l(_printf_llo.o)
    0x08000208   0x08000208   0x00000006   Code   RO         2241    .ARM.Collect$$_printf_percent$$00000011  c_w.l(_printf_llx.o)
    0x0800020e   0x0800020e   0x0000000a   Code   RO         2237    .ARM.Collect$$_printf_percent$$00000012  c_w.l(_printf_l.o)
    0x08000218   0x08000218   0x00000006   Code   RO         2221    .ARM.Collect$$_printf_percent$$00000013  c_w.l(_printf_c.o)
    0x0800021e   0x0800021e   0x00000006   Code   RO         2155    .ARM.Collect$$_printf_percent$$00000014  c_w.l(_printf_s.o)
    0x08000224   0x08000224   0x00000006   Code   RO         2238    .ARM.Collect$$_printf_percent$$00000015  c_w.l(_printf_lc.o)
    0x0800022a   0x0800022a   0x00000006   Code   RO         2239    .ARM.Collect$$_printf_percent$$00000016  c_w.l(_printf_ls.o)
    0x08000230   0x08000230   0x00000004   Code   RO         2232    .ARM.Collect$$_printf_percent$$00000017  c_w.l(_printf_percent_end.o)
    0x08000234   0x08000234   0x00000002   Code   RO         2326    .ARM.Collect$$libinit$$00000000  c_w.l(libinit.o)
    0x08000236   0x08000236   0x00000000   Code   RO         2343    .ARM.Collect$$libinit$$00000002  c_w.l(libinit2.o)
    0x08000236   0x08000236   0x00000000   Code   RO         2345    .ARM.Collect$$libinit$$00000004  c_w.l(libinit2.o)
    0x08000236   0x08000236   0x00000000   Code   RO         2348    .ARM.Collect$$libinit$$0000000A  c_w.l(libinit2.o)
    0x08000236   0x08000236   0x00000000   Code   RO         2350    .ARM.Collect$$libinit$$0000000C  c_w.l(libinit2.o)
    0x08000236   0x08000236   0x00000000   Code   RO         2352    .ARM.Collect$$libinit$$0000000E  c_w.l(libinit2.o)
    0x08000236   0x08000236   0x00000006   Code   RO         2353    .ARM.Collect$$libinit$$0000000F  c_w.l(libinit2.o)
    0x0800023c   0x0800023c   0x00000000   Code   RO         2355    .ARM.Collect$$libinit$$00000011  c_w.l(libinit2.o)
    0x0800023c   0x0800023c   0x0000000c   Code   RO         2356    .ARM.Collect$$libinit$$00000012  c_w.l(libinit2.o)
    0x08000248   0x08000248   0x00000000   Code   RO         2357    .ARM.Collect$$libinit$$00000013  c_w.l(libinit2.o)
    0x08000248   0x08000248   0x00000000   Code   RO         2359    .ARM.Collect$$libinit$$00000015  c_w.l(libinit2.o)
    0x08000248   0x08000248   0x0000000a   Code   RO         2360    .ARM.Collect$$libinit$$00000016  c_w.l(libinit2.o)
    0x08000252   0x08000252   0x00000000   Code   RO         2361    .ARM.Collect$$libinit$$00000017  c_w.l(libinit2.o)
    0x08000252   0x08000252   0x00000000   Code   RO         2363    .ARM.Collect$$libinit$$00000019  c_w.l(libinit2.o)
    0x08000252   0x08000252   0x00000000   Code   RO         2365    .ARM.Collect$$libinit$$0000001B  c_w.l(libinit2.o)
    0x08000252   0x08000252   0x00000000   Code   RO         2367    .ARM.Collect$$libinit$$0000001D  c_w.l(libinit2.o)
    0x08000252   0x08000252   0x00000000   Code   RO         2369    .ARM.Collect$$libinit$$0000001F  c_w.l(libinit2.o)
    0x08000252   0x08000252   0x00000000   Code   RO         2371    .ARM.Collect$$libinit$$00000021  c_w.l(libinit2.o)
    0x08000252   0x08000252   0x00000000   Code   RO         2373    .ARM.Collect$$libinit$$00000023  c_w.l(libinit2.o)
    0x08000252   0x08000252   0x00000000   Code   RO         2375    .ARM.Collect$$libinit$$00000025  c_w.l(libinit2.o)
    0x08000252   0x08000252   0x00000000   Code   RO         2379    .ARM.Collect$$libinit$$0000002C  c_w.l(libinit2.o)
    0x08000252   0x08000252   0x00000000   Code   RO         2381    .ARM.Collect$$libinit$$0000002E  c_w.l(libinit2.o)
    0x08000252   0x08000252   0x00000000   Code   RO         2383    .ARM.Collect$$libinit$$00000030  c_w.l(libinit2.o)
    0x08000252   0x08000252   0x00000000   Code   RO         2385    .ARM.Collect$$libinit$$00000032  c_w.l(libinit2.o)
    0x08000252   0x08000252   0x00000002   Code   RO         2386    .ARM.Collect$$libinit$$00000033  c_w.l(libinit2.o)
    0x08000254   0x08000254   0x00000002   Code   RO         2406    .ARM.Collect$$libshutdown$$00000000  c_w.l(libshutdown.o)
    0x08000256   0x08000256   0x00000000   Code   RO         2419    .ARM.Collect$$libshutdown$$00000002  c_w.l(libshutdown2.o)
    0x08000256   0x08000256   0x00000000   Code   RO         2421    .ARM.Collect$$libshutdown$$00000004  c_w.l(libshutdown2.o)
    0x08000256   0x08000256   0x00000000   Code   RO         2424    .ARM.Collect$$libshutdown$$00000007  c_w.l(libshutdown2.o)
    0x08000256   0x08000256   0x00000000   Code   RO         2427    .ARM.Collect$$libshutdown$$0000000A  c_w.l(libshutdown2.o)
    0x08000256   0x08000256   0x00000000   Code   RO         2429    .ARM.Collect$$libshutdown$$0000000C  c_w.l(libshutdown2.o)
    0x08000256   0x08000256   0x00000000   Code   RO         2432    .ARM.Collect$$libshutdown$$0000000F  c_w.l(libshutdown2.o)
    0x08000256   0x08000256   0x00000002   Code   RO         2433    .ARM.Collect$$libshutdown$$00000010  c_w.l(libshutdown2.o)
    0x08000258   0x08000258   0x00000000   Code   RO         2174    .ARM.Collect$$rtentry$$00000000  c_w.l(__rtentry.o)
    0x08000258   0x08000258   0x00000000   Code   RO         2253    .ARM.Collect$$rtentry$$00000002  c_w.l(__rtentry2.o)
    0x08000258   0x08000258   0x00000006   Code   RO         2265    .ARM.Collect$$rtentry$$00000004  c_w.l(__rtentry4.o)
    0x0800025e   0x0800025e   0x00000000   Code   RO         2255    .ARM.Collect$$rtentry$$00000009  c_w.l(__rtentry2.o)
    0x0800025e   0x0800025e   0x00000004   Code   RO         2256    .ARM.Collect$$rtentry$$0000000A  c_w.l(__rtentry2.o)
    0x08000262   0x08000262   0x00000000   Code   RO         2258    .ARM.Collect$$rtentry$$0000000C  c_w.l(__rtentry2.o)
    0x08000262   0x08000262   0x00000008   Code   RO         2259    .ARM.Collect$$rtentry$$0000000D  c_w.l(__rtentry2.o)
    0x0800026a   0x0800026a   0x00000002   Code   RO         2335    .ARM.Collect$$rtexit$$00000000  c_w.l(rtexit.o)
    0x0800026c   0x0800026c   0x00000000   Code   RO         2388    .ARM.Collect$$rtexit$$00000002  c_w.l(rtexit2.o)
    0x0800026c   0x0800026c   0x00000004   Code   RO         2389    .ARM.Collect$$rtexit$$00000003  c_w.l(rtexit2.o)
    0x08000270   0x08000270   0x00000006   Code   RO         2390    .ARM.Collect$$rtexit$$00000004  c_w.l(rtexit2.o)
    0x08000276   0x08000276   0x00000002   PAD
    0x08000278   0x08000278   0x00000040   Code   RO            4    .text               startup_stm32f103xe.o
    0x080002b8   0x080002b8   0x00000024   Code   RO         2123    .text               c_w.l(vsprintf.o)
    0x080002dc   0x080002dc   0x0000002c   Code   RO         2125    .text               c_w.l(__2sprintf.o)
    0x08000308   0x08000308   0x00000052   Code   RO         2131    .text               c_w.l(_printf_str.o)
    0x0800035a   0x0800035a   0x00000002   PAD
    0x0800035c   0x0800035c   0x00000078   Code   RO         2133    .text               c_w.l(_printf_dec.o)
    0x080003d4   0x080003d4   0x00000188   Code   RO         2152    .text               c_w.l(__printf_flags_ss_wp.o)
    0x0800055c   0x0800055c   0x00000024   Code   RO         2158    .text               c_w.l(strstr.o)
    0x08000580   0x08000580   0x00000048   Code   RO         2160    .text               c_w.l(strcpy.o)
    0x080005c8   0x080005c8   0x0000003e   Code   RO         2162    .text               c_w.l(strlen.o)
    0x08000606   0x08000606   0x0000008a   Code   RO         2164    .text               c_w.l(rt_memcpy_v6.o)
    0x08000690   0x08000690   0x00000044   Code   RO         2166    .text               c_w.l(rt_memclr.o)
    0x080006d4   0x080006d4   0x0000004e   Code   RO         2168    .text               c_w.l(rt_memclr_w.o)
    0x08000722   0x08000722   0x00000006   Code   RO         2170    .text               c_w.l(heapauxi.o)
    0x08000728   0x08000728   0x0000004e   Code   RO         2175    .text               c_w.l(_printf_pad.o)
    0x08000776   0x08000776   0x00000024   Code   RO         2177    .text               c_w.l(_printf_truncate.o)
    0x0800079a   0x0800079a   0x000000b2   Code   RO         2179    .text               c_w.l(_printf_intcommon.o)
    0x0800084c   0x0800084c   0x00000028   Code   RO         2181    .text               c_w.l(_printf_charcount.o)
    0x08000874   0x08000874   0x00000030   Code   RO         2183    .text               c_w.l(_printf_char_common.o)
    0x080008a4   0x080008a4   0x0000000a   Code   RO         2185    .text               c_w.l(_sputc.o)
    0x080008ae   0x080008ae   0x0000002c   Code   RO         2187    .text               c_w.l(_printf_char.o)
    0x080008da   0x080008da   0x00000002   PAD
    0x080008dc   0x080008dc   0x000000bc   Code   RO         2189    .text               c_w.l(_printf_wctomb.o)
    0x08000998   0x08000998   0x0000007c   Code   RO         2192    .text               c_w.l(_printf_longlong_dec.o)
    0x08000a14   0x08000a14   0x00000070   Code   RO         2198    .text               c_w.l(_printf_oct_int_ll.o)
    0x08000a84   0x08000a84   0x00000094   Code   RO         2218    .text               c_w.l(_printf_hex_int_ll_ptr.o)
    0x08000b18   0x08000b18   0x00000064   Code   RO         2242    .text               c_w.l(rt_memcpy_w.o)
    0x08000b7c   0x08000b7c   0x0000008a   Code   RO         2267    .text               c_w.l(lludiv10.o)
    0x08000c06   0x08000c06   0x0000041e   Code   RO         2269    .text               c_w.l(_printf_fp_dec.o)
    0x08001024   0x08001024   0x000002fc   Code   RO         2271    .text               c_w.l(_printf_fp_hex.o)
    0x08001320   0x08001320   0x0000002c   Code   RO         2276    .text               c_w.l(_printf_wchar.o)
    0x0800134c   0x0800134c   0x00000040   Code   RO         2278    .text               c_w.l(_wcrtomb.o)
    0x0800138c   0x0800138c   0x0000004a   Code   RO         2280    .text               c_w.l(sys_stackheap_outer.o)
    0x080013d6   0x080013d6   0x00000002   PAD
    0x080013d8   0x080013d8   0x00000010   Code   RO         2282    .text               c_w.l(rt_ctype_table.o)
    0x080013e8   0x080013e8   0x00000008   Code   RO         2287    .text               c_w.l(rt_locale_intlibspace.o)
    0x080013f0   0x080013f0   0x00000080   Code   RO         2289    .text               c_w.l(_printf_fp_infnan.o)
    0x08001470   0x08001470   0x000000e4   Code   RO         2291    .text               c_w.l(bigflt0.o)
    0x08001554   0x08001554   0x00000012   Code   RO         2319    .text               c_w.l(exit.o)
    0x08001566   0x08001566   0x00000002   PAD
    0x08001568   0x08001568   0x00000008   Code   RO         2332    .text               c_w.l(libspace.o)
    0x08001570   0x08001570   0x00000080   Code   RO         2340    .text               c_w.l(strcmpv7m.o)
    0x080015f0   0x080015f0   0x0000000c   Code   RO         2398    .text               c_w.l(sys_exit.o)
    0x080015fc   0x080015fc   0x00000002   Code   RO         2409    .text               c_w.l(use_no_semi.o)
    0x080015fe   0x080015fe   0x00000000   Code   RO         2411    .text               c_w.l(indicate_semi.o)
    0x080015fe   0x080015fe   0x0000003e   Code   RO         2294    CL$$btod_d2e        c_w.l(btod.o)
    0x0800163c   0x0800163c   0x00000046   Code   RO         2296    CL$$btod_d2e_denorm_low  c_w.l(btod.o)
    0x08001682   0x08001682   0x00000060   Code   RO         2295    CL$$btod_d2e_norm_op1  c_w.l(btod.o)
    0x080016e2   0x080016e2   0x00000338   Code   RO         2304    CL$$btod_div_common  c_w.l(btod.o)
    0x08001a1a   0x08001a1a   0x000000dc   Code   RO         2301    CL$$btod_e2e        c_w.l(btod.o)
    0x08001af6   0x08001af6   0x0000002a   Code   RO         2298    CL$$btod_ediv       c_w.l(btod.o)
    0x08001b20   0x08001b20   0x0000002a   Code   RO         2297    CL$$btod_emul       c_w.l(btod.o)
    0x08001b4a   0x08001b4a   0x00000244   Code   RO         2303    CL$$btod_mult_common  c_w.l(btod.o)
    0x08001d8e   0x08001d8e   0x00000004   Code   RO          266    i.BusFault_Handler  stm32f1xx_it.o
    0x08001d92   0x08001d92   0x00000024   Code   RO         1838    i.Command_GetRxLength  driver_uart_4g.o
    0x08001db6   0x08001db6   0x00000018   Code   RO         1839    i.Command_GetRxRemain  driver_uart_4g.o
    0x08001dce   0x08001dce   0x000000dc   Code   RO         1840    i.Command_WriteCclbuf  driver_uart_4g.o
    0x08001eaa   0x08001eaa   0x00000002   PAD
    0x08001eac   0x08001eac   0x00000010   Code   RO          267    i.DMA1_Channel3_IRQHandler  stm32f1xx_it.o
    0x08001ebc   0x08001ebc   0x00000010   Code   RO          268    i.DMA1_Channel6_IRQHandler  stm32f1xx_it.o
    0x08001ecc   0x08001ecc   0x0000002c   Code   RO         1178    i.DMA_SetConfig     stm32f1xx_hal_dma.o
    0x08001ef8   0x08001ef8   0x00000002   Code   RO          269    i.DebugMon_Handler  stm32f1xx_it.o
    0x08001efa   0x08001efa   0x00000006   Code   RO           13    i.Error_Handler     main.o
    0x08001f00   0x08001f00   0x00000056   Code   RO         1179    i.HAL_DMA_Abort     stm32f1xx_hal_dma.o
    0x08001f56   0x08001f56   0x00000002   PAD
    0x08001f58   0x08001f58   0x000001a8   Code   RO         1180    i.HAL_DMA_Abort_IT  stm32f1xx_hal_dma.o
    0x08002100   0x08002100   0x00000006   Code   RO         1182    i.HAL_DMA_GetError  stm32f1xx_hal_dma.o
    0x08002106   0x08002106   0x00000002   PAD
    0x08002108   0x08002108   0x00000398   Code   RO         1184    i.HAL_DMA_IRQHandler  stm32f1xx_hal_dma.o
    0x080024a0   0x080024a0   0x0000008c   Code   RO         1185    i.HAL_DMA_Init      stm32f1xx_hal_dma.o
    0x0800252c   0x0800252c   0x0000009c   Code   RO         1189    i.HAL_DMA_Start_IT  stm32f1xx_hal_dma.o
    0x080025c8   0x080025c8   0x00000028   Code   RO          800    i.HAL_Delay         stm32f1xx_hal.o
    0x080025f0   0x080025f0   0x00000340   Code   RO         1115    i.HAL_GPIO_Init     stm32f1xx_hal_gpio.o
    0x08002930   0x08002930   0x0000000c   Code   RO         1119    i.HAL_GPIO_WritePin  stm32f1xx_hal_gpio.o
    0x0800293c   0x0800293c   0x0000000c   Code   RO          804    i.HAL_GetTick       stm32f1xx_hal.o
    0x08002948   0x08002948   0x00000018   Code   RO          810    i.HAL_IncTick       stm32f1xx_hal.o
    0x08002960   0x08002960   0x00000028   Code   RO          811    i.HAL_Init          stm32f1xx_hal.o
    0x08002988   0x08002988   0x0000004c   Code   RO          812    i.HAL_InitTick      stm32f1xx_hal.o
    0x080029d4   0x080029d4   0x00000054   Code   RO          360    i.HAL_MspInit       stm32f1xx_hal_msp.o
    0x08002a28   0x08002a28   0x00000020   Code   RO         1275    i.HAL_NVIC_EnableIRQ  stm32f1xx_hal_cortex.o
    0x08002a48   0x08002a48   0x0000007c   Code   RO         1281    i.HAL_NVIC_SetPriority  stm32f1xx_hal_cortex.o
    0x08002ac4   0x08002ac4   0x00000028   Code   RO         1282    i.HAL_NVIC_SetPriorityGrouping  stm32f1xx_hal_cortex.o
    0x08002aec   0x08002aec   0x0000018c   Code   RO          968    i.HAL_RCC_ClockConfig  stm32f1xx_hal_rcc.o
    0x08002c78   0x08002c78   0x0000000c   Code   RO          973    i.HAL_RCC_GetHCLKFreq  stm32f1xx_hal_rcc.o
    0x08002c84   0x08002c84   0x00000020   Code   RO          975    i.HAL_RCC_GetPCLK1Freq  stm32f1xx_hal_rcc.o
    0x08002ca4   0x08002ca4   0x00000020   Code   RO          976    i.HAL_RCC_GetPCLK2Freq  stm32f1xx_hal_rcc.o
    0x08002cc4   0x08002cc4   0x00000070   Code   RO          977    i.HAL_RCC_GetSysClockFreq  stm32f1xx_hal_rcc.o
    0x08002d34   0x08002d34   0x00000464   Code   RO          980    i.HAL_RCC_OscConfig  stm32f1xx_hal_rcc.o
    0x08003198   0x08003198   0x00000034   Code   RO         1286    i.HAL_SYSTICK_Config  stm32f1xx_hal_cortex.o
    0x080031cc   0x080031cc   0x00000070   Code   RO          430    i.HAL_UARTEx_ReceiveToIdle_DMA  stm32f1xx_hal_uart.o
    0x0800323c   0x0800323c   0x00000050   Code   RO         1841    i.HAL_UARTEx_RxEventCallback  driver_uart_4g.o
    0x0800328c   0x0800328c   0x000000c2   Code   RO          435    i.HAL_UART_AbortReceive  stm32f1xx_hal_uart.o
    0x0800334e   0x0800334e   0x00000002   PAD
    0x08003350   0x08003350   0x00000038   Code   RO         1842    i.HAL_UART_ErrorCallback  driver_uart_4g.o
    0x08003388   0x08003388   0x000002e4   Code   RO          449    i.HAL_UART_IRQHandler  stm32f1xx_hal_uart.o
    0x0800366c   0x0800366c   0x00000076   Code   RO          450    i.HAL_UART_Init     stm32f1xx_hal_uart.o
    0x080036e2   0x080036e2   0x00000002   PAD
    0x080036e4   0x080036e4   0x000001a4   Code   RO          215    i.HAL_UART_MspInit  usart.o
    0x08003888   0x08003888   0x00000002   Code   RO          456    i.HAL_UART_RxCpltCallback  stm32f1xx_hal_uart.o
    0x0800388a   0x0800388a   0x00000002   Code   RO          457    i.HAL_UART_RxHalfCpltCallback  stm32f1xx_hal_uart.o
    0x0800388c   0x0800388c   0x000000be   Code   RO          458    i.HAL_UART_Transmit  stm32f1xx_hal_uart.o
    0x0800394a   0x0800394a   0x00000002   Code   RO          461    i.HAL_UART_TxCpltCallback  stm32f1xx_hal_uart.o
    0x0800394c   0x0800394c   0x00000004   Code   RO          270    i.HardFault_Handler  stm32f1xx_it.o
    0x08003950   0x08003950   0x00000044   Code   RO          190    i.MX_DMA_Init       dma.o
    0x08003994   0x08003994   0x00000090   Code   RO          166    i.MX_GPIO_Init      gpio.o
    0x08003a24   0x08003a24   0x00000038   Code   RO          216    i.MX_USART2_UART_Init  usart.o
    0x08003a5c   0x08003a5c   0x00000038   Code   RO          217    i.MX_USART3_UART_Init  usart.o
    0x08003a94   0x08003a94   0x00000004   Code   RO          271    i.MemManage_Handler  stm32f1xx_it.o
    0x08003a98   0x08003a98   0x00000004   Code   RO          272    i.NMI_Handler       stm32f1xx_it.o
    0x08003a9c   0x08003a9c   0x00000002   Code   RO          273    i.PendSV_Handler    stm32f1xx_it.o
    0x08003a9e   0x08003a9e   0x00000002   PAD
    0x08003aa0   0x08003aa0   0x00000028   Code   RO          981    i.RCC_Delay         stm32f1xx_hal_rcc.o
    0x08003ac8   0x08003ac8   0x00000002   Code   RO          274    i.SVC_Handler       stm32f1xx_it.o
    0x08003aca   0x08003aca   0x00000008   Code   RO          275    i.SysTick_Handler   stm32f1xx_it.o
    0x08003ad2   0x08003ad2   0x00000066   Code   RO           14    i.SystemClock_Config  main.o
    0x08003b38   0x08003b38   0x00000002   Code   RO         1802    i.SystemInit        system_stm32f1xx.o
    0x08003b3a   0x08003b3a   0x00000002   PAD
    0x08003b3c   0x08003b3c   0x0000003c   Code   RO         1843    i.U2Rx_Buff_Init    driver_uart_4g.o
    0x08003b78   0x08003b78   0x0000003c   Code   RO         1844    i.U2Tx_Buff_Init    driver_uart_4g.o
    0x08003bb4   0x08003bb4   0x00000034   Code   RO         1845    i.U2_Init           driver_uart_4g.o
    0x08003be8   0x08003be8   0x0000003c   Code   RO         1846    i.U2_Printf         driver_uart_4g.o
    0x08003c24   0x08003c24   0x00000088   Code   RO         1847    i.U2_Receiving_processing  driver_uart_4g.o
    0x08003cac   0x08003cac   0x00000158   Code   RO         1848    i.U2_RxDataEvent    driver_uart_4g.o
    0x08003e04   0x08003e04   0x0000001c   Code   RO         1849    i.U2_TxData         driver_uart_4g.o
    0x08003e20   0x08003e20   0x00000010   Code   RO         1850    i.U2_TxDataEvent    driver_uart_4g.o
    0x08003e30   0x08003e30   0x00000014   Code   RO          463    i.UART_DMAAbortOnError  stm32f1xx_hal_uart.o
    0x08003e44   0x08003e44   0x00000050   Code   RO          464    i.UART_DMAError     stm32f1xx_hal_uart.o
    0x08003e94   0x08003e94   0x000000b4   Code   RO          465    i.UART_DMAReceiveCplt  stm32f1xx_hal_uart.o
    0x08003f48   0x08003f48   0x00000024   Code   RO          467    i.UART_DMARxHalfCplt  stm32f1xx_hal_uart.o
    0x08003f6c   0x08003f6c   0x0000006c   Code   RO          473    i.UART_EndRxTransfer  stm32f1xx_hal_uart.o
    0x08003fd8   0x08003fd8   0x00000020   Code   RO          474    i.UART_EndTransmit_IT  stm32f1xx_hal_uart.o
    0x08003ff8   0x08003ff8   0x00000026   Code   RO          475    i.UART_EndTxTransfer  stm32f1xx_hal_uart.o
    0x0800401e   0x0800401e   0x000000fc   Code   RO          476    i.UART_Receive_IT   stm32f1xx_hal_uart.o
    0x0800411a   0x0800411a   0x00000002   PAD
    0x0800411c   0x0800411c   0x000000fc   Code   RO          477    i.UART_SetConfig    stm32f1xx_hal_uart.o
    0x08004218   0x08004218   0x000000c8   Code   RO          478    i.UART_Start_Receive_DMA  stm32f1xx_hal_uart.o
    0x080042e0   0x080042e0   0x00000060   Code   RO          480    i.UART_Transmit_IT  stm32f1xx_hal_uart.o
    0x08004340   0x08004340   0x0000008c   Code   RO          481    i.UART_WaitOnFlagUntilTimeout  stm32f1xx_hal_uart.o
    0x080043cc   0x080043cc   0x00000010   Code   RO          276    i.USART2_IRQHandler  stm32f1xx_it.o
    0x080043dc   0x080043dc   0x0000007a   Code   RO         1851    i.U_ProcessCclbuf   driver_uart_4g.o
    0x08004456   0x08004456   0x00000004   Code   RO          277    i.UsageFault_Handler  stm32f1xx_it.o
    0x0800445a   0x0800445a   0x00000028   Code   RO         2330    i.__ARM_fpclassify  m_ws.l(fpclassify.o)
    0x08004482   0x08004482   0x00000002   PAD
    0x08004484   0x08004484   0x00000010   Code   RO         1288    i.__NVIC_GetPriorityGrouping  stm32f1xx_hal_cortex.o
    0x08004494   0x08004494   0x00000028   Code   RO         1289    i.__NVIC_SetPriority  stm32f1xx_hal_cortex.o
    0x080044bc   0x080044bc   0x0000000e   Code   RO         2145    i._is_digit         c_w.l(__printf_wp.o)
    0x080044ca   0x080044ca   0x00000002   PAD
    0x080044cc   0x080044cc   0x0000004c   Code   RO         1956    i.a7680c_Cmd        driver_a7680c.o
    0x08004518   0x08004518   0x00000314   Code   RO         1957    i.a7680c_Connect_IoTServer  driver_a7680c.o
    0x0800482c   0x0800482c   0x00000064   Code   RO         1958    i.a7680c_Init       driver_a7680c.o
    0x08004890   0x08004890   0x00000040   Code   RO         1959    i.a7680c_PropertyPost  driver_a7680c.o
    0x080048d0   0x080048d0   0x00000100   Code   RO         1960    i.a7680c_Report     driver_a7680c.o
    0x080049d0   0x080049d0   0x00000010   Code   RO         1961    i.a7680c_Task       driver_a7680c.o
    0x080049e0   0x080049e0   0x00000058   Code   RO         1963    i.a7680c_power_on   driver_a7680c.o
    0x08004a38   0x08004a38   0x00000060   Code   RO         1964    i.a7680c_reconnect  driver_a7680c.o
    0x08004a98   0x08004a98   0x0000005c   Code   RO         1965    i.a7680c_rst        driver_a7680c.o
    0x08004af4   0x08004af4   0x0000006c   Code   RO           15    i.main              main.o
    0x08004b60   0x08004b60   0x0000002c   Code   RO         2317    locale$$code        c_w.l(lc_numeric_c.o)
    0x08004b8c   0x08004b8c   0x0000002c   Code   RO         2338    locale$$code        c_w.l(lc_ctype_c.o)
    0x08004bb8   0x08004bb8   0x00000004   Code   RO         2244    x$fpl$printf1       fz_ws.l(printf1.o)
    0x08004bbc   0x08004bbc   0x00000004   Code   RO         2246    x$fpl$printf2       fz_ws.l(printf2.o)
    0x08004bc0   0x08004bc0   0x00000000   Code   RO         2329    x$fpl$usenofp       fz_ws.l(usenofp.o)
    0x08004bc0   0x08004bc0   0x00000012   Data   RO          982    .constdata          stm32f1xx_hal_rcc.o
    0x08004bd2   0x08004bd2   0x00000018   Data   RO         1803    .constdata          system_stm32f1xx.o
    0x08004bea   0x08004bea   0x00000011   Data   RO         2153    .constdata          c_w.l(__printf_flags_ss_wp.o)
    0x08004bfb   0x08004bfb   0x00000001   PAD
    0x08004bfc   0x08004bfc   0x00000008   Data   RO         2190    .constdata          c_w.l(_printf_wctomb.o)
    0x08004c04   0x08004c04   0x00000028   Data   RO         2219    .constdata          c_w.l(_printf_hex_int_ll_ptr.o)
    0x08004c2c   0x08004c2c   0x00000026   Data   RO         2272    .constdata          c_w.l(_printf_fp_hex.o)
    0x08004c52   0x08004c52   0x00000002   PAD
    0x08004c54   0x08004c54   0x00000094   Data   RO         2292    .constdata          c_w.l(bigflt0.o)
    0x08004ce8   0x08004ce8   0x000000a1   Data   RO         1853    .conststring        driver_uart_4g.o
    0x08004d89   0x08004d89   0x00000003   PAD
    0x08004d8c   0x08004d8c   0x0000019b   Data   RO         1968    .conststring        driver_a7680c.o
    0x08004f27   0x08004f27   0x00000001   PAD
    0x08004f28   0x08004f28   0x00000020   Data   RO         2464    Region$$Table       anon$$obj.o
    0x08004f48   0x08004f48   0x0000001c   Data   RO         2316    locale$$data        c_w.l(lc_numeric_c.o)
    0x08004f64   0x08004f64   0x00000110   Data   RO         2337    locale$$data        c_w.l(lc_ctype_c.o)


    Execution Region RW_IRAM1 (Exec base: 0x20000000, Load base: 0x08005074, Size: 0x00003038, Max: 0x00010000, ABSOLUTE)

    Exec Addr    Load Addr    Size         Type   Attr      Idx    E Section Name        Object

    0x20000000   0x08005074   0x0000000c   Data   RW           16    .data               main.o
    0x2000000c   0x08005080   0x00000009   Data   RW          818    .data               stm32f1xx_hal.o
    0x20000015   0x08005089   0x00000003   PAD
    0x20000018   0x0800508c   0x00000004   Data   RW         1804    .data               system_stm32f1xx.o
    0x2000001c   0x08005090   0x0000000c   Data   RW         1854    .data               driver_uart_4g.o
    0x20000028   0x0800509c   0x00000014   Data   RW         1969    .data               driver_a7680c.o
    0x2000003c        -       0x00000118   Zero   RW          218    .bss                usart.o
    0x20000154        -       0x00002680   Zero   RW         1852    .bss                driver_uart_4g.o
    0x200027d4        -       0x00000200   Zero   RW         1967    .bss                driver_a7680c.o
    0x200029d4        -       0x00000060   Zero   RW         2333    .bss                c_w.l(libspace.o)
    0x20002a34   0x080050b0   0x00000004   PAD
    0x20002a38        -       0x00000200   Zero   RW            2    HEAP                startup_stm32f103xe.o
    0x20002c38        -       0x00000400   Zero   RW            1    STACK               startup_stm32f103xe.o


==============================================================================

Image component sizes


      Code (inc. data)   RO Data    RW Data    ZI Data      Debug   Object Name

        68          4          0          0          0        762   dma.o
      1576        342        411         20        512       6058   driver_a7680c.o
      1294        220        161         12       9856      10895   driver_uart_4g.o
       144         10          0          0          0        899   gpio.o
       216         12          0         12          0     455540   main.o
        64         26        304          0       1536        816   startup_stm32f103xe.o
       192         36          0          9          0       6545   stm32f1xx_hal.o
       304         22          0          0          0      29451   stm32f1xx_hal_cortex.o
      1776         28          0          0          0       5901   stm32f1xx_hal_dma.o
       844         40          0          0          0       2704   stm32f1xx_hal_gpio.o
        84          8          0          0          0        906   stm32f1xx_hal_msp.o
      1748         98         18          0          0       6008   stm32f1xx_hal_rcc.o
      2794         22          0          0          0      15984   stm32f1xx_hal_uart.o
        82         18          0          0          0       5408   stm32f1xx_it.o
         2          0         24          4          0       1131   system_stm32f1xx.o
       532         54          0          0        280       2625   usart.o

    ----------------------------------------------------------------------
     11736        940        954         60      12184     551633   Object Totals
         0          0         32          0          0          0   (incl. Generated)
        16          0          4          3          0          0   (incl. Padding)

    ----------------------------------------------------------------------

      Code (inc. data)   RO Data    RW Data    ZI Data      Debug   Library Member Name

        44          6          0          0          0         84   __2sprintf.o
         8          0          0          0          0         68   __main.o
       392          4         17          0          0         92   __printf_flags_ss_wp.o
        14          0          0          0          0         68   __printf_wp.o
         0          0          0          0          0          0   __rtentry.o
        12          0          0          0          0          0   __rtentry2.o
         6          0          0          0          0          0   __rtentry4.o
        52          8          0          0          0          0   __scatter.o
        26          0          0          0          0          0   __scatter_copy.o
        28          0          0          0          0          0   __scatter_zi.o
         6          0          0          0          0          0   _printf_a.o
         6          0          0          0          0          0   _printf_c.o
        44          0          0          0          0        108   _printf_char.o
        48          6          0          0          0         96   _printf_char_common.o
        40          0          0          0          0         68   _printf_charcount.o
         6          0          0          0          0          0   _printf_d.o
       120         16          0          0          0         92   _printf_dec.o
         6          0          0          0          0          0   _printf_e.o
         6          0          0          0          0          0   _printf_f.o
      1054          0          0          0          0        216   _printf_fp_dec.o
       764          8         38          0          0        100   _printf_fp_hex.o
       128         16          0          0          0         84   _printf_fp_infnan.o
         6          0          0          0          0          0   _printf_g.o
       148          4         40          0          0        160   _printf_hex_int_ll_ptr.o
         6          0          0          0          0          0   _printf_i.o
       178          0          0          0          0         88   _printf_intcommon.o
        10          0          0          0          0          0   _printf_l.o
         6          0          0          0          0          0   _printf_lc.o
        10          0          0          0          0          0   _printf_ll.o
         6          0          0          0          0          0   _printf_lld.o
         6          0          0          0          0          0   _printf_lli.o
         6          0          0          0          0          0   _printf_llo.o
         6          0          0          0          0          0   _printf_llu.o
         6          0          0          0          0          0   _printf_llx.o
       124         16          0          0          0         92   _printf_longlong_dec.o
         6          0          0          0          0          0   _printf_ls.o
         6          0          0          0          0          0   _printf_n.o
         6          0          0          0          0          0   _printf_o.o
       112         10          0          0          0        124   _printf_oct_int_ll.o
         6          0          0          0          0          0   _printf_p.o
        78          0          0          0          0        108   _printf_pad.o
         0          0          0          0          0          0   _printf_percent.o
         4          0          0          0          0          0   _printf_percent_end.o
         6          0          0          0          0          0   _printf_s.o
        82          0          0          0          0         80   _printf_str.o
        36          0          0          0          0         84   _printf_truncate.o
         6          0          0          0          0          0   _printf_u.o
        44          0          0          0          0        108   _printf_wchar.o
       188          6          8          0          0         92   _printf_wctomb.o
         6          0          0          0          0          0   _printf_x.o
        10          0          0          0          0         68   _sputc.o
        64          0          0          0          0         92   _wcrtomb.o
       228          4        148          0          0         96   bigflt0.o
      1936        128          0          0          0        672   btod.o
        18          0          0          0          0         80   exit.o
         6          0          0          0          0        152   heapauxi.o
         0          0          0          0          0          0   indicate_semi.o
        44         10        272          0          0         76   lc_ctype_c.o
        44         10         28          0          0         76   lc_numeric_c.o
         2          0          0          0          0          0   libinit.o
        30          0          0          0          0          0   libinit2.o
         2          0          0          0          0          0   libshutdown.o
         2          0          0          0          0          0   libshutdown2.o
         8          4          0          0         96         68   libspace.o
       138          0          0          0          0         80   lludiv10.o
        16          4          0          0          0         76   rt_ctype_table.o
         8          4          0          0          0         68   rt_locale_intlibspace.o
        68          0          0          0          0         68   rt_memclr.o
        78          0          0          0          0         80   rt_memclr_w.o
       138          0          0          0          0         68   rt_memcpy_v6.o
       100          0          0          0          0         80   rt_memcpy_w.o
         2          0          0          0          0          0   rtexit.o
        10          0          0          0          0          0   rtexit2.o
       128          0          0          0          0         68   strcmpv7m.o
        72          0          0          0          0         80   strcpy.o
        62          0          0          0          0         76   strlen.o
        36          0          0          0          0         80   strstr.o
        12          4          0          0          0         68   sys_exit.o
        74          0          0          0          0         80   sys_stackheap_outer.o
         2          0          0          0          0         68   use_no_semi.o
        36          4          0          0          0         76   vsprintf.o
         4          0          0          0          0         68   printf1.o
         4          0          0          0          0         68   printf2.o
         0          0          0          0          0          0   usenofp.o
        40          0          0          0          0         68   fpclassify.o

    ----------------------------------------------------------------------
      7352        272        554          0        100       4712   Library Totals
        16          0          3          0          4          0   (incl. Padding)

    ----------------------------------------------------------------------

      Code (inc. data)   RO Data    RW Data    ZI Data      Debug   Library Name

      7288        272        551          0         96       4508   c_w.l
         8          0          0          0          0        136   fz_ws.l
        40          0          0          0          0         68   m_ws.l

    ----------------------------------------------------------------------
      7352        272        554          0        100       4712   Library Totals

    ----------------------------------------------------------------------

==============================================================================


      Code (inc. data)   RO Data    RW Data    ZI Data      Debug   

     19088       1212       1508         60      12284     549217   Grand Totals
     19088       1212       1508         60      12284     549217   ELF Image Totals
     19088       1212       1508         60          0          0   ROM Totals

==============================================================================

    Total RO  Size (Code + RO Data)                20596 (  20.11kB)
    Total RW  Size (RW Data + ZI Data)             12344 (  12.05kB)
    Total ROM Size (Code + RO Data + RW Data)      20656 (  20.17kB)

==============================================================================

